<html>
<body>
<pre>
<h1>µVision Build Log</h1>
<h2>Tool Versions:</h2>
IDE-Version: ¦ÌVision V5.36.0.0
Copyright (C) 2021 ARM Ltd and ARM Germany GmbH. All rights reserved.
License Information: DI XI, dixi, LIC=PE7DL-018LJ-FWE2N-YCP0E-8DHA2-W3KLY
 
Tool Versions:
Toolchain:       MDK-ARM Plus  Version: 5.36.0.0
Toolchain Path:  D:\MDK5.36\ARM\ARMCC\Bin
C Compiler:      Armcc.exe V5.06 update 7 (build 960)
Assembler:       Armasm.exe V5.06 update 7 (build 960)
Linker/Locator:  ArmLink.exe V5.06 update 7 (build 960)
Library Manager: ArmAr.exe V5.06 update 7 (build 960)
Hex Converter:   FromElf.exe V5.06 update 7 (build 960)
CPU DLL:         SARMCM3.DLL V5.36.0.0
Dialog DLL:      DCM.DLL V1.17.3.0
Target DLL:      STLink\ST-LINKIII-KEIL_SWO.dll V3.0.9.0
Dialog DLL:      TCM.DLL V1.53.0.0
 
<h2>Project:</h2>
C:\Keil_pm\2025STM32F407\prepareCode\25EDCForAdaF\Project\STM32F407_ProjectTemplate.uvprojx
Project File Date:  07/22/2025

<h2>Output:</h2>
*** Using Compiler 'V5.06 update 7 (build 960)', folder: 'D:\MDK5.36\ARM\ARMCC\Bin'
Build target 'ProjectTemplate'
compiling fft.c...
..\USER\src\fft.c(52): warning:  #1035-D: single-precision operand implicitly converted to double-precision
          if (data[i] > data[i - 1] && data[i] > data[i + 1] && data[i] >= 0.15)
..\USER\src\fft.c: 1 warning, 0 errors
compiling arm_cmsis_dsp.c...
..\USER\inc\arm_cmsis_dsp.h(922): warning:  #9-D: nested comment is not allowed
  			/*
..\USER\src\arm_cmsis_dsp.c: 1 warning, 0 errors
compiling main.c...
..\USER\inc\arm_cmsis_dsp.h(922): warning:  #9-D: nested comment is not allowed
  			/*
..\USER\inc\wavetest.h(61): warning:  #1295-D: Deprecated declaration wave_testv2 - give arg types
  void wave_testv2();
..\USER\inc\wavetest.h(62): warning:  #1295-D: Deprecated declaration wave_test_showinuart - give arg types
  void wave_test_showinuart();
..\USER\inc\wavetest.h(63): warning:  #1-D: last line of file ends without a newline
  #endif // __WAVETEST_H
..\Main\main.c(106): warning:  #1035-D: single-precision operand implicitly converted to double-precision
      rounded_fc = (int)((data + 2.5) / 5) * 5;
..\Main\main.c(222): warning:  #177-D: variable "ITER_NUM"  was declared but never referenced
  		u8 ITER_NUM = 4;
..\Main\main.c(331): warning:  #1-D: last line of file ends without a newline
  }
..\Main\main.c: 7 warnings, 0 errors
linking...
Program Size: Code=57504 RO-data=45048 RW-data=160 ZI-data=108152  
FromELF: creating hex file...
".\STM32F407_ProjectTemplate.axf" - 0 Error(s), 9 Warning(s).

<h2>Software Packages used:</h2>

Package Vendor: Keil
                http://www.keil.com/pack/Keil.STM32F4xx_DFP.2.15.0.pack
                Keil.STM32F4xx_DFP.2.15.0
                STMicroelectronics STM32F4 Series Device Support, Drivers and Examples

<h2>Collection of Component include folders:</h2>
  D:\MDK5.36\Packs\Keil\STM32F4xx_DFP\2.15.0\Drivers\CMSIS\Device\ST\STM32F4xx\Include

<h2>Collection of Component Files used:</h2>
Build Time Elapsed:  00:00:03
</pre>
</body>
</html>
