Component: ARM Compiler 5.06 update 7 (build 960) Tool: armlink [4d3601]

==============================================================================

Section Cross References

    common.o(.text) refers to misc.o(.text) for SysTick_CLKSourceConfig
    common.o(.text) refers to common.o(.data) for fac_us
    main.o(.text) refers to f2d.o(.text) for __aeabi_f2d
    main.o(.text) refers to dadd.o(.text) for __aeabi_dadd
    main.o(.text) refers to ddiv.o(.text) for __aeabi_ddiv
    main.o(.text) refers to dfixi.o(.text) for __aeabi_d2iz
    main.o(.text) refers to w25qxx.o(.text) for W25QXX_SectorWrite
    main.o(.text) refers to printfa.o(i.__0sprintf) for __2sprintf
    main.o(.text) refers to lcd.o(.text) for LCD_Fill_onecolor
    main.o(.text) refers to dfltui.o(.text) for __aeabi_ui2d
    main.o(.text) refers to dmul.o(.text) for __aeabi_dmul
    main.o(.text) refers to key.o(.text) for key_scan
    main.o(.text) refers to printfa.o(i.__0printf) for __2printf
    main.o(.text) refers to arm_cmsis_dsp.o(.text) for DSP_LMS_FILTER
    main.o(.text) refers to common.o(.text) for delay_init
    main.o(.text) refers to uart.o(.text) for uart4_init
    main.o(.text) refers to spi.o(.text) for SPI2_Init
    main.o(.text) refers to ad9833.o(.text) for AD9833_Init
    main.o(.text) refers to led.o(.text) for LED_Init
    main.o(.text) refers to adc.o(.text) for ADC1_Init
    main.o(.text) refers to timer.o(.text) for TIM2_Init
    main.o(.text) refers to dac.o(.text) for DAC1_Init
    main.o(.text) refers to pwm.o(.text) for TIM3_PWM_Init
    main.o(.text) refers to dac7612.o(.text) for DAC7612_Init
    main.o(.text) refers to memseta.o(.text) for __aeabi_memclr4
    main.o(.text) refers to arm_lms_init_f32.o(.text) for arm_lms_init_f32
    main.o(.text) refers to fft.o(.text) for DSP_FFT
    main.o(.text) refers to w25qxx.o(.data) for pBuffer
    main.o(.text) refers to uart.o(.bss) for String
    main.o(.text) refers to adc.o(.bss) for ADC1_Data_Rx
    main.o(.text) refers to key.o(.data) for keydown_data
    main.o(.text) refers to main.o(.bss) for dsp_workspace
    main.o(.text) refers to main.o(.data) for mu
    main.o(.text) refers to dma.o(.data) for DMA_FLAG
    system_stm32f4xx.o(.text) refers to system_stm32f4xx.o(.data) for SystemCoreClock
    startup_stm32f40_41xxx.o(RESET) refers to startup_stm32f40_41xxx.o(STACK) for __initial_sp
    startup_stm32f40_41xxx.o(RESET) refers to startup_stm32f40_41xxx.o(.text) for Reset_Handler
    startup_stm32f40_41xxx.o(RESET) refers to stm32f4xx_it.o(.text) for NMI_Handler
    startup_stm32f40_41xxx.o(RESET) refers to timer.o(.text) for TIM1_UP_TIM10_IRQHandler
    startup_stm32f40_41xxx.o(RESET) refers to dma.o(.text) for DMA2_Stream0_IRQHandler
    startup_stm32f40_41xxx.o(.text) refers to system_stm32f4xx.o(.text) for SystemInit
    startup_stm32f40_41xxx.o(.text) refers to entry.o(.ARM.Collect$$$$00000000) for __main
    stm32f4xx_gpio.o(.text) refers to stm32f4xx_rcc.o(.text) for RCC_AHB1PeriphResetCmd
    stm32f4xx_usart.o(.text) refers to stm32f4xx_rcc.o(.text) for RCC_APB2PeriphResetCmd
    stm32f4xx_adc.o(.text) refers to stm32f4xx_rcc.o(.text) for RCC_APB2PeriphResetCmd
    stm32f4xx_dac.o(.text) refers to stm32f4xx_rcc.o(.text) for RCC_APB1PeriphResetCmd
    stm32f4xx_rcc.o(.text) refers to stm32f4xx_rcc.o(.data) for APBAHBPrescTable
    stm32f4xx_spi.o(.text) refers to stm32f4xx_rcc.o(.text) for RCC_APB2PeriphResetCmd
    stm32f4xx_tim.o(.text) refers to stm32f4xx_rcc.o(.text) for RCC_APB2PeriphResetCmd
    stm32f4xx_fsmc.o(.text) refers to stm32f4xx_fsmc.o(.constdata) for FSMC_DefaultTimingStruct
    stm32f4xx_i2c.o(.text) refers to stm32f4xx_rcc.o(.text) for RCC_APB1PeriphResetCmd
    adc.o(.text) refers to stm32f4xx_rcc.o(.text) for RCC_AHB1PeriphClockCmd
    adc.o(.text) refers to stm32f4xx_gpio.o(.text) for GPIO_Init
    adc.o(.text) refers to stm32f4xx_adc.o(.text) for ADC_CommonInit
    adc.o(.text) refers to stm32f4xx_dma.o(.text) for DMA_ITConfig
    adc.o(.text) refers to dma.o(.text) for USER_DMA_Config
    adc.o(.text) refers to adc.o(.bss) for ADC1_Data_Rx
    dac.o(.text) refers to stm32f4xx_rcc.o(.text) for RCC_AHB1PeriphClockCmd
    dac.o(.text) refers to stm32f4xx_gpio.o(.text) for GPIO_Init
    dac.o(.text) refers to stm32f4xx_dac.o(.text) for DAC_Init
    dma.o(.text) refers to stm32f4xx_rcc.o(.text) for RCC_AHB1PeriphClockCmd
    dma.o(.text) refers to stm32f4xx_dma.o(.text) for DMA_DeInit
    dma.o(.text) refers to misc.o(.text) for NVIC_Init
    dma.o(.text) refers to dma.o(.data) for DMA_FLAG
    spi.o(.text) refers to stm32f4xx_spi.o(.text) for SPI_I2S_GetFlagStatus
    spi.o(.text) refers to stm32f4xx_rcc.o(.text) for RCC_AHB1PeriphClockCmd
    spi.o(.text) refers to stm32f4xx_gpio.o(.text) for GPIO_Init
    timer.o(.text) refers to stm32f4xx_rcc.o(.text) for RCC_APB1PeriphClockCmd
    timer.o(.text) refers to stm32f4xx_tim.o(.text) for TIM_TimeBaseInit
    timer.o(.text) refers to misc.o(.text) for NVIC_Init
[...]
    USART_ReceiverWakeUpCmd                  0x08001349   Thumb Code    24  stm32f4xx_usart.o(.text)
    USART_WakeUpConfig                       0x08001361   Thumb Code    18  stm32f4xx_usart.o(.text)
    USART_LINBreakDetectLengthConfig         0x08001373   Thumb Code    18  stm32f4xx_usart.o(.text)
    USART_LINCmd                             0x08001385   Thumb Code    24  stm32f4xx_usart.o(.text)
    USART_SendBreak                          0x0800139d   Thumb Code    10  stm32f4xx_usart.o(.text)
    USART_HalfDuplexCmd                      0x080013a7   Thumb Code    24  stm32f4xx_usart.o(.text)
    USART_SetGuardTime                       0x080013bf   Thumb Code    16  stm32f4xx_usart.o(.text)
    USART_SmartCardCmd                       0x080013cf   Thumb Code    24  stm32f4xx_usart.o(.text)
    USART_SmartCardNACKCmd                   0x080013e7   Thumb Code    24  stm32f4xx_usart.o(.text)
    USART_IrDAConfig                         0x080013ff   Thumb Code    18  stm32f4xx_usart.o(.text)
    USART_IrDACmd                            0x08001411   Thumb Code    24  stm32f4xx_usart.o(.text)
    USART_DMACmd                             0x08001429   Thumb Code    18  stm32f4xx_usart.o(.text)
    USART_ITConfig                           0x0800143b   Thumb Code    74  stm32f4xx_usart.o(.text)
    USART_GetFlagStatus                      0x08001485   Thumb Code    26  stm32f4xx_usart.o(.text)
    USART_ClearFlag                          0x0800149f   Thumb Code    18  stm32f4xx_usart.o(.text)
    USART_GetITStatus                        0x080014b1   Thumb Code   118  stm32f4xx_usart.o(.text)
    USART_ClearITPendingBit                  0x08001527   Thumb Code    30  stm32f4xx_usart.o(.text)
    ADC_DeInit                               0x08001545   Thumb Code    22  stm32f4xx_adc.o(.text)
    ADC_Init                                 0x0800155b   Thumb Code    74  stm32f4xx_adc.o(.text)
    ADC_StructInit                           0x080015a5   Thumb Code    20  stm32f4xx_adc.o(.text)
    ADC_CommonInit                           0x080015b9   Thumb Code    34  stm32f4xx_adc.o(.text)
    ADC_CommonStructInit                     0x080015db   Thumb Code    12  stm32f4xx_adc.o(.text)
    ADC_Cmd                                  0x080015e7   Thumb Code    22  stm32f4xx_adc.o(.text)
    ADC_AnalogWatchdogCmd                    0x080015fd   Thumb Code    16  stm32f4xx_adc.o(.text)
    ADC_AnalogWatchdogThresholdsConfig       0x0800160d   Thumb Code     6  stm32f4xx_adc.o(.text)
    ADC_AnalogWatchdogSingleChannelConfig    0x08001613   Thumb Code    16  stm32f4xx_adc.o(.text)
    ADC_TempSensorVrefintCmd                 0x08001623   Thumb Code    34  stm32f4xx_adc.o(.text)
    ADC_VBATCmd                              0x08001645   Thumb Code    34  stm32f4xx_adc.o(.text)
    ADC_RegularChannelConfig                 0x08001667   Thumb Code   184  stm32f4xx_adc.o(.text)
    ADC_SoftwareStartConv                    0x0800171f   Thumb Code    10  stm32f4xx_adc.o(.text)
    ADC_GetSoftwareStartConvStatus           0x08001729   Thumb Code    20  stm32f4xx_adc.o(.text)
    ADC_EOCOnEachRegularChannelCmd           0x0800173d   Thumb Code    22  stm32f4xx_adc.o(.text)
    ADC_ContinuousModeCmd                    0x08001753   Thumb Code    22  stm32f4xx_adc.o(.text)
    ADC_DiscModeChannelCountConfig           0x08001769   Thumb Code    24  stm32f4xx_adc.o(.text)
    ADC_DiscModeCmd                          0x08001781   Thumb Code    22  stm32f4xx_adc.o(.text)
    ADC_GetConversionValue                   0x08001797   Thumb Code     8  stm32f4xx_adc.o(.text)
    ADC_GetMultiModeConversionValue          0x0800179f   Thumb Code     8  stm32f4xx_adc.o(.text)
    ADC_DMACmd                               0x080017a7   Thumb Code    22  stm32f4xx_adc.o(.text)
    ADC_DMARequestAfterLastTransferCmd       0x080017bd   Thumb Code    22  stm32f4xx_adc.o(.text)
    ADC_MultiModeDMARequestAfterLastTransferCmd 0x080017d3   Thumb Code    34  stm32f4xx_adc.o(.text)
    ADC_InjectedChannelConfig                0x080017f5   Thumb Code   130  stm32f4xx_adc.o(.text)
    ADC_InjectedSequencerLengthConfig        0x08001877   Thumb Code    24  stm32f4xx_adc.o(.text)
    ADC_SetInjectedOffset                    0x0800188f   Thumb Code    20  stm32f4xx_adc.o(.text)
    ADC_ExternalTrigInjectedConvConfig       0x080018a3   Thumb Code    16  stm32f4xx_adc.o(.text)
    ADC_ExternalTrigInjectedConvEdgeConfig   0x080018b3   Thumb Code    16  stm32f4xx_adc.o(.text)
    ADC_SoftwareStartInjectedConv            0x080018c3   Thumb Code    10  stm32f4xx_adc.o(.text)
    ADC_GetSoftwareStartInjectedConvCmdStatus 0x080018cd   Thumb Code    20  stm32f4xx_adc.o(.text)
    ADC_AutoInjectedConvCmd                  0x080018e1   Thumb Code    22  stm32f4xx_adc.o(.text)
    ADC_InjectedDiscModeCmd                  0x080018f7   Thumb Code    22  stm32f4xx_adc.o(.text)
    ADC_GetInjectedConversionValue           0x0800190d   Thumb Code    28  stm32f4xx_adc.o(.text)
    ADC_ITConfig                             0x08001929   Thumb Code    56  stm32f4xx_adc.o(.text)
    ADC_GetFlagStatus                        0x08001961   Thumb Code    18  stm32f4xx_adc.o(.text)
    ADC_ClearFlag                            0x08001973   Thumb Code     6  stm32f4xx_adc.o(.text)
    ADC_GetITStatus                          0x08001979   Thumb Code    38  stm32f4xx_adc.o(.text)
    ADC_ClearITPendingBit                    0x0800199f   Thumb Code    10  stm32f4xx_adc.o(.text)
    DAC_DeInit                               0x080019a9   Thumb Code    22  stm32f4xx_dac.o(.text)
    DAC_Init                                 0x080019bf   Thumb Code    46  stm32f4xx_dac.o(.text)
    DAC_StructInit                           0x080019ed   Thumb Code    12  stm32f4xx_dac.o(.text)
    DAC_Cmd                                  0x080019f9   Thumb Code    34  stm32f4xx_dac.o(.text)
    DAC_SoftwareTriggerCmd                   0x08001a1b   Thumb Code    48  stm32f4xx_dac.o(.text)
    DAC_DualSoftwareTriggerCmd               0x08001a4b   Thumb Code    38  stm32f4xx_dac.o(.text)
    DAC_WaveGenerationCmd                    0x08001a71   Thumb Code    36  stm32f4xx_dac.o(.text)
    DAC_SetChannel1Data                      0x08001a95   Thumb Code    26  stm32f4xx_dac.o(.text)
    DAC_SetChannel2Data                      0x08001aaf   Thumb Code    26  stm32f4xx_dac.o(.text)
    DAC_SetDualChannelData                   0x08001ac9   Thumb Code    32  stm32f4xx_dac.o(.text)
    DAC_GetDataOutputValue                   0x08001ae9   Thumb Code    32  stm32f4xx_dac.o(.text)
    DAC_DMACmd                               0x08001b09   Thumb Code    38  stm32f4xx_dac.o(.text)
    DAC_ITConfig                             0x08001b2f   Thumb Code    36  stm32f4xx_dac.o(.text)
    DAC_GetFlagStatus                        0x08001b53   Thumb Code    28  stm32f4xx_dac.o(.text)
    DAC_ClearFlag                            0x08001b6f   Thumb Code    12  stm32f4xx_dac.o(.text)
    DAC_GetITStatus                          0x08001b7b   Thumb Code    44  stm32f4xx_dac.o(.text)
    DAC_ClearITPendingBit                    0x08001ba7   Thumb Code    12  stm32f4xx_dac.o(.text)
    RCC_DeInit                               0x08001bb9   Thumb Code    82  stm32f4xx_rcc.o(.text)
    RCC_HSEConfig                            0x08001c0b   Thumb Code    14  stm32f4xx_rcc.o(.text)
    RCC_GetFlagStatus                        0x08001c19   Thumb Code    60  stm32f4xx_rcc.o(.text)
    RCC_WaitForHSEStartUp                    0x08001c55   Thumb Code    56  stm32f4xx_rcc.o(.text)
    RCC_AdjustHSICalibrationValue            0x08001c8d   Thumb Code    20  stm32f4xx_rcc.o(.text)
    RCC_HSICmd                               0x08001ca1   Thumb Code     6  stm32f4xx_rcc.o(.text)
    RCC_LSEConfig                            0x08001ca7   Thumb Code    46  stm32f4xx_rcc.o(.text)
    RCC_LSICmd                               0x08001cd5   Thumb Code     6  stm32f4xx_rcc.o(.text)
    RCC_PLLConfig                            0x08001cdb   Thumb Code    32  stm32f4xx_rcc.o(.text)
    RCC_PLLCmd                               0x08001cfb   Thumb Code     6  stm32f4xx_rcc.o(.text)
    RCC_PLLI2SConfig                         0x08001d01   Thumb Code    14  stm32f4xx_rcc.o(.text)
    RCC_PLLI2SCmd                            0x08001d0f   Thumb Code     6  stm32f4xx_rcc.o(.text)
    RCC_PLLSAIConfig                         0x08001d15   Thumb Code    20  stm32f4xx_rcc.o(.text)
    RCC_PLLSAICmd                            0x08001d29   Thumb Code     6  stm32f4xx_rcc.o(.text)
    RCC_ClockSecuritySystemCmd               0x08001d2f   Thumb Code     6  stm32f4xx_rcc.o(.text)
    RCC_MCO1Config                           0x08001d35   Thumb Code    28  stm32f4xx_rcc.o(.text)
    RCC_MCO2Config                           0x08001d51   Thumb Code    28  stm32f4xx_rcc.o(.text)
    RCC_SYSCLKConfig                         0x08001d6d   Thumb Code    20  stm32f4xx_rcc.o(.text)
    RCC_GetSYSCLKSource                      0x08001d81   Thumb Code    12  stm32f4xx_rcc.o(.text)
    RCC_HCLKConfig                           0x08001d8d   Thumb Code    20  stm32f4xx_rcc.o(.text)
    RCC_PCLK1Config                          0x08001da1   Thumb Code    20  stm32f4xx_rcc.o(.text)
    RCC_PCLK2Config                          0x08001db5   Thumb Code    22  stm32f4xx_rcc.o(.text)
    RCC_GetClocksFreq                        0x08001dcb   Thumb Code   222  stm32f4xx_rcc.o(.text)
    RCC_RTCCLKConfig                         0x08001ea9   Thumb Code    54  stm32f4xx_rcc.o(.text)
    RCC_RTCCLKCmd                            0x08001edf   Thumb Code     8  stm32f4xx_rcc.o(.text)
    RCC_BackupResetCmd                       0x08001ee7   Thumb Code     8  stm32f4xx_rcc.o(.text)
    RCC_I2SCLKConfig                         0x08001eef   Thumb Code     6  stm32f4xx_rcc.o(.text)
    RCC_SAIPLLI2SClkDivConfig                0x08001ef5   Thumb Code    26  stm32f4xx_rcc.o(.text)
    RCC_SAIPLLSAIClkDivConfig                0x08001f0f   Thumb Code    28  stm32f4xx_rcc.o(.text)
    RCC_SAIBlockACLKConfig                   0x08001f2b   Thumb Code    20  stm32f4xx_rcc.o(.text)
    RCC_SAIBlockBCLKConfig                   0x08001f3f   Thumb Code    20  stm32f4xx_rcc.o(.text)
    RCC_LTDCCLKDivConfig                     0x08001f53   Thumb Code    20  stm32f4xx_rcc.o(.text)
    RCC_TIMCLKPresConfig                     0x08001f67   Thumb Code     6  stm32f4xx_rcc.o(.text)
    RCC_AHB1PeriphClockCmd                   0x08001f6d   Thumb Code    34  stm32f4xx_rcc.o(.text)
    RCC_AHB2PeriphClockCmd                   0x08001f8f   Thumb Code    78  stm32f4xx_rcc.o(.text)
    RCC_AHB3PeriphClockCmd                   0x08001fdd   Thumb Code    34  stm32f4xx_rcc.o(.text)
    RCC_APB1PeriphClockCmd                   0x08001fff   Thumb Code    34  stm32f4xx_rcc.o(.text)
    RCC_APB2PeriphClockCmd                   0x08002021   Thumb Code    34  stm32f4xx_rcc.o(.text)
    RCC_AHB1PeriphResetCmd                   0x08002043   Thumb Code    34  stm32f4xx_rcc.o(.text)
    RCC_AHB2PeriphResetCmd                   0x08002065   Thumb Code    34  stm32f4xx_rcc.o(.text)
    RCC_AHB3PeriphResetCmd                   0x08002087   Thumb Code    34  stm32f4xx_rcc.o(.text)
    RCC_APB1PeriphResetCmd                   0x080020a9   Thumb Code    34  stm32f4xx_rcc.o(.text)
    RCC_APB2PeriphResetCmd                   0x080020cb   Thumb Code    34  stm32f4xx_rcc.o(.text)
    RCC_AHB1PeriphClockLPModeCmd             0x080020ed   Thumb Code    34  stm32f4xx_rcc.o(.text)
    RCC_AHB2PeriphClockLPModeCmd             0x0800210f   Thumb Code    34  stm32f4xx_rcc.o(.text)
    RCC_AHB3PeriphClockLPModeCmd             0x08002131   Thumb Code    34  stm32f4xx_rcc.o(.text)
    RCC_APB1PeriphClockLPModeCmd             0x08002153   Thumb Code    34  stm32f4xx_rcc.o(.text)
    RCC_APB2PeriphClockLPModeCmd             0x08002175   Thumb Code    34  stm32f4xx_rcc.o(.text)
    RCC_LSEModeConfig                        0x08002197   Thumb Code    40  stm32f4xx_rcc.o(.text)
    RCC_ITConfig                             0x080021bf   Thumb Code    34  stm32f4xx_rcc.o(.text)
    RCC_ClearFlag                            0x080021e1   Thumb Code    18  stm32f4xx_rcc.o(.text)
    RCC_GetITStatus                          0x080021f3   Thumb Code    22  stm32f4xx_rcc.o(.text)
    RCC_ClearITPendingBit                    0x08002209   Thumb Code     8  stm32f4xx_rcc.o(.text)
    SPI_I2S_DeInit                           0x08002215   Thumb Code   152  stm32f4xx_spi.o(.text)
    SPI_Init                                 0x080022ad   Thumb Code    60  stm32f4xx_spi.o(.text)
    I2S_Init                                 0x080022e9   Thumb Code   396  stm32f4xx_spi.o(.text)
    SPI_StructInit                           0x08002475   Thumb Code    24  stm32f4xx_spi.o(.text)
    I2S_StructInit                           0x0800248d   Thumb Code    20  stm32f4xx_spi.o(.text)
    SPI_Cmd                                  0x080024a1   Thumb Code    24  stm32f4xx_spi.o(.text)
    I2S_Cmd                                  0x080024b9   Thumb Code    24  stm32f4xx_spi.o(.text)
    SPI_DataSizeConfig                       0x080024d1   Thumb Code    18  stm32f4xx_spi.o(.text)
    SPI_BiDirectionalLineConfig              0x080024e3   Thumb Code    28  stm32f4xx_spi.o(.text)
    SPI_NSSInternalSoftwareConfig            0x080024ff   Thumb Code    30  stm32f4xx_spi.o(.text)
    SPI_SSOutputCmd                          0x0800251d   Thumb Code    24  stm32f4xx_spi.o(.text)
    SPI_TIModeCmd                            0x08002535   Thumb Code    24  stm32f4xx_spi.o(.text)
    I2S_FullDuplexConfig                     0x0800254d   Thumb Code    80  stm32f4xx_spi.o(.text)
    SPI_I2S_ReceiveData                      0x0800259d   Thumb Code     6  stm32f4xx_spi.o(.text)
    SPI_I2S_SendData                         0x080025a3   Thumb Code     4  stm32f4xx_spi.o(.text)
    SPI_CalculateCRC                         0x080025a7   Thumb Code    24  stm32f4xx_spi.o(.text)
    SPI_TransmitCRC                          0x080025bf   Thumb Code    10  stm32f4xx_spi.o(.text)
    SPI_GetCRC                               0x080025c9   Thumb Code    16  stm32f4xx_spi.o(.text)
    SPI_GetCRCPolynomial                     0x080025d9   Thumb Code     6  stm32f4xx_spi.o(.text)
    SPI_I2S_DMACmd                           0x080025df   Thumb Code    18  stm32f4xx_spi.o(.text)
    SPI_I2S_ITConfig                         0x080025f1   Thumb Code    68  stm32f4xx_spi.o(.text)
    SPI_I2S_GetFlagStatus                    0x08002635   Thumb Code    18  stm32f4xx_spi.o(.text)
    SPI_I2S_ClearFlag                        0x08002647   Thumb Code     6  stm32f4xx_spi.o(.text)
    SPI_I2S_GetITStatus                      0x0800264d   Thumb Code    52  stm32f4xx_spi.o(.text)
    SPI_I2S_ClearITPendingBit                0x08002681   Thumb Code    20  stm32f4xx_spi.o(.text)
    TIM_DeInit                               0x08002695   Thumb Code   346  stm32f4xx_tim.o(.text)
    TIM_TimeBaseInit                         0x080027ef   Thumb Code   104  stm32f4xx_tim.o(.text)
    TIM_TimeBaseStructInit                   0x08002857   Thumb Code    18  stm32f4xx_tim.o(.text)
    TIM_PrescalerConfig                      0x08002869   Thumb Code     6  stm32f4xx_tim.o(.text)
    TIM_CounterModeConfig                    0x0800286f   Thumb Code    18  stm32f4xx_tim.o(.text)
    TIM_SetCounter                           0x08002881   Thumb Code     4  stm32f4xx_tim.o(.text)
    TIM_SetAutoreload                        0x08002885   Thumb Code     4  stm32f4xx_tim.o(.text)
    TIM_GetCounter                           0x08002889   Thumb Code     6  stm32f4xx_tim.o(.text)
    TIM_GetPrescaler                         0x0800288f   Thumb Code     6  stm32f4xx_tim.o(.text)
    TIM_UpdateDisableConfig                  0x08002895   Thumb Code    24  stm32f4xx_tim.o(.text)
    TIM_UpdateRequestConfig                  0x080028ad   Thumb Code    24  stm32f4xx_tim.o(.text)
    TIM_ARRPreloadConfig                     0x080028c5   Thumb Code    24  stm32f4xx_tim.o(.text)
    TIM_SelectOnePulseMode                   0x080028dd   Thumb Code    18  stm32f4xx_tim.o(.text)
    TIM_SetClockDivision                     0x080028ef   Thumb Code    18  stm32f4xx_tim.o(.text)
    TIM_Cmd                                  0x08002901   Thumb Code    24  stm32f4xx_tim.o(.text)
    TIM_OC1Init                              0x08002919   Thumb Code   114  stm32f4xx_tim.o(.text)
    TIM_OC2Init                              0x0800298b   Thumb Code   154  stm32f4xx_tim.o(.text)
    TIM_OC3Init                              0x08002a25   Thumb Code   204  stm32f4xx_tim.o(.text)
    TIM_OC4Init                              0x08002af1   Thumb Code   112  stm32f4xx_tim.o(.text)
    TIM_OCStructInit                         0x08002b61   Thumb Code    20  stm32f4xx_tim.o(.text)
    TIM_SelectOCxM                           0x08002b75   Thumb Code    86  stm32f4xx_tim.o(.text)
    TIM_SetCompare1                          0x08002bcb   Thumb Code     4  stm32f4xx_tim.o(.text)
    TIM_SetCompare2                          0x08002bcf   Thumb Code     4  stm32f4xx_tim.o(.text)
    TIM_SetCompare3                          0x08002bd3   Thumb Code     4  stm32f4xx_tim.o(.text)
    TIM_SetCompare4                          0x08002bd7   Thumb Code     4  stm32f4xx_tim.o(.text)
    TIM_ForcedOC1Config                      0x08002bdb   Thumb Code    18  stm32f4xx_tim.o(.text)
    TIM_ForcedOC2Config                      0x08002bed   Thumb Code    26  stm32f4xx_tim.o(.text)
    TIM_ForcedOC3Config                      0x08002c07   Thumb Code    18  stm32f4xx_tim.o(.text)
    TIM_ForcedOC4Config                      0x08002c19   Thumb Code    26  stm32f4xx_tim.o(.text)
    TIM_OC1PreloadConfig                     0x08002c33   Thumb Code    18  stm32f4xx_tim.o(.text)
    TIM_OC2PreloadConfig                     0x08002c45   Thumb Code    26  stm32f4xx_tim.o(.text)
    TIM_OC3PreloadConfig                     0x08002c5f   Thumb Code    18  stm32f4xx_tim.o(.text)
    TIM_OC4PreloadConfig                     0x08002c71   Thumb Code    26  stm32f4xx_tim.o(.text)
    TIM_OC1FastConfig                        0x08002c8b   Thumb Code    18  stm32f4xx_tim.o(.text)
    TIM_OC2FastConfig                        0x08002c9d   Thumb Code    26  stm32f4xx_tim.o(.text)
    TIM_OC3FastConfig                        0x08002cb7   Thumb Code    18  stm32f4xx_tim.o(.text)
    TIM_OC4FastConfig                        0x08002cc9   Thumb Code    26  stm32f4xx_tim.o(.text)
    TIM_ClearOC1Ref                          0x08002ce3   Thumb Code    18  stm32f4xx_tim.o(.text)
    TIM_ClearOC2Ref                          0x08002cf5   Thumb Code    24  stm32f4xx_tim.o(.text)
    TIM_ClearOC3Ref                          0x08002d0d   Thumb Code    18  stm32f4xx_tim.o(.text)
    TIM_ClearOC4Ref                          0x08002d1f   Thumb Code    24  stm32f4xx_tim.o(.text)
    TIM_OC1PolarityConfig                    0x08002d37   Thumb Code    18  stm32f4xx_tim.o(.text)
    TIM_OC1NPolarityConfig                   0x08002d49   Thumb Code    18  stm32f4xx_tim.o(.text)
    TIM_OC2PolarityConfig                    0x08002d5b   Thumb Code    26  stm32f4xx_tim.o(.text)
    TIM_OC2NPolarityConfig                   0x08002d75   Thumb Code    26  stm32f4xx_tim.o(.text)
    TIM_OC3PolarityConfig                    0x08002d8f   Thumb Code    26  stm32f4xx_tim.o(.text)
    TIM_OC3NPolarityConfig                   0x08002da9   Thumb Code    26  stm32f4xx_tim.o(.text)
    TIM_OC4PolarityConfig                    0x08002dc3   Thumb Code    26  stm32f4xx_tim.o(.text)
    TIM_CCxCmd                               0x08002ddd   Thumb Code    30  stm32f4xx_tim.o(.text)
    TIM_CCxNCmd                              0x08002dfb   Thumb Code    30  stm32f4xx_tim.o(.text)
    TIM_SetIC4Prescaler                      0x08002e19   Thumb Code    26  stm32f4xx_tim.o(.text)
    TIM_SetIC3Prescaler                      0x08002e83   Thumb Code    18  stm32f4xx_tim.o(.text)
    TIM_SetIC2Prescaler                      0x08002edd   Thumb Code    26  stm32f4xx_tim.o(.text)
    TIM_SetIC1Prescaler                      0x08002f51   Thumb Code    18  stm32f4xx_tim.o(.text)
    TIM_ICInit                               0x08002f9d   Thumb Code   110  stm32f4xx_tim.o(.text)
    TIM_ICStructInit                         0x0800300b   Thumb Code    18  stm32f4xx_tim.o(.text)
    TIM_PWMIConfig                           0x0800301d   Thumb Code   124  stm32f4xx_tim.o(.text)
    TIM_GetCapture1                          0x08003099   Thumb Code     6  stm32f4xx_tim.o(.text)
    TIM_GetCapture2                          0x0800309f   Thumb Code     6  stm32f4xx_tim.o(.text)
    TIM_GetCapture3                          0x080030a5   Thumb Code     6  stm32f4xx_tim.o(.text)
    TIM_GetCapture4                          0x080030ab   Thumb Code     6  stm32f4xx_tim.o(.text)
    TIM_BDTRConfig                           0x080030b1   Thumb Code    32  stm32f4xx_tim.o(.text)
    TIM_BDTRStructInit                       0x080030d1   Thumb Code    18  stm32f4xx_tim.o(.text)
    TIM_CtrlPWMOutputs                       0x080030e3   Thumb Code    30  stm32f4xx_tim.o(.text)
    TIM_SelectCOM                            0x08003101   Thumb Code    24  stm32f4xx_tim.o(.text)
    TIM_CCPreloadControl                     0x08003119   Thumb Code    24  stm32f4xx_tim.o(.text)
    TIM_ITConfig                             0x08003131   Thumb Code    18  stm32f4xx_tim.o(.text)
    TIM_GenerateEvent                        0x08003143   Thumb Code     4  stm32f4xx_tim.o(.text)
    TIM_GetFlagStatus                        0x08003147   Thumb Code    18  stm32f4xx_tim.o(.text)
    TIM_ClearFlag                            0x08003159   Thumb Code     6  stm32f4xx_tim.o(.text)
    TIM_GetITStatus                          0x0800315f   Thumb Code    34  stm32f4xx_tim.o(.text)
    TIM_ClearITPendingBit                    0x08003181   Thumb Code     6  stm32f4xx_tim.o(.text)
    TIM_DMAConfig                            0x08003187   Thumb Code    10  stm32f4xx_tim.o(.text)
    TIM_DMACmd                               0x08003191   Thumb Code    18  stm32f4xx_tim.o(.text)
    TIM_SelectCCDMA                          0x080031a3   Thumb Code    24  stm32f4xx_tim.o(.text)
    TIM_InternalClockConfig                  0x080031bb   Thumb Code    12  stm32f4xx_tim.o(.text)
    TIM_SelectInputTrigger                   0x080031c7   Thumb Code    18  stm32f4xx_tim.o(.text)
    TIM_ITRxExternalClockConfig              0x080031d9   Thumb Code    24  stm32f4xx_tim.o(.text)
    TIM_TIxExternalClockConfig               0x080031f1   Thumb Code    62  stm32f4xx_tim.o(.text)
    TIM_ETRConfig                            0x0800322f   Thumb Code    28  stm32f4xx_tim.o(.text)
    TIM_ETRClockMode1Config                  0x0800324b   Thumb Code    54  stm32f4xx_tim.o(.text)
    TIM_ETRClockMode2Config                  0x08003281   Thumb Code    32  stm32f4xx_tim.o(.text)
    TIM_SelectOutputTrigger                  0x080032a1   Thumb Code    18  stm32f4xx_tim.o(.text)
    TIM_SelectSlaveMode                      0x080032b3   Thumb Code    18  stm32f4xx_tim.o(.text)
    TIM_SelectMasterSlaveMode                0x080032c5   Thumb Code    18  stm32f4xx_tim.o(.text)
    TIM_EncoderInterfaceConfig               0x080032d7   Thumb Code    66  stm32f4xx_tim.o(.text)
    TIM_SelectHallSensor                     0x08003319   Thumb Code    24  stm32f4xx_tim.o(.text)
    TIM_RemapConfig                          0x08003331   Thumb Code     6  stm32f4xx_tim.o(.text)
    DMA_DeInit                               0x08003339   Thumb Code   324  stm32f4xx_dma.o(.text)
    DMA_Init                                 0x0800347d   Thumb Code    82  stm32f4xx_dma.o(.text)
    DMA_StructInit                           0x080034cf   Thumb Code    34  stm32f4xx_dma.o(.text)
    DMA_Cmd                                  0x080034f1   Thumb Code    22  stm32f4xx_dma.o(.text)
    DMA_PeriphIncOffsetSizeConfig            0x08003507   Thumb Code    22  stm32f4xx_dma.o(.text)
    DMA_FlowControllerConfig                 0x0800351d   Thumb Code    22  stm32f4xx_dma.o(.text)
    DMA_SetCurrDataCounter                   0x08003533   Thumb Code     4  stm32f4xx_dma.o(.text)
    DMA_GetCurrDataCounter                   0x08003537   Thumb Code     8  stm32f4xx_dma.o(.text)
    DMA_DoubleBufferModeConfig               0x0800353f   Thumb Code    24  stm32f4xx_dma.o(.text)
    DMA_DoubleBufferModeCmd                  0x08003557   Thumb Code    22  stm32f4xx_dma.o(.text)
    DMA_MemoryTargetConfig                   0x0800356d   Thumb Code    10  stm32f4xx_dma.o(.text)
    DMA_GetCurrentMemoryTarget               0x08003577   Thumb Code    20  stm32f4xx_dma.o(.text)
    DMA_GetCmdStatus                         0x0800358b   Thumb Code    20  stm32f4xx_dma.o(.text)
    DMA_GetFIFOStatus                        0x0800359f   Thumb Code    12  stm32f4xx_dma.o(.text)
    DMA_GetFlagStatus                        0x080035ab   Thumb Code    56  stm32f4xx_dma.o(.text)
    DMA_ClearFlag                            0x080035e3   Thumb Code    40  stm32f4xx_dma.o(.text)
    DMA_ITConfig                             0x0800360b   Thumb Code    58  stm32f4xx_dma.o(.text)
    DMA_GetITStatus                          0x08003645   Thumb Code    84  stm32f4xx_dma.o(.text)
    DMA_ClearITPendingBit                    0x08003699   Thumb Code    40  stm32f4xx_dma.o(.text)
    FSMC_NORSRAMDeInit                       0x080036e1   Thumb Code    54  stm32f4xx_fsmc.o(.text)
    FSMC_NORSRAMInit                         0x08003717   Thumb Code   230  stm32f4xx_fsmc.o(.text)
    FSMC_NORSRAMStructInit                   0x080037fd   Thumb Code    48  stm32f4xx_fsmc.o(.text)
    FSMC_NORSRAMCmd                          0x0800382d   Thumb Code    46  stm32f4xx_fsmc.o(.text)
    FSMC_NANDDeInit                          0x0800385b   Thumb Code    62  stm32f4xx_fsmc.o(.text)
    FSMC_NANDInit                            0x08003899   Thumb Code   132  stm32f4xx_fsmc.o(.text)
    FSMC_NANDStructInit                      0x0800391d   Thumb Code    54  stm32f4xx_fsmc.o(.text)
    FSMC_NANDCmd                             0x08003953   Thumb Code    86  stm32f4xx_fsmc.o(.text)
    FSMC_NANDECCCmd                          0x080039a9   Thumb Code    86  stm32f4xx_fsmc.o(.text)
    FSMC_GetECC                              0x080039ff   Thumb Code    24  stm32f4xx_fsmc.o(.text)
    FSMC_PCCARDDeInit                        0x08003a17   Thumb Code    36  stm32f4xx_fsmc.o(.text)
    FSMC_PCCARDInit                          0x08003a3b   Thumb Code   130  stm32f4xx_fsmc.o(.text)
    FSMC_PCCARDStructInit                    0x08003abd   Thumb Code    60  stm32f4xx_fsmc.o(.text)
    FSMC_PCCARDCmd                           0x08003af9   Thumb Code    44  stm32f4xx_fsmc.o(.text)
    FSMC_ITConfig                            0x08003b25   Thumb Code   128  stm32f4xx_fsmc.o(.text)
    FSMC_GetFlagStatus                       0x08003ba5   Thumb Code    54  stm32f4xx_fsmc.o(.text)
    FSMC_ClearFlag                           0x08003bdb   Thumb Code    74  stm32f4xx_fsmc.o(.text)
    FSMC_GetITStatus                         0x08003c25   Thumb Code    62  stm32f4xx_fsmc.o(.text)
    FSMC_ClearITPendingBit                   0x08003c63   Thumb Code    66  stm32f4xx_fsmc.o(.text)
    ADC1_Init                                0x08003ca9   Thumb Code   214  adc.o(.text)
    ADC3_Init                                0x08003d7f   Thumb Code   220  adc.o(.text)
    DAC1_Init                                0x08003e75   Thumb Code    82  dac.o(.text)
    USER_DMA_Config                          0x08003ecd   Thumb Code   222  dma.o(.text)
    USER_DMA_Enable                          0x08003fab   Thumb Code    44  dma.o(.text)
    DMA2_Stream0_IRQHandler                  0x08003fd7   Thumb Code    32  dma.o(.text)
    DMA2_Stream1_IRQHandler                  0x08003ff7   Thumb Code    32  dma.o(.text)
    SPI2_ReadWriteByte                       0x08004029   Thumb Code    48  spi.o(.text)
    SPI2_Init                                0x08004059   Thumb Code   226  spi.o(.text)
    SPI3_ReadWriteByte                       0x0800413b   Thumb Code    50  spi.o(.text)
    SPI3_Init                                0x0800416d   Thumb Code   208  spi.o(.text)
    TIM2_Init                                0x08004249   Thumb Code   122  timer.o(.text)
    TIM6_Init                                0x080042c3   Thumb Code    58  timer.o(.text)
    TIM4_Init                                0x080042fd   Thumb Code    82  timer.o(.text)
    kp_up                                    0x0800434f   Thumb Code    20  timer.o(.text)
    kp_down                                  0x08004363   Thumb Code    20  timer.o(.text)
    kd_up                                    0x08004377   Thumb Code    20  timer.o(.text)
    kd_down                                  0x0800438b   Thumb Code    20  timer.o(.text)
    TIM4_IRQHandler                          0x0800439f   Thumb Code    24  timer.o(.text)
    TIM7_Init                                0x080043b7   Thumb Code   100  timer.o(.text)
    TIM1_ETR_Init                            0x0800441b   Thumb Code   160  timer.o(.text)
    TIM7_IRQHandler                          0x080044bb   Thumb Code    54  timer.o(.text)
    TIM1_UP_TIM10_IRQHandler                 0x080044f1   Thumb Code    34  timer.o(.text)
    uart1_init                               0x08004545   Thumb Code   134  uart.o(.text)
    uart4_init                               0x080045cb   Thumb Code   134  uart.o(.text)
    uart1SendChar                            0x08004651   Thumb Code    20  uart.o(.text)
    uart4SendChar                            0x08004665   Thumb Code    22  uart.o(.text)
    uart1SendChars                           0x0800467b   Thumb Code    26  uart.o(.text)
    uart4SendChars                           0x08004695   Thumb Code    26  uart.o(.text)
    fputc                                    0x080046af   Thumb Code    30  uart.o(.text)
    LCD_WriteReg                             0x080046dd   Thumb Code    10  lcd.o(.text)
    LCD_ReadReg                              0x080046e7   Thumb Code    22  lcd.o(.text)
    lcdm_delay                               0x080046fd   Thumb Code    14  lcd.o(.text)
    LCD_WriteGRAM                            0x0800470b   Thumb Code    10  lcd.o(.text)
    LCD_DisplayOn                            0x08004715   Thumb Code     8  lcd.o(.text)
    LCD_DisplayOff                           0x0800471d   Thumb Code     8  lcd.o(.text)
    LCD_Open_Window                          0x08004725   Thumb Code   166  lcd.o(.text)
    Set_Scan_Direction                       0x080047cb   Thumb Code   204  lcd.o(.text)
    Set_Display_Mode                         0x08004897   Thumb Code   214  lcd.o(.text)
    LCD_SetCursor                            0x0800496d   Thumb Code   186  lcd.o(.text)
    LCD_GetPoint                             0x08004a27   Thumb Code   116  lcd.o(.text)
    LCD_DrawPoint                            0x08004a9b   Thumb Code    66  lcd.o(.text)
    LCD_DrawLine                             0x08004add   Thumb Code   176  lcd.o(.text)
    LCD_DrawRectangle                        0x08004b8d   Thumb Code    60  lcd.o(.text)
    LCD_Color_DrawPoint                      0x08004bc9   Thumb Code    30  lcd.o(.text)
    LCD_Color_DrawLine                       0x08004be7   Thumb Code   172  lcd.o(.text)
    LCD_Color_DrawRectangle                  0x08004c93   Thumb Code    74  lcd.o(.text)
    Ssd1963_Set_BackLight                    0x08004cdd   Thumb Code    32  lcd.o(.text)
    LCD_Clear                                0x08004cfd   Thumb Code    50  lcd.o(.text)
    LCD_FSMC_Config                          0x08004d2f   Thumb Code   524  lcd.o(.text)
    ILI9341_Read_id                          0x08004f3b   Thumb Code    30  lcd.o(.text)
    LCD_Init                                 0x08004f59   Thumb Code   988  lcd.o(.text)
    LCD_Fill_onecolor                        0x08005335   Thumb Code    82  lcd.o(.text)
    LCD_Draw_Picture                         0x08005387   Thumb Code    94  lcd.o(.text)
    LCD_DisplayChar                          0x080053e5   Thumb Code   220  lcd.o(.text)
    LCD_DisplayString                        0x080054c1   Thumb Code    64  lcd.o(.text)
    LCD_DisplayString_color                  0x08005501   Thumb Code    68  lcd.o(.text)
    Counter_Power                            0x08005545   Thumb Code    28  lcd.o(.text)
    LCD_DisplayNum                           0x08005561   Thumb Code   198  lcd.o(.text)
    LCD_DisplayNum_color                     0x08005627   Thumb Code    78  lcd.o(.text)
    W25QXX_ReadID                            0x08005695   Thumb Code    64  w25qxx.o(.text)
    W25QXX_Init                              0x080056d5   Thumb Code    66  w25qxx.o(.text)
    W25QXX_ReadSR                            0x08005717   Thumb Code    36  w25qxx.o(.text)
    W25QXX_Write_SR                          0x0800573b   Thumb Code    32  w25qxx.o(.text)
    W25QXX_Write_Enable                      0x0800575b   Thumb Code    24  w25qxx.o(.text)
    W25QXX_Wait_Busy                         0x08005773   Thumb Code    18  w25qxx.o(.text)
    W25QXX_Write_Disable                     0x08005785   Thumb Code    24  w25qxx.o(.text)
    W25QXX_Erase_Chip                        0x0800579d   Thumb Code    36  w25qxx.o(.text)
    W25QXX_Erase_Sector                      0x080057c1   Thumb Code    62  w25qxx.o(.text)
    W25QXX_PowerDown                         0x080057ff   Thumb Code    30  w25qxx.o(.text)
    W25QXX_WAKEUP                            0x0800581d   Thumb Code    30  w25qxx.o(.text)
    W25QXX_Read                              0x0800583b   Thumb Code    72  w25qxx.o(.text)
    W25QXX_Write_Page                        0x08005883   Thumb Code    78  w25qxx.o(.text)
    W25QXX_PageWrite                         0x080058d1   Thumb Code   290  w25qxx.o(.text)
    W25QXX_SectorWrite                       0x080059f3   Thumb Code   204  w25qxx.o(.text)
    LED_Init                                 0x08005ac1   Thumb Code    60  led.o(.text)
    KEY_Init                                 0x08005b01   Thumb Code    70  key.o(.text)
    key_scan                                 0x08005b47   Thumb Code   208  key.o(.text)
    arm_snr_f32                              0x08005c45   Thumb Code   266  math_helper.o(.text)
    arm_provide_guard_bits_q15               0x08005d4f   Thumb Code    26  math_helper.o(.text)
    arm_float_to_q12_20                      0x08005d69   Thumb Code   160  math_helper.o(.text)
    arm_compare_fixed_q15                    0x08005e09   Thumb Code    54  math_helper.o(.text)
    arm_compare_fixed_q31                    0x08005e3f   Thumb Code    54  math_helper.o(.text)
    arm_provide_guard_bits_q31               0x08005e75   Thumb Code    26  math_helper.o(.text)
    arm_provide_guard_bits_q7                0x08005e8f   Thumb Code    22  math_helper.o(.text)
    arm_calc_guard_bits                      0x08005ea5   Thumb Code    28  math_helper.o(.text)
    arm_calc_2pow                            0x08005ec1   Thumb Code    18  math_helper.o(.text)
    arm_apply_guard_bits                     0x08005ed3   Thumb Code    54  math_helper.o(.text)
    arm_float_to_q14                         0x08005f09   Thumb Code   166  math_helper.o(.text)
    arm_float_to_q30                         0x08005faf   Thumb Code   210  math_helper.o(.text)
    arm_float_to_q29                         0x08006081   Thumb Code   162  math_helper.o(.text)
    arm_float_to_q28                         0x08006123   Thumb Code   162  math_helper.o(.text)
    arm_clip_f32                             0x080061c5   Thumb Code    68  math_helper.o(.text)
    TIM3_PWM_Init                            0x08006211   Thumb Code   204  pwm.o(.text)
    DSP_ABS                                  0x080062e5   Thumb Code    20  arm_cmsis_dsp.o(.text)
    DSP_ADD                                  0x080062f9   Thumb Code    28  arm_cmsis_dsp.o(.text)
    DSP_CLIP                                 0x08006315   Thumb Code    40  arm_cmsis_dsp.o(.text)
    DSP_DOT                                  0x0800633d   Thumb Code    28  arm_cmsis_dsp.o(.text)
    DSP_MULT                                 0x08006359   Thumb Code    28  arm_cmsis_dsp.o(.text)
    DSP_NEG                                  0x08006375   Thumb Code    20  arm_cmsis_dsp.o(.text)
    DSP_OFFSET                               0x08006389   Thumb Code    36  arm_cmsis_dsp.o(.text)
    DSP_SCALE                                0x080063ad   Thumb Code    36  arm_cmsis_dsp.o(.text)
    DSP_SHIFT                                0x080063d1   Thumb Code    28  arm_cmsis_dsp.o(.text)
    DSP_SUB                                  0x080063ed   Thumb Code    28  arm_cmsis_dsp.o(.text)
    DSP_FILL                                 0x08006409   Thumb Code    32  arm_cmsis_dsp.o(.text)
    DSP_SUM                                  0x08006429   Thumb Code    56  arm_cmsis_dsp.o(.text)
    DSP_COS                                  0x08006461   Thumb Code    24  arm_cmsis_dsp.o(.text)
    DSP_SIN                                  0x08006479   Thumb Code    24  arm_cmsis_dsp.o(.text)
    DSP_SQRT                                 0x08006491   Thumb Code    36  arm_cmsis_dsp.o(.text)
    DSP_CMPLX_CONJ                           0x080064b5   Thumb Code    20  arm_cmsis_dsp.o(.text)
    DSP_CMPLX_DOT                            0x080064c9   Thumb Code    36  arm_cmsis_dsp.o(.text)
    DSP_CMPLX_MAG                            0x080064ed   Thumb Code    20  arm_cmsis_dsp.o(.text)
    DSP_CMPLX_MAG_SQ                         0x08006501   Thumb Code    20  arm_cmsis_dsp.o(.text)
    DSP_CM_MUL_CM                            0x08006515   Thumb Code    28  arm_cmsis_dsp.o(.text)
    DSP_CM_MUL_RE                            0x08006531   Thumb Code    28  arm_cmsis_dsp.o(.text)
    DSP_MAT_INIT                             0x0800654d   Thumb Code    28  arm_cmsis_dsp.o(.text)
    DSP_MAT_ADD                              0x08006569   Thumb Code    70  arm_cmsis_dsp.o(.text)
    DSP_MAT_SUB                              0x080065af   Thumb Code    70  arm_cmsis_dsp.o(.text)
    DSP_MAT_MUL                              0x080065f5   Thumb Code    70  arm_cmsis_dsp.o(.text)
    DSP_MAT_SCA                              0x0800663b   Thumb Code    64  arm_cmsis_dsp.o(.text)
    DSP_MAT_INV                              0x0800667b   Thumb Code    48  arm_cmsis_dsp.o(.text)
    DSP_MAT_TRA                              0x080066ab   Thumb Code    48  arm_cmsis_dsp.o(.text)
    DSP_MAX                                  0x080066db   Thumb Code    28  arm_cmsis_dsp.o(.text)
    DSP_MIN                                  0x080066f7   Thumb Code    28  arm_cmsis_dsp.o(.text)
    DSP_MEAN                                 0x08006713   Thumb Code    20  arm_cmsis_dsp.o(.text)
    DSP_POW                                  0x08006727   Thumb Code    20  arm_cmsis_dsp.o(.text)
    DSP_RMS                                  0x0800673b   Thumb Code    20  arm_cmsis_dsp.o(.text)
    DSP_STD                                  0x0800674f   Thumb Code    20  arm_cmsis_dsp.o(.text)
    DSP_VAR                                  0x08006763   Thumb Code    20  arm_cmsis_dsp.o(.text)
    DSP_COPY                                 0x08006777   Thumb Code    20  arm_cmsis_dsp.o(.text)
    DSP_LIN                                  0x0800678b   Thumb Code    84  arm_cmsis_dsp.o(.text)
    DSP_PID_Init                             0x080067df   Thumb Code    78  arm_cmsis_dsp.o(.text)
    DSP_PID_Compute                          0x0800682d   Thumb Code   166  arm_cmsis_dsp.o(.text)
    DSP_PID_Reset                            0x080068d3   Thumb Code    12  arm_cmsis_dsp.o(.text)
    DSP_PID_SIMU                             0x080068df   Thumb Code   178  arm_cmsis_dsp.o(.text)
    DSP_PID_DRAW                             0x08006991   Thumb Code   450  arm_cmsis_dsp.o(.text)
    DSP_CONV                                 0x08006b53   Thumb Code    36  arm_cmsis_dsp.o(.text)
    DSP_CONV_P                               0x08006b77   Thumb Code    40  arm_cmsis_dsp.o(.text)
    DSP_CORR                                 0x08006b9f   Thumb Code    36  arm_cmsis_dsp.o(.text)
    DSP_FIR_FIL                              0x08006bc3   Thumb Code   104  arm_cmsis_dsp.o(.text)
    DSP_FIR_DECIMATE                         0x08006c2b   Thumb Code   112  arm_cmsis_dsp.o(.text)
    DSP_FIR_INTERPOLATE                      0x08006c9b   Thumb Code   160  arm_cmsis_dsp.o(.text)
    DSP_LMS_FILTER                           0x08006d3b   Thumb Code   226  arm_cmsis_dsp.o(.text)
    DSP_LMS_NORM_FILTER                      0x08006e1d   Thumb Code   240  arm_cmsis_dsp.o(.text)
    DSP_LMS_DRAW                             0x08006f0d   Thumb Code   606  arm_cmsis_dsp.o(.text)
    DSP_FILT                                 0x0800716b   Thumb Code   126  arm_cmsis_dsp.o(.text)
    AD9833_Init                              0x0800728d   Thumb Code     8  ad9833.o(.text)
    AD9833_Send                              0x08007295   Thumb Code    60  ad9833.o(.text)
    AD9833_WaveOut                           0x080072d1   Thumb Code   218  ad9833.o(.text)
    DSP_FFT                                  0x080073c5   Thumb Code   214  fft.o(.text)
    find_max_value_500                       0x0800749b   Thumb Code   186  fft.o(.text)
    estimate_theoretical_amp                 0x080075b9   Thumb Code   386  fft.o(.text)
    Amp2Num                                  0x0800779f   Thumb Code   218  fft.o(.text)
    DAC7612_Write_Reg                        0x08007879   Thumb Code   124  dac7612.o(.text)
    DAC7612_Write_CHAB                       0x080078f5   Thumb Code    18  dac7612.o(.text)
    DAC7612_Init                             0x08007907   Thumb Code    74  dac7612.o(.text)
    DAC7612_Write_CHA                        0x08007951   Thumb Code    20  dac7612.o(.text)
    DAC7612_Write_CHB                        0x08007965   Thumb Code    20  dac7612.o(.text)
    arm_abs_f32                              0x08007985   Thumb Code   164  arm_abs_f32.o(.text)
    arm_add_f32                              0x08007a29   Thumb Code   210  arm_add_f32.o(.text)
    arm_dot_prod_f32                         0x08007afd   Thumb Code   256  arm_dot_prod_f32.o(.text)
    arm_mult_f32                             0x08007c01   Thumb Code   210  arm_mult_f32.o(.text)
    arm_negate_f32                           0x08007cd3   Thumb Code   164  arm_negate_f32.o(.text)
    arm_offset_f32                           0x08007d77   Thumb Code   164  arm_offset_f32.o(.text)
    arm_scale_f32                            0x08007e1d   Thumb Code   152  arm_scale_f32.o(.text)
    arm_shift_q31                            0x08007eb5   Thumb Code   304  arm_shift_q31.o(.text)
    arm_sub_f32                              0x08007fe5   Thumb Code   210  arm_sub_f32.o(.text)
    arm_cos_f32                              0x080080b9   Thumb Code   108  arm_cos_f32.o(.text)
    arm_sin_f32                              0x08008131   Thumb Code   104  arm_sin_f32.o(.text)
    arm_cmplx_conj_f32                       0x080081a5   Thumb Code   232  arm_cmplx_conj_f32.o(.text)
    arm_cmplx_dot_prod_f32                   0x0800828d   Thumb Code   216  arm_cmplx_dot_prod_f32.o(.text)
    arm_cmplx_mag_f32                        0x08008369   Thumb Code   246  arm_cmplx_mag_f32.o(.text)
    arm_cmplx_mag_squared_f32                0x08008465   Thumb Code   246  arm_cmplx_mag_squared_f32.o(.text)
    arm_cmplx_mult_cmplx_f32                 0x0800855d   Thumb Code   240  arm_cmplx_mult_cmplx_f32.o(.text)
    arm_cmplx_mult_real_f32                  0x0800864d   Thumb Code   228  arm_cmplx_mult_real_f32.o(.text)
    arm_conv_f32                             0x08008731   Thumb Code  1390  arm_conv_f32.o(.text)
    arm_conv_partial_f32                     0x08008ca1   Thumb Code  1478  arm_conv_partial_f32.o(.text)
    arm_correlate_f32                        0x08009269   Thumb Code  1420  arm_correlate_f32.o(.text)
    arm_fir_decimate_f32                     0x080097f5   Thumb Code  1086  arm_fir_decimate_f32.o(.text)
    arm_fir_decimate_init_f32                0x08009c33   Thumb Code    52  arm_fir_decimate_init_f32.o(.text)
    arm_fir_f32                              0x08009c69   Thumb Code  1330  arm_fir_f32.o(.text)
    arm_fir_init_f32                         0x0800a19b   Thumb Code    28  arm_fir_init_f32.o(.text)
    arm_fir_interpolate_f32                  0x0800a1b9   Thumb Code   854  arm_fir_interpolate_f32.o(.text)
    arm_fir_interpolate_init_f32             0x0800a515   Thumb Code    54  arm_fir_interpolate_init_f32.o(.text)
    arm_lms_f32                              0x0800a54d   Thumb Code   818  arm_lms_f32.o(.text)
    arm_lms_init_f32                         0x0800a885   Thumb Code    44  arm_lms_init_f32.o(.text)
    arm_lms_norm_f32                         0x0800a8b1   Thumb Code   966  arm_lms_norm_f32.o(.text)
    arm_lms_norm_init_f32                    0x0800ac81   Thumb Code    56  arm_lms_norm_init_f32.o(.text)
    arm_mat_add_f32                          0x0800acbd   Thumb Code   264  arm_mat_add_f32.o(.text)
    arm_mat_init_f32                         0x0800adc5   Thumb Code     8  arm_mat_init_f32.o(.text)
    arm_mat_inverse_f32                      0x0800adcd   Thumb Code  1328  arm_mat_inverse_f32.o(.text)
    arm_mat_mult_f32                         0x0800b2fd   Thumb Code   312  arm_mat_mult_f32.o(.text)
    arm_mat_scale_f32                        0x0800b439   Thumb Code   208  arm_mat_scale_f32.o(.text)
    arm_mat_sub_f32                          0x0800b509   Thumb Code   264  arm_mat_sub_f32.o(.text)
    arm_mat_trans_f32                        0x0800b611   Thumb Code   276  arm_mat_trans_f32.o(.text)
    arm_radix4_butterfly_f32                 0x0800b725   Thumb Code   800  arm_cfft_radix4_f32.o(.text)
    arm_radix4_butterfly_inverse_f32         0x0800ba45   Thumb Code   836  arm_cfft_radix4_f32.o(.text)
    arm_cfft_radix4_f32                      0x0800bd89   Thumb Code    60  arm_cfft_radix4_f32.o(.text)
    arm_cfft_radix4_init_f32                 0x0800bdc5   Thumb Code   146  arm_cfft_radix4_init_f32.o(.text)
    arm_pid_init_f32                         0x0800be85   Thumb Code    56  arm_pid_init_f32.o(.text)
    arm_pid_reset_f32                        0x0800bebd   Thumb Code    10  arm_pid_reset_f32.o(.text)
    arm_max_f32                              0x0800bec9   Thumb Code   216  arm_max_f32.o(.text)
    arm_mean_f32                             0x0800bfa1   Thumb Code   138  arm_mean_f32.o(.text)
    arm_min_f32                              0x0800c031   Thumb Code   216  arm_min_f32.o(.text)
    arm_power_f32                            0x0800c109   Thumb Code   198  arm_power_f32.o(.text)
    arm_rms_f32                              0x0800c1d5   Thumb Code   232  arm_rms_f32.o(.text)
    arm_std_f32                              0x0800c2c1   Thumb Code   304  arm_std_f32.o(.text)
    arm_var_f32                              0x0800c3f5   Thumb Code   286  arm_var_f32.o(.text)
    arm_copy_f32                             0x0800c519   Thumb Code   132  arm_copy_f32.o(.text)
    arm_fill_f32                             0x0800c59d   Thumb Code   148  arm_fill_f32.o(.text)
    arm_bitreversal_f32                      0x0800c631   Thumb Code   178  arm_bitreversal.o(.text)
    arm_bitreversal_q31                      0x0800c6e3   Thumb Code   170  arm_bitreversal.o(.text)
    arm_bitreversal_q15                      0x0800c78d   Thumb Code   122  arm_bitreversal.o(.text)
    __aeabi_llsl                             0x0800c807   Thumb Code    30  llshl.o(.text)
    _ll_shift_l                              0x0800c807   Thumb Code     0  llshl.o(.text)
    __aeabi_memset                           0x0800c825   Thumb Code    14  memseta.o(.text)
    __aeabi_memset4                          0x0800c825   Thumb Code     0  memseta.o(.text)
    __aeabi_memset8                          0x0800c825   Thumb Code     0  memseta.o(.text)
    __aeabi_memclr                           0x0800c833   Thumb Code     4  memseta.o(.text)
    __aeabi_memclr4                          0x0800c833   Thumb Code     0  memseta.o(.text)
    __aeabi_memclr8                          0x0800c833   Thumb Code     0  memseta.o(.text)
    _memset$wrapper                          0x0800c837   Thumb Code    18  memseta.o(.text)
    __aeabi_dadd                             0x0800c849   Thumb Code   322  dadd.o(.text)
    __aeabi_dsub                             0x0800c98b   Thumb Code     6  dadd.o(.text)
    __aeabi_drsub                            0x0800c991   Thumb Code     6  dadd.o(.text)
    __aeabi_dmul                             0x0800c997   Thumb Code   228  dmul.o(.text)
    __aeabi_ddiv                             0x0800ca7b   Thumb Code   222  ddiv.o(.text)
    __aeabi_i2d                              0x0800cb59   Thumb Code    34  dflti.o(.text)
    __aeabi_ui2d                             0x0800cb7b   Thumb Code    26  dfltui.o(.text)
    __aeabi_d2iz                             0x0800cb95   Thumb Code    62  dfixi.o(.text)
    __aeabi_f2d                              0x0800cbd3   Thumb Code    38  f2d.o(.text)
    __aeabi_cdrcmple                         0x0800cbf9   Thumb Code    48  cdrcmple.o(.text)
    __aeabi_d2f                              0x0800cc29   Thumb Code    56  d2f.o(.text)
    __aeabi_uidiv                            0x0800cc61   Thumb Code     0  uidiv.o(.text)
    __aeabi_uidivmod                         0x0800cc61   Thumb Code    44  uidiv.o(.text)
    __aeabi_uldivmod                         0x0800cc8d   Thumb Code    98  uldiv.o(.text)
    __aeabi_llsr                             0x0800ccef   Thumb Code    32  llushr.o(.text)
    _ll_ushift_r                             0x0800ccef   Thumb Code     0  llushr.o(.text)
    __aeabi_lasr                             0x0800cd0f   Thumb Code    36  llsshr.o(.text)
    _ll_sshift_r                             0x0800cd0f   Thumb Code     0  llsshr.o(.text)
    __I$use$fp                               0x0800cd33   Thumb Code     0  iusefp.o(.text)
    _float_round                             0x0800cd33   Thumb Code    18  fepilogue.o(.text)
    _float_epilogue                          0x0800cd45   Thumb Code    92  fepilogue.o(.text)
    _double_round                            0x0800cda1   Thumb Code    30  depilogue.o(.text)
    _double_epilogue                         0x0800cdbf   Thumb Code   156  depilogue.o(.text)
    __aeabi_d2ulz                            0x0800ce5b   Thumb Code    48  dfixul.o(.text)
    __scatterload                            0x0800ce8d   Thumb Code    28  init.o(.text)
    __scatterload_rt2                        0x0800ce8d   Thumb Code     0  init.o(.text)
    __aeabi_cdcmpeq                          0x0800ceb1   Thumb Code     0  cdcmple.o(.text)
    __aeabi_cdcmple                          0x0800ceb1   Thumb Code    48  cdcmple.o(.text)
    __0printf                                0x0800cee1   Thumb Code    22  printfa.o(i.__0printf)
    __1printf                                0x0800cee1   Thumb Code     0  printfa.o(i.__0printf)
    __2printf                                0x0800cee1   Thumb Code     0  printfa.o(i.__0printf)
    __c89printf                              0x0800cee1   Thumb Code     0  printfa.o(i.__0printf)
    printf                                   0x0800cee1   Thumb Code     0  printfa.o(i.__0printf)
    __0sprintf                               0x0800cf01   Thumb Code    34  printfa.o(i.__0sprintf)
    __1sprintf                               0x0800cf01   Thumb Code     0  printfa.o(i.__0sprintf)
    __2sprintf                               0x0800cf01   Thumb Code     0  printfa.o(i.__0sprintf)
    __c89sprintf                             0x0800cf01   Thumb Code     0  printfa.o(i.__0sprintf)
    sprintf                                  0x0800cf01   Thumb Code     0  printfa.o(i.__0sprintf)
    __ARM_fpclassifyf                        0x0800cf29   Thumb Code    38  fpclassifyf.o(i.__ARM_fpclassifyf)
    __hardfp_log                             0x0800cf51   Thumb Code   872  log.o(i.__hardfp_log)
    __hardfp_log10                           0x0800d319   Thumb Code   260  log10.o(i.__hardfp_log10)
    __hardfp_sinf                            0x0800d449   Thumb Code   344  sinf.o(i.__hardfp_sinf)
    __kernel_poly                            0x0800d5d9   Thumb Code   248  poly.o(i.__kernel_poly)
    __mathlib_dbl_divzero                    0x0800d6d1   Thumb Code    28  dunder.o(i.__mathlib_dbl_divzero)
    __mathlib_dbl_infnan                     0x0800d701   Thumb Code    20  dunder.o(i.__mathlib_dbl_infnan)
    __mathlib_dbl_invalid                    0x0800d719   Thumb Code    24  dunder.o(i.__mathlib_dbl_invalid)
    __mathlib_flt_infnan                     0x0800d739   Thumb Code     6  funder.o(i.__mathlib_flt_infnan)
    __mathlib_flt_invalid                    0x0800d741   Thumb Code    10  funder.o(i.__mathlib_flt_invalid)
    __mathlib_flt_underflow                  0x0800d751   Thumb Code    10  funder.o(i.__mathlib_flt_underflow)
    __mathlib_rredf2                         0x0800d761   Thumb Code   316  rredf.o(i.__mathlib_rredf2)
    __scatterload_copy                       0x0800d8b5   Thumb Code    14  handlers.o(i.__scatterload_copy)
    __scatterload_null                       0x0800d8c3   Thumb Code     2  handlers.o(i.__scatterload_null)
    __scatterload_zeroinit                   0x0800d8c5   Thumb Code    14  handlers.o(i.__scatterload_zeroinit)
    __set_errno                              0x0800d8d5   Thumb Code     6  errno.o(i.__set_errno)
    free                                     0x0800e175   Thumb Code    76  malloc.o(i.free)
    log                                      0x0800e1c5   Thumb Code    16  log.o(i.log)
    malloc                                   0x0800e1d5   Thumb Code    92  malloc.o(i.malloc)
    FSMC_DefaultTimingStruct                 0x0800e240   Data          28  stm32f4xx_fsmc.o(.constdata)
    char_1206                                0x0800e25c   Data        1140  lcd.o(.constdata)
    char_1608                                0x0800e6d0   Data        1520  lcd.o(.constdata)
    char_2412                                0x0800ecc0   Data        4560  lcd.o(.constdata)
    freq_table_kHz                           0x0800fe90   Data          28  fft.o(.constdata)
    amp_table_V                              0x0800feac   Data          28  fft.o(.constdata)
    meas_table                               0x0800fec8   Data         196  fft.o(.constdata)
    amp2num_table_num                        0x0800ff8c   Data          68  fft.o(.constdata)
    amp2num_table_amp                        0x0800ffd0   Data          68  fft.o(.constdata)
    armBitRevTable                           0x08010014   Data        2048  arm_common_tables.o(.constdata)
    twiddleCoef_4096                         0x08010814   Data       32768  arm_common_tables.o(.constdata)
    sinTable_f32                             0x08018814   Data        2052  arm_common_tables.o(.constdata)
    __mathlib_zero                           0x08019070   Data           8  qnan.o(.constdata)
    Region$$Table$$Base                      0x08019078   Number         0  anon$$obj.o(Region$$Table)
    Region$$Table$$Limit                     0x08019098   Number         0  anon$$obj.o(Region$$Table)
    mu                                       0x20000004   Data           4  main.o(.data)
    cntForAmp                                0x20000008   Data           2  main.o(.data)
    SystemCoreClock                          0x2000000c   Data           4  system_stm32f4xx.o(.data)
    AHBPrescTable                            0x20000010   Data          16  system_stm32f4xx.o(.data)
    DMA_FLAG                                 0x20000030   Data           2  dma.o(.data)
    kp                                       0x20000034   Data           4  timer.o(.data)
    ki                                       0x20000038   Data           4  timer.o(.data)
    kd                                       0x2000003c   Data           4  timer.o(.data)
    BRUSH_COLOR                              0x20000040   Data           2  lcd.o(.data)
    BACK_COLOR                               0x20000042   Data           2  lcd.o(.data)
    lcd_id                                   0x20000044   Data           2  lcd.o(.data)
    dir_flag                                 0x20000046   Data           1  lcd.o(.data)
    lcd_width                                0x20000048   Data           2  lcd.o(.data)
    lcd_height                               0x2000004a   Data           2  lcd.o(.data)
    write_gramcmd                            0x2000004c   Data           2  lcd.o(.data)
    setxcmd                                  0x2000004e   Data           2  lcd.o(.data)
    setycmd                                  0x20000050   Data           2  lcd.o(.data)
    W25QXX_ID                                0x20000052   Data           2  w25qxx.o(.data)
    pBuffer                                  0x20000054   Data           2  w25qxx.o(.data)
    DataBuffer                               0x20000056   Data           2  w25qxx.o(.data)
    keydown_data                             0x20000058   Data           1  key.o(.data)
    keyup_data                               0x20000059   Data           1  key.o(.data)
    key_time                                 0x2000005a   Data           2  key.o(.data)
    key_tem                                  0x2000005c   Data           1  key.o(.data)
    key_bak                                  0x2000005d   Data           1  key.o(.data)
    alpha                                    0x2000006c   Data           4  arm_cmsis_dsp.o(.data)
    a1                                       0x20000070   Data           4  arm_cmsis_dsp.o(.data)
    a2                                       0x20000074   Data           4  arm_cmsis_dsp.o(.data)
    b                                        0x20000078   Data           4  arm_cmsis_dsp.o(.data)
    flag_FIL                                 0x2000007c   Data           1  arm_cmsis_dsp.o(.data)
    pFIL                                     0x2000007d   Data           1  arm_cmsis_dsp.o(.data)
    cntTIM1_ETR                              0x20000080   Data           4  freqmeas.o(.data)
    timesTIM1_UpOverLoad                     0x20000084   Data           4  freqmeas.o(.data)
    cntTIM7_Std                              0x20000088   Data           4  freqmeas.o(.data)
    timesTIM7_UpOverLoad                     0x2000008c   Data           4  freqmeas.o(.data)
    overtimeFlag                             0x20000090   Data           4  freqmeas.o(.data)
    __stdout                                 0x20000094   Data           4  stdout.o(.data)
    __microlib_freelist                      0x20000098   Data           4  mvars.o(.data)
    __microlib_freelist_initialised          0x2000009c   Data           4  mvars.o(.data)
    String1                                  0x200000a4   Data         100  main.o(.bss)
    String2                                  0x20000108   Data         100  main.o(.bss)
    String3                                  0x2000016c   Data         100  main.o(.bss)
    dsp_workspace                            0x200001d0   Data       82940  main.o(.bss)
    S                                        0x200145cc   Data          16  main.o(.bss)
    y_in_buf                                 0x200145dc   Data         920  main.o(.bss)
    y_out_buf                                0x20014974   Data         920  main.o(.bss)
    ADC1_Data_Rx                             0x20014d0c   Data        8192  adc.o(.bss)
    ADC3_Data_Rx                             0x20016d0c   Data        8192  adc.o(.bss)
    String                                   0x20018d0c   Data         100  uart.o(.bss)
    TS_BUFFER                                0x20018d70   Data        4096  w25qxx.o(.bss)
    y_buff                                   0x20019d70   Data         924  arm_cmsis_dsp.o(.bss)
    FIL_data                                 0x2001a10c   Data          16  arm_cmsis_dsp.o(.bss)
    __heap_base                              0x2001a120   Data           0  startup_stm32f40_41xxx.o(HEAP)
    __heap_limit                             0x2001a320   Data           0  startup_stm32f40_41xxx.o(HEAP)
    __initial_sp                             0x2001a720   Data           0  startup_stm32f40_41xxx.o(STACK)



==============================================================================

Memory Map of the image

  Image Entry point : 0x08000189

  Load Region LR_IROM1 (Base: 0x08000000, Size: 0x0001913c, Max: 0x00100000, ABSOLUTE)

    Execution Region ER_IROM1 (Exec base: 0x08000000, Load base: 0x08000000, Size: 0x00019098, Max: 0x00100000, ABSOLUTE)

    Exec Addr    Load Addr    Size         Type   Attr      Idx    E Section Name        Object

    0x08000000   0x08000000   0x00000188   Data   RO          414    RESET               startup_stm32f40_41xxx.o
    0x08000188   0x08000188   0x00000000   Code   RO         2653  * .ARM.Collect$$$$00000000  mc_w.l(entry.o)
    0x08000188   0x08000188   0x00000004   Code   RO         3014    .ARM.Collect$$$$00000001  mc_w.l(entry2.o)
    0x0800018c   0x0800018c   0x00000004   Code   RO         3017    .ARM.Collect$$$$00000004  mc_w.l(entry5.o)
    0x08000190   0x08000190   0x00000000   Code   RO         3019    .ARM.Collect$$$$00000008  mc_w.l(entry7b.o)
    0x08000190   0x08000190   0x00000000   Code   RO         3021    .ARM.Collect$$$$0000000A  mc_w.l(entry8b.o)
    0x08000190   0x08000190   0x00000008   Code   RO         3022    .ARM.Collect$$$$0000000B  mc_w.l(entry9a.o)
    0x08000198   0x08000198   0x00000004   Code   RO         3029    .ARM.Collect$$$$0000000E  mc_w.l(entry12b.o)
    0x0800019c   0x0800019c   0x00000000   Code   RO         3024    .ARM.Collect$$$$0000000F  mc_w.l(entry10a.o)
    0x0800019c   0x0800019c   0x00000000   Code   RO         3026    .ARM.Collect$$$$00000011  mc_w.l(entry11a.o)
    0x0800019c   0x0800019c   0x00000004   Code   RO         3015    .ARM.Collect$$$$00002712  mc_w.l(entry2.o)
    0x080001a0   0x080001a0   0x0000031c   Code   RO            4    .text               common.o
    0x080004bc   0x080004bc   0x00000670   Code   RO          139    .text               main.o
    0x08000b2c   0x08000b2c   0x0000001a   Code   RO          365    .text               stm32f4xx_it.o
    0x08000b46   0x08000b46   0x00000002   PAD
    0x08000b48   0x08000b48   0x00000210   Code   RO          388    .text               system_stm32f4xx.o
    0x08000d58   0x08000d58   0x00000024   Code   RO          415    .text               startup_stm32f40_41xxx.o
    0x08000d7c   0x08000d7c   0x000000e0   Code   RO          421    .text               misc.o
    0x08000e5c   0x08000e5c   0x00000294   Code   RO          441    .text               stm32f4xx_gpio.o
    0x080010f0   0x080010f0   0x00000454   Code   RO          461    .text               stm32f4xx_usart.o
    0x08001544   0x08001544   0x00000464   Code   RO          481    .text               stm32f4xx_adc.o
    0x080019a8   0x080019a8   0x00000210   Code   RO          501    .text               stm32f4xx_dac.o
    0x08001bb8   0x08001bb8   0x0000065c   Code   RO          521    .text               stm32f4xx_rcc.o
    0x08002214   0x08002214   0x00000480   Code   RO          543    .text               stm32f4xx_spi.o
    0x08002694   0x08002694   0x00000ca2   Code   RO          563    .text               stm32f4xx_tim.o
    0x08003336   0x08003336   0x00000002   PAD
    0x08003338   0x08003338   0x000003a8   Code   RO          583    .text               stm32f4xx_dma.o
    0x080036e0   0x080036e0   0x000005c8   Code   RO          603    .text               stm32f4xx_fsmc.o
    0x08003ca8   0x08003ca8   0x000001cc   Code   RO          646    .text               adc.o
    0x08003e74   0x08003e74   0x00000058   Code   RO          687    .text               dac.o
    0x08003ecc   0x08003ecc   0x0000015c   Code   RO          717    .text               dma.o
    0x08004028   0x08004028   0x00000220   Code   RO          743    .text               spi.o
    0x08004248   0x08004248   0x000002fc   Code   RO          766    .text               timer.o
    0x08004544   0x08004544   0x00000198   Code   RO          800    .text               uart.o
    0x080046dc   0x080046dc   0x00000fb8   Code   RO          830    .text               lcd.o
    0x08005694   0x08005694   0x0000042a   Code   RO          883    .text               w25qxx.o
    0x08005abe   0x08005abe   0x00000002   PAD
    0x08005ac0   0x08005ac0   0x00000040   Code   RO          910    .text               led.o
    0x08005b00   0x08005b00   0x00000144   Code   RO          933    .text               key.o
    0x08005c44   0x08005c44   0x000005cc   Code   RO         1074    .text               math_helper.o
    0x08006210   0x08006210   0x000000d4   Code   RO         1123    .text               pwm.o
    0x080062e4   0x080062e4   0x00000fa8   Code   RO         1150    .text               arm_cmsis_dsp.o
    0x0800728c   0x0800728c   0x00000138   Code   RO         1191    .text               ad9833.o
    0x080073c4   0x080073c4   0x000004b4   Code   RO         1214    .text               fft.o
    0x08007878   0x08007878   0x0000010c   Code   RO         1267    .text               dac7612.o
    0x08007984   0x08007984   0x000000a4   Code   RO         1291    .text               arm_cortexM4lf_math.lib(arm_abs_f32.o)
    0x08007a28   0x08007a28   0x000000d2   Code   RO         1340    .text               arm_cortexM4lf_math.lib(arm_add_f32.o)
    0x08007afa   0x08007afa   0x00000002   PAD
    0x08007afc   0x08007afc   0x00000104   Code   RO         1364    .text               arm_cortexM4lf_math.lib(arm_dot_prod_f32.o)
    0x08007c00   0x08007c00   0x000000d2   Code   RO         1388    .text               arm_cortexM4lf_math.lib(arm_mult_f32.o)
    0x08007cd2   0x08007cd2   0x000000a4   Code   RO         1412    .text               arm_cortexM4lf_math.lib(arm_negate_f32.o)
    0x08007d76   0x08007d76   0x000000a4   Code   RO         1436    .text               arm_cortexM4lf_math.lib(arm_offset_f32.o)
    0x08007e1a   0x08007e1a   0x00000002   PAD
    0x08007e1c   0x08007e1c   0x00000098   Code   RO         1460    .text               arm_cortexM4lf_math.lib(arm_scale_f32.o)
    0x08007eb4   0x08007eb4   0x00000130   Code   RO         1484    .text               arm_cortexM4lf_math.lib(arm_shift_q31.o)
    0x08007fe4   0x08007fe4   0x000000d2   Code   RO         1511    .text               arm_cortexM4lf_math.lib(arm_sub_f32.o)
    0x080080b6   0x080080b6   0x00000002   PAD
    0x080080b8   0x080080b8   0x00000078   Code   RO         1535    .text               arm_cortexM4lf_math.lib(arm_cos_f32.o)
    0x08008130   0x08008130   0x00000074   Code   RO         1563    .text               arm_cortexM4lf_math.lib(arm_sin_f32.o)
    0x080081a4   0x080081a4   0x000000e8   Code   RO         1587    .text               arm_cortexM4lf_math.lib(arm_cmplx_conj_f32.o)
    0x0800828c   0x0800828c   0x000000dc   Code   RO         1611    .text               arm_cortexM4lf_math.lib(arm_cmplx_dot_prod_f32.o)
    0x08008368   0x08008368   0x000000fc   Code   RO         1635    .text               arm_cortexM4lf_math.lib(arm_cmplx_mag_f32.o)
    0x08008464   0x08008464   0x000000f6   Code   RO         1662    .text               arm_cortexM4lf_math.lib(arm_cmplx_mag_squared_f32.o)
    0x0800855a   0x0800855a   0x00000002   PAD
    0x0800855c   0x0800855c   0x000000f0   Code   RO         1686    .text               arm_cortexM4lf_math.lib(arm_cmplx_mult_cmplx_f32.o)
    0x0800864c   0x0800864c   0x000000e4   Code   RO         1710    .text               arm_cortexM4lf_math.lib(arm_cmplx_mult_real_f32.o)
    0x08008730   0x08008730   0x0000056e   Code   RO         1734    .text               arm_cortexM4lf_math.lib(arm_conv_f32.o)
    0x08008c9e   0x08008c9e   0x00000002   PAD
    0x08008ca0   0x08008ca0   0x000005c6   Code   RO         1758    .text               arm_cortexM4lf_math.lib(arm_conv_partial_f32.o)
    0x08009266   0x08009266   0x00000002   PAD
    0x08009268   0x08009268   0x0000058c   Code   RO         1782    .text               arm_cortexM4lf_math.lib(arm_correlate_f32.o)
    0x080097f4   0x080097f4   0x0000043e   Code   RO         1806    .text               arm_cortexM4lf_math.lib(arm_fir_decimate_f32.o)
    0x08009c32   0x08009c32   0x00000034   Code   RO         1830    .text               arm_cortexM4lf_math.lib(arm_fir_decimate_init_f32.o)
    0x08009c66   0x08009c66   0x00000002   PAD
    0x08009c68   0x08009c68   0x00000532   Code   RO         1854    .text               arm_cortexM4lf_math.lib(arm_fir_f32.o)
    0x0800a19a   0x0800a19a   0x0000001c   Code   RO         1878    .text               arm_cortexM4lf_math.lib(arm_fir_init_f32.o)
    0x0800a1b6   0x0800a1b6   0x00000002   PAD
    0x0800a1b8   0x0800a1b8   0x0000035c   Code   RO         1902    .text               arm_cortexM4lf_math.lib(arm_fir_interpolate_f32.o)
    0x0800a514   0x0800a514   0x00000036   Code   RO         1926    .text               arm_cortexM4lf_math.lib(arm_fir_interpolate_init_f32.o)
    0x0800a54a   0x0800a54a   0x00000002   PAD
    0x0800a54c   0x0800a54c   0x00000338   Code   RO         1950    .text               arm_cortexM4lf_math.lib(arm_lms_f32.o)
    0x0800a884   0x0800a884   0x0000002c   Code   RO         1974    .text               arm_cortexM4lf_math.lib(arm_lms_init_f32.o)
    0x0800a8b0   0x0800a8b0   0x000003d0   Code   RO         1998    .text               arm_cortexM4lf_math.lib(arm_lms_norm_f32.o)
    0x0800ac80   0x0800ac80   0x0000003c   Code   RO         2022    .text               arm_cortexM4lf_math.lib(arm_lms_norm_init_f32.o)
    0x0800acbc   0x0800acbc   0x00000108   Code   RO         2046    .text               arm_cortexM4lf_math.lib(arm_mat_add_f32.o)
    0x0800adc4   0x0800adc4   0x00000008   Code   RO         2070    .text               arm_cortexM4lf_math.lib(arm_mat_init_f32.o)
    0x0800adcc   0x0800adcc   0x00000530   Code   RO         2094    .text               arm_cortexM4lf_math.lib(arm_mat_inverse_f32.o)
    0x0800b2fc   0x0800b2fc   0x0000013c   Code   RO         2118    .text               arm_cortexM4lf_math.lib(arm_mat_mult_f32.o)
    0x0800b438   0x0800b438   0x000000d0   Code   RO         2142    .text               arm_cortexM4lf_math.lib(arm_mat_scale_f32.o)
    0x0800b508   0x0800b508   0x00000108   Code   RO         2166    .text               arm_cortexM4lf_math.lib(arm_mat_sub_f32.o)
    0x0800b610   0x0800b610   0x00000114   Code   RO         2190    .text               arm_cortexM4lf_math.lib(arm_mat_trans_f32.o)
    0x0800b724   0x0800b724   0x000006a0   Code   RO         2214    .text               arm_cortexM4lf_math.lib(arm_cfft_radix4_f32.o)
    0x0800bdc4   0x0800bdc4   0x000000c0   Code   RO         2238    .text               arm_cortexM4lf_math.lib(arm_cfft_radix4_init_f32.o)
    0x0800be84   0x0800be84   0x00000038   Code   RO         2262    .text               arm_cortexM4lf_math.lib(arm_pid_init_f32.o)
    0x0800bebc   0x0800bebc   0x0000000a   Code   RO         2286    .text               arm_cortexM4lf_math.lib(arm_pid_reset_f32.o)
    0x0800bec6   0x0800bec6   0x00000002   PAD
    0x0800bec8   0x0800bec8   0x000000d8   Code   RO         2310    .text               arm_cortexM4lf_math.lib(arm_max_f32.o)
    0x0800bfa0   0x0800bfa0   0x00000090   Code   RO         2334    .text               arm_cortexM4lf_math.lib(arm_mean_f32.o)
    0x0800c030   0x0800c030   0x000000d8   Code   RO         2358    .text               arm_cortexM4lf_math.lib(arm_min_f32.o)
    0x0800c108   0x0800c108   0x000000cc   Code   RO         2382    .text               arm_cortexM4lf_math.lib(arm_power_f32.o)
    0x0800c1d4   0x0800c1d4   0x000000ec   Code   RO         2406    .text               arm_cortexM4lf_math.lib(arm_rms_f32.o)
    0x0800c2c0   0x0800c2c0   0x00000134   Code   RO         2430    .text               arm_cortexM4lf_math.lib(arm_std_f32.o)
    0x0800c3f4   0x0800c3f4   0x00000124   Code   RO         2454    .text               arm_cortexM4lf_math.lib(arm_var_f32.o)
    0x0800c518   0x0800c518   0x00000084   Code   RO         2478    .text               arm_cortexM4lf_math.lib(arm_copy_f32.o)
    0x0800c59c   0x0800c59c   0x00000094   Code   RO         2502    .text               arm_cortexM4lf_math.lib(arm_fill_f32.o)
    0x0800c630   0x0800c630   0x000001d6   Code   RO         2526    .text               arm_cortexM4lf_math.lib(arm_bitreversal.o)
    0x0800c806   0x0800c806   0x0000001e   Code   RO         2656    .text               mc_w.l(llshl.o)
    0x0800c824   0x0800c824   0x00000024   Code   RO         2658    .text               mc_w.l(memseta.o)
    0x0800c848   0x0800c848   0x0000014e   Code   RO         2949    .text               mf_w.l(dadd.o)
    0x0800c996   0x0800c996   0x000000e4   Code   RO         2951    .text               mf_w.l(dmul.o)
    0x0800ca7a   0x0800ca7a   0x000000de   Code   RO         2953    .text               mf_w.l(ddiv.o)
    0x0800cb58   0x0800cb58   0x00000022   Code   RO         2955    .text               mf_w.l(dflti.o)
    0x0800cb7a   0x0800cb7a   0x0000001a   Code   RO         2957    .text               mf_w.l(dfltui.o)
    0x0800cb94   0x0800cb94   0x0000003e   Code   RO         2959    .text               mf_w.l(dfixi.o)
    0x0800cbd2   0x0800cbd2   0x00000026   Code   RO         2961    .text               mf_w.l(f2d.o)
    0x0800cbf8   0x0800cbf8   0x00000030   Code   RO         2963    .text               mf_w.l(cdrcmple.o)
    0x0800cc28   0x0800cc28   0x00000038   Code   RO         2965    .text               mf_w.l(d2f.o)
    0x0800cc60   0x0800cc60   0x0000002c   Code   RO         3031    .text               mc_w.l(uidiv.o)
    0x0800cc8c   0x0800cc8c   0x00000062   Code   RO         3033    .text               mc_w.l(uldiv.o)
    0x0800ccee   0x0800ccee   0x00000020   Code   RO         3035    .text               mc_w.l(llushr.o)
    0x0800cd0e   0x0800cd0e   0x00000024   Code   RO         3037    .text               mc_w.l(llsshr.o)
    0x0800cd32   0x0800cd32   0x00000000   Code   RO         3052    .text               mc_w.l(iusefp.o)
    0x0800cd32   0x0800cd32   0x0000006e   Code   RO         3053    .text               mf_w.l(fepilogue.o)
    0x0800cda0   0x0800cda0   0x000000ba   Code   RO         3055    .text               mf_w.l(depilogue.o)
    0x0800ce5a   0x0800ce5a   0x00000030   Code   RO         3059    .text               mf_w.l(dfixul.o)
    0x0800ce8a   0x0800ce8a   0x00000002   PAD
    0x0800ce8c   0x0800ce8c   0x00000024   Code   RO         3064    .text               mc_w.l(init.o)
    0x0800ceb0   0x0800ceb0   0x00000030   Code   RO         3066    .text               mf_w.l(cdcmple.o)
    0x0800cee0   0x0800cee0   0x00000020   Code   RO         2893    i.__0printf         mc_w.l(printfa.o)
    0x0800cf00   0x0800cf00   0x00000028   Code   RO         2895    i.__0sprintf        mc_w.l(printfa.o)
    0x0800cf28   0x0800cf28   0x00000026   Code   RO         2981    i.__ARM_fpclassifyf  m_wm.l(fpclassifyf.o)
    0x0800cf4e   0x0800cf4e   0x00000002   PAD
    0x0800cf50   0x0800cf50   0x000003c4   Code   RO         2997    i.__hardfp_log      m_wm.l(log.o)
    0x0800d314   0x0800d314   0x00000004   PAD
    0x0800d318   0x0800d318   0x00000130   Code   RO         2629    i.__hardfp_log10    m_wm.l(log10.o)
    0x0800d448   0x0800d448   0x00000190   Code   RO         2641    i.__hardfp_sinf     m_wm.l(sinf.o)
    0x0800d5d8   0x0800d5d8   0x000000f8   Code   RO         3061    i.__kernel_poly     m_wm.l(poly.o)
    0x0800d6d0   0x0800d6d0   0x00000030   Code   RO         2967    i.__mathlib_dbl_divzero  m_wm.l(dunder.o)
    0x0800d700   0x0800d700   0x00000014   Code   RO         2968    i.__mathlib_dbl_infnan  m_wm.l(dunder.o)
    0x0800d714   0x0800d714   0x00000004   PAD
    0x0800d718   0x0800d718   0x00000020   Code   RO         2970    i.__mathlib_dbl_invalid  m_wm.l(dunder.o)
    0x0800d738   0x0800d738   0x00000006   Code   RO         2984    i.__mathlib_flt_infnan  m_wm.l(funder.o)
    0x0800d73e   0x0800d73e   0x00000002   PAD
    0x0800d740   0x0800d740   0x00000010   Code   RO         2986    i.__mathlib_flt_invalid  m_wm.l(funder.o)
    0x0800d750   0x0800d750   0x00000010   Code   RO         2989    i.__mathlib_flt_underflow  m_wm.l(funder.o)
    0x0800d760   0x0800d760   0x00000154   Code   RO         3011    i.__mathlib_rredf2  m_wm.l(rredf.o)
    0x0800d8b4   0x0800d8b4   0x0000000e   Code   RO         3070    i.__scatterload_copy  mc_w.l(handlers.o)
    0x0800d8c2   0x0800d8c2   0x00000002   Code   RO         3071    i.__scatterload_null  mc_w.l(handlers.o)
    0x0800d8c4   0x0800d8c4   0x0000000e   Code   RO         3072    i.__scatterload_zeroinit  mc_w.l(handlers.o)
    0x0800d8d2   0x0800d8d2   0x00000002   PAD
    0x0800d8d4   0x0800d8d4   0x0000000c   Code   RO         3047    i.__set_errno       mc_w.l(errno.o)
    0x0800d8e0   0x0800d8e0   0x00000184   Code   RO         2900    i._fp_digits        mc_w.l(printfa.o)
    0x0800da64   0x0800da64   0x000006b4   Code   RO         2901    i._printf_core      mc_w.l(printfa.o)
    0x0800e118   0x0800e118   0x00000024   Code   RO         2902    i._printf_post_padding  mc_w.l(printfa.o)
    0x0800e13c   0x0800e13c   0x0000002e   Code   RO         2903    i._printf_pre_padding  mc_w.l(printfa.o)
    0x0800e16a   0x0800e16a   0x0000000a   Code   RO         2905    i._sputc            mc_w.l(printfa.o)
    0x0800e174   0x0800e174   0x00000050   Code   RO         2921    i.free              mc_w.l(malloc.o)
    0x0800e1c4   0x0800e1c4   0x00000010   Code   RO         2999    i.log               m_wm.l(log.o)
    0x0800e1d4   0x0800e1d4   0x0000006c   Code   RO         2922    i.malloc            mc_w.l(malloc.o)
    0x0800e240   0x0800e240   0x0000001c   Data   RO          604    .constdata          stm32f4xx_fsmc.o
    0x0800e25c   0x0800e25c   0x00001c34   Data   RO          831    .constdata          lcd.o
    0x0800fe90   0x0800fe90   0x00000184   Data   RO         1215    .constdata          fft.o
    0x08010014   0x08010014   0x00000800   Data   RO         2550    .constdata          arm_cortexM4lf_math.lib(arm_common_tables.o)
    0x08010814   0x08010814   0x00008000   Data   RO         2559    .constdata          arm_cortexM4lf_math.lib(arm_common_tables.o)
    0x08018814   0x08018814   0x00000804   Data   RO         2606    .constdata          arm_cortexM4lf_math.lib(arm_common_tables.o)
    0x08019018   0x08019018   0x00000038   Data   RO         3000    .constdata          m_wm.l(log.o)
    0x08019050   0x08019050   0x00000020   Data   RO         3012    .constdata          m_wm.l(rredf.o)
    0x08019070   0x08019070   0x00000008   Data   RO         3063    .constdata          m_wm.l(qnan.o)
    0x08019078   0x08019078   0x00000020   Data   RO         3068    Region$$Table       anon$$obj.o


    Execution Region RW_IRAM1 (Exec base: 0x20000000, Load base: 0x08019098, Size: 0x0001a720, Max: 0x00020000, ABSOLUTE)

    Exec Addr    Load Addr    Size         Type   Attr      Idx    E Section Name        Object

    0x20000000   0x08019098   0x00000004   Data   RW            5    .data               common.o
    0x20000004   0x0801909c   0x00000006   Data   RW          141    .data               main.o
    0x2000000a   0x080190a2   0x00000002   PAD
    0x2000000c   0x080190a4   0x00000014   Data   RW          389    .data               system_stm32f4xx.o
    0x20000020   0x080190b8   0x00000010   Data   RW          522    .data               stm32f4xx_rcc.o
    0x20000030   0x080190c8   0x00000002   Data   RW          718    .data               dma.o
    0x20000032   0x080190ca   0x00000002   PAD
    0x20000034   0x080190cc   0x0000000c   Data   RW          767    .data               timer.o
    0x20000040   0x080190d8   0x00000012   Data   RW          832    .data               lcd.o
    0x20000052   0x080190ea   0x00000006   Data   RW          885    .data               w25qxx.o
    0x20000058   0x080190f0   0x00000006   Data   RW          934    .data               key.o
    0x2000005e   0x080190f6   0x00000002   PAD
    0x20000060   0x080190f8   0x0000001e   Data   RW         1152    .data               arm_cmsis_dsp.o
    0x2000007e   0x08019116   0x00000002   PAD
    0x20000080   0x08019118   0x00000014   Data   RW         1242    .data               freqmeas.o
    0x20000094   0x0801912c   0x00000004   Data   RW         3030    .data               mc_w.l(stdout.o)
    0x20000098   0x08019130   0x00000004   Data   RW         3043    .data               mc_w.l(mvars.o)
    0x2000009c   0x08019134   0x00000004   Data   RW         3044    .data               mc_w.l(mvars.o)
    0x200000a0   0x08019138   0x00000004   Data   RW         3048    .data               mc_w.l(errno.o)
    0x200000a4        -       0x00014c68   Zero   RW          140    .bss                main.o
    0x20014d0c        -       0x00004000   Zero   RW          647    .bss                adc.o
    0x20018d0c        -       0x00000064   Zero   RW          801    .bss                uart.o
    0x20018d70        -       0x00001000   Zero   RW          884    .bss                w25qxx.o
    0x20019d70        -       0x000003ac   Zero   RW         1151    .bss                arm_cmsis_dsp.o
    0x2001a11c   0x0801913c   0x00000004   PAD
    0x2001a120        -       0x00000200   Zero   RW          413    HEAP                startup_stm32f40_41xxx.o
    0x2001a320        -       0x00000400   Zero   RW          412    STACK               startup_stm32f40_41xxx.o


==============================================================================

Image component sizes


      Code (inc. data)   RO Data    RW Data    ZI Data      Debug   Object Name

       312         26          0          0          0       1197   ad9833.o
       460         26          0          0      16384      14218   adc.o
      4008         76          0         30        940      40401   arm_cmsis_dsp.o
       796         40          0          4          0     333930   common.o
        88          6          0          0          0        608   dac.o
       268         12          0          0          0       1380   dac7612.o
       348         18          0          2          0       2141   dma.o
      1204         50        388          0          0       5058   fft.o
         0          0          0         20          0        433   freqmeas.o
       324         46          0          6          0       1283   key.o
      4024        134       7220         18          0      12906   lcd.o
        64          4          0          0          0        531   led.o
      1648        326          0          6      85096      19051   main.o
      1484         56          0          0          0       6246   math_helper.o
       224         20          0          0          0       2005   misc.o
       212          8          0          0          0        884   pwm.o
       544         12          0          0          0       1456   spi.o
        36          8        392          0       1536        864   startup_stm32f40_41xxx.o
      1124         24          0          0          0      10874   stm32f4xx_adc.o
       528          6          0          0          0       5229   stm32f4xx_dac.o
       936         32          0          0          0       6581   stm32f4xx_dma.o
      1480         18         28          0          0       5854   stm32f4xx_fsmc.o
       660         44          0          0          0       4349   stm32f4xx_gpio.o
        26          0          0          0          0       1250   stm32f4xx_it.o
      1628         52          0         16          0      13240   stm32f4xx_rcc.o
      1152         36          0          0          0       7093   stm32f4xx_spi.o
      3234         60          0          0          0      23200   stm32f4xx_tim.o
      1108         34          0          0          0       8072   stm32f4xx_usart.o
       528         46          0         20          0       2047   system_stm32f4xx.o
       764         50          0         12          0       3056   timer.o
       408         16          0          0        100       4081   uart.o
      1066         22          0          6       4096       4856   w25qxx.o

    ----------------------------------------------------------------------
     30692       1308       8060        148     108156     544374   Object Totals
         0          0         32          0          0          0   (incl. Generated)
         6          0          0          8          4          0   (incl. Padding)

    ----------------------------------------------------------------------

      Code (inc. data)   RO Data    RW Data    ZI Data      Debug   Library Member Name

       164          0          0          0          0      17122   arm_abs_f32.o
       210          0          0          0          0        890   arm_add_f32.o
       470          0          0          0          0       2290   arm_bitreversal.o
      1696          0          0          0          0       4868   arm_cfft_radix4_f32.o
       192         46          0          0          0        799   arm_cfft_radix4_init_f32.o
       232          0          0          0          0        945   arm_cmplx_conj_f32.o
       220          4          0          0          0        969   arm_cmplx_dot_prod_f32.o
       252          6          0          0          0      14320   arm_cmplx_mag_f32.o
       246          0          0          0          0       1176   arm_cmplx_mag_squared_f32.o
       240          0          0          0          0        971   arm_cmplx_mult_cmplx_f32.o
       228          0          0          0          0       1198   arm_cmplx_mult_real_f32.o
         0          0      36868          0          0       4636   arm_common_tables.o
      1390          6          0          0          0       2271   arm_conv_f32.o
      1478          6          0          0          0       2487   arm_conv_partial_f32.o
       132          0          0          0          0        775   arm_copy_f32.o
      1420          6          0          0          0       2328   arm_correlate_f32.o
       120         12          0          0          0        654   arm_cos_f32.o
       260          4          0          0          0        923   arm_dot_prod_f32.o
       148          0          0          0          0        827   arm_fill_f32.o
      1086          4          0          0          0       2719   arm_fir_decimate_f32.o
        52          0          0          0          0       1068   arm_fir_decimate_init_f32.o
      1330          6          0          0          0       2942   arm_fir_f32.o
        28          0          0          0          0        919   arm_fir_init_f32.o
       860          6          0          0          0       2290   arm_fir_interpolate_f32.o
        54          0          0          0          0       1095   arm_fir_interpolate_init_f32.o
       824          6          0          0          0       2058   arm_lms_f32.o
        44          0          0          0          0        967   arm_lms_init_f32.o
       976         10          0          0          0       2263   arm_lms_norm_f32.o
        60          4          0          0          0       1020   arm_lms_norm_init_f32.o
       264          0          0          0          0       1482   arm_mat_add_f32.o
         8          0          0          0          0        843   arm_mat_init_f32.o
      1328          4          0          0          0       2718   arm_mat_inverse_f32.o
       316          4          0          0          0       1627   arm_mat_mult_f32.o
       208          0          0          0          0       1448   arm_mat_scale_f32.o
       264          0          0          0          0       1482   arm_mat_sub_f32.o
       276          0          0          0          0       1516   arm_mat_trans_f32.o
       216          0          0          0          0       1286   arm_max_f32.o
       144          6          0          0          0        783   arm_mean_f32.o
       216          0          0          0          0       1286   arm_min_f32.o
       210          0          0          0          0        951   arm_mult_f32.o
       164          0          0          0          0        809   arm_negate_f32.o
       164          0          0          0          0        825   arm_offset_f32.o
        56          0          0          0          0        559   arm_pid_init_f32.o
        10          0          0          0          0        508   arm_pid_reset_f32.o
       204          6          0          0          0        912   arm_power_f32.o
       236          4          0          0          0       1006   arm_rms_f32.o
       152          0          0          0          0        808   arm_scale_f32.o
       304          0          0          0          0      14416   arm_shift_q31.o
       116         12          0          0          0        658   arm_sin_f32.o
       308          4          0          0          0       1158   arm_std_f32.o
       210          0          0          0          0        890   arm_sub_f32.o
       292          6          0          0          0       1054   arm_var_f32.o
       100         28          0          0          0        372   dunder.o
        38          0          0          0          0        116   fpclassifyf.o
        38         12          0          0          0        348   funder.o
       980         92         56          0          0        440   log.o
       304         44          0          0          0        200   log10.o
       248          0          0          0          0        152   poly.o
         0          0          8          0          0          0   qnan.o
       340         24         32          0          0        160   rredf.o
       400         56          0          0          0        212   sinf.o
         0          0          0          0          0          0   entry.o
         0          0          0          0          0          0   entry10a.o
         0          0          0          0          0          0   entry11a.o
         4          0          0          0          0          0   entry12b.o
         8          4          0          0          0          0   entry2.o
         4          0          0          0          0          0   entry5.o
         0          0          0          0          0          0   entry7b.o
         0          0          0          0          0          0   entry8b.o
         8          4          0          0          0          0   entry9a.o
        12          6          0          4          0         68   errno.o
        30          0          0          0          0          0   handlers.o
        36          8          0          0          0         68   init.o
         0          0          0          0          0          0   iusefp.o
        30          0          0          0          0         68   llshl.o
        36          0          0          0          0         68   llsshr.o
        32          0          0          0          0         68   llushr.o
       188         20          0          0          0        160   malloc.o
        36          0          0          0          0        108   memseta.o
         0          0          0          8          0          0   mvars.o
      2268         96          0          0          0        616   printfa.o
         0          0          0          4          0          0   stdout.o
        44          0          0          0          0         80   uidiv.o
        98          0          0          0          0         92   uldiv.o
        48          0          0          0          0         68   cdcmple.o
        48          0          0          0          0         68   cdrcmple.o
        56          0          0          0          0         88   d2f.o
       334          0          0          0          0        148   dadd.o
       222          0          0          0          0        100   ddiv.o
       186          0          0          0          0        176   depilogue.o
        62          0          0          0          0         80   dfixi.o
        48          0          0          0          0         68   dfixul.o
        34          0          0          0          0         76   dflti.o
        26          0          0          0          0         76   dfltui.o
       228          0          0          0          0         96   dmul.o
        38          0          0          0          0         68   f2d.o
       110          0          0          0          0        168   fepilogue.o

    ----------------------------------------------------------------------
     26836        570      36964         16          0     121491   Library Totals
        36          4          0          0          0          0   (incl. Padding)

    ----------------------------------------------------------------------

      Code (inc. data)   RO Data    RW Data    ZI Data      Debug   Library Name

     20078        172      36868          0          0     116815   arm_cortexM4lf_math.lib
      2448        256         96          0          0       2000   m_wm.l
      2834        138          0         16          0       1396   mc_w.l
      1440          0          0          0          0       1280   mf_w.l

    ----------------------------------------------------------------------
     26836        570      36964         16          0     121491   Library Totals

    ----------------------------------------------------------------------

==============================================================================


      Code (inc. data)   RO Data    RW Data    ZI Data      Debug   

     57528       1878      45024        164     108156     652865   Grand Totals
     57528       1878      45024        164     108156     652865   ELF Image Totals
     57528       1878      45024        164          0          0   ROM Totals

==============================================================================

    Total RO  Size (Code + RO Data)               102552 ( 100.15kB)
    Total RW  Size (RW Data + ZI Data)            108320 ( 105.78kB)
    Total ROM Size (Code + RO Data + RW Data)     102716 ( 100.31kB)

==============================================================================

