Component: ARM Compiler 5.06 update 7 (build 960) Tool: armlink [4d3601]

==============================================================================

Section Cross References

    common.o(.text) refers to misc.o(.text) for SysTick_CLKSourceConfig
    common.o(.text) refers to common.o(.data) for fac_us
    main.o(.text) refers to f2d.o(.text) for __aeabi_f2d
    main.o(.text) refers to dadd.o(.text) for __aeabi_dadd
    main.o(.text) refers to ddiv.o(.text) for __aeabi_ddiv
    main.o(.text) refers to dfixi.o(.text) for __aeabi_d2iz
    main.o(.text) refers to w25qxx.o(.text) for W25QXX_SectorWrite
    main.o(.text) refers to printfa.o(i.__0sprintf) for __2sprintf
    main.o(.text) refers to lcd.o(.text) for LCD_Fill_onecolor
    main.o(.text) refers to dfltui.o(.text) for __aeabi_ui2d
    main.o(.text) refers to dmul.o(.text) for __aeabi_dmul
    main.o(.text) refers to key.o(.text) for key_scan
    main.o(.text) refers to printfa.o(i.__0printf) for __2printf
    main.o(.text) refers to ad9833.o(.text) for AD9833_WaveOut
    main.o(.text) refers to stm32f4xx_dac.o(.text) for DAC_SetChannel1Data
    main.o(.text) refers to fft.o(.text) for DSP_FFT
    main.o(.text) refers to w25qxx.o(.data) for pBuffer
    main.o(.text) refers to uart.o(.bss) for String
    main.o(.text) refers to adc.o(.bss) for ADC1_Data_Rx
    main.o(.text) refers to key.o(.data) for keydown_data
    main.o(.text) refers to main.o(.data) for setV
    main.o(.text) refers to dac.o(.data) for DAC_Data_Tx
    main.o(.text) refers to dma.o(.data) for DMA_FLAG
    main.o(.text) refers to main.o(.bss) for String1
    main.o(.text) refers to fft.o(.bss) for Mag_Single
    main.o(.text) refers to fft.o(.data) for Mag_max
    main.o(.text) refers to common.o(.text) for delay_init
    main.o(.text) refers to uart.o(.text) for uart4_init
    main.o(.text) refers to led.o(.text) for LED_Init
    main.o(.text) refers to adc.o(.text) for ADC1_Init
    main.o(.text) refers to timer.o(.text) for TIM2_Init
    main.o(.text) refers to dac.o(.text) for DAC1_Init
    main.o(.text) refers to pwm.o(.text) for TIM3_PWM_Init
    main.o(.text) refers to touch.o(.text) for Touch_Init
    main.o(.text) refers to arm_cmsis_dsp.o(.text) for DSP_PID_Init
    main.o(.text) refers to memseta.o(.text) for __aeabi_memclr4
    system_stm32f4xx.o(.text) refers to system_stm32f4xx.o(.data) for SystemCoreClock
    startup_stm32f40_41xxx.o(RESET) refers to startup_stm32f40_41xxx.o(STACK) for __initial_sp
    startup_stm32f40_41xxx.o(RESET) refers to startup_stm32f40_41xxx.o(.text) for Reset_Handler
    startup_stm32f40_41xxx.o(RESET) refers to stm32f4xx_it.o(.text) for NMI_Handler
    startup_stm32f40_41xxx.o(RESET) refers to timer.o(.text) for TIM1_UP_TIM10_IRQHandler
    startup_stm32f40_41xxx.o(RESET) refers to dma.o(.text) for DMA2_Stream0_IRQHandler
    startup_stm32f40_41xxx.o(.text) refers to system_stm32f4xx.o(.text) for SystemInit
    startup_stm32f40_41xxx.o(.text) refers to entry.o(.ARM.Collect$$$$00000000) for __main
    stm32f4xx_gpio.o(.text) refers to stm32f4xx_rcc.o(.text) for RCC_AHB1PeriphResetCmd
    stm32f4xx_usart.o(.text) refers to stm32f4xx_rcc.o(.text) for RCC_APB2PeriphResetCmd
    stm32f4xx_adc.o(.text) refers to stm32f4xx_rcc.o(.text) for RCC_APB2PeriphResetCmd
    stm32f4xx_dac.o(.text) refers to stm32f4xx_rcc.o(.text) for RCC_APB1PeriphResetCmd
    stm32f4xx_rcc.o(.text) refers to stm32f4xx_rcc.o(.data) for APBAHBPrescTable
    stm32f4xx_spi.o(.text) refers to stm32f4xx_rcc.o(.text) for RCC_APB2PeriphResetCmd
    stm32f4xx_tim.o(.text) refers to stm32f4xx_rcc.o(.text) for RCC_APB2PeriphResetCmd
    stm32f4xx_fsmc.o(.text) refers to stm32f4xx_fsmc.o(.constdata) for FSMC_DefaultTimingStruct
    stm32f4xx_i2c.o(.text) refers to stm32f4xx_rcc.o(.text) for RCC_APB1PeriphResetCmd
    adc.o(.text) refers to stm32f4xx_rcc.o(.text) for RCC_AHB1PeriphClockCmd
    adc.o(.text) refers to stm32f4xx_gpio.o(.text) for GPIO_Init
    adc.o(.text) refers to stm32f4xx_adc.o(.text) for ADC_CommonInit
    adc.o(.text) refers to stm32f4xx_dma.o(.text) for DMA_ITConfig
    adc.o(.text) refers to dma.o(.text) for USER_DMA_Config
    adc.o(.text) refers to adc.o(.bss) for ADC1_Data_Rx
    dac.o(.text) refers to stm32f4xx_rcc.o(.text) for RCC_AHB1PeriphClockCmd
    dac.o(.text) refers to stm32f4xx_gpio.o(.text) for GPIO_Init
    dac.o(.text) refers to stm32f4xx_dac.o(.text) for DAC_Init
    dac.o(.text) refers to timer.o(.text) for TIM6_Init
    dac.o(.text) refers to dma.o(.text) for USER_DMA_Config
    dac.o(.text) refers to dac.o(.data) for DAC_Data_Tx
    dma.o(.text) refers to stm32f4xx_rcc.o(.text) for RCC_AHB1PeriphClockCmd
    dma.o(.text) refers to stm32f4xx_dma.o(.text) for DMA_DeInit
    dma.o(.text) refers to misc.o(.text) for NVIC_Init
    dma.o(.text) refers to dma.o(.data) for DMA_FLAG
    spi.o(.text) refers to stm32f4xx_spi.o(.text) for SPI_I2S_GetFlagStatus
    spi.o(.text) refers to stm32f4xx_rcc.o(.text) for RCC_AHB1PeriphClockCmd
[...]
    RCC_GetFlagStatus                        0x08001cb1   Thumb Code    60  stm32f4xx_rcc.o(.text)
    RCC_WaitForHSEStartUp                    0x08001ced   Thumb Code    56  stm32f4xx_rcc.o(.text)
    RCC_AdjustHSICalibrationValue            0x08001d25   Thumb Code    20  stm32f4xx_rcc.o(.text)
    RCC_HSICmd                               0x08001d39   Thumb Code     6  stm32f4xx_rcc.o(.text)
    RCC_LSEConfig                            0x08001d3f   Thumb Code    46  stm32f4xx_rcc.o(.text)
    RCC_LSICmd                               0x08001d6d   Thumb Code     6  stm32f4xx_rcc.o(.text)
    RCC_PLLConfig                            0x08001d73   Thumb Code    32  stm32f4xx_rcc.o(.text)
    RCC_PLLCmd                               0x08001d93   Thumb Code     6  stm32f4xx_rcc.o(.text)
    RCC_PLLI2SConfig                         0x08001d99   Thumb Code    14  stm32f4xx_rcc.o(.text)
    RCC_PLLI2SCmd                            0x08001da7   Thumb Code     6  stm32f4xx_rcc.o(.text)
    RCC_PLLSAIConfig                         0x08001dad   Thumb Code    20  stm32f4xx_rcc.o(.text)
    RCC_PLLSAICmd                            0x08001dc1   Thumb Code     6  stm32f4xx_rcc.o(.text)
    RCC_ClockSecuritySystemCmd               0x08001dc7   Thumb Code     6  stm32f4xx_rcc.o(.text)
    RCC_MCO1Config                           0x08001dcd   Thumb Code    28  stm32f4xx_rcc.o(.text)
    RCC_MCO2Config                           0x08001de9   Thumb Code    28  stm32f4xx_rcc.o(.text)
    RCC_SYSCLKConfig                         0x08001e05   Thumb Code    20  stm32f4xx_rcc.o(.text)
    RCC_GetSYSCLKSource                      0x08001e19   Thumb Code    12  stm32f4xx_rcc.o(.text)
    RCC_HCLKConfig                           0x08001e25   Thumb Code    20  stm32f4xx_rcc.o(.text)
    RCC_PCLK1Config                          0x08001e39   Thumb Code    20  stm32f4xx_rcc.o(.text)
    RCC_PCLK2Config                          0x08001e4d   Thumb Code    22  stm32f4xx_rcc.o(.text)
    RCC_GetClocksFreq                        0x08001e63   Thumb Code   222  stm32f4xx_rcc.o(.text)
    RCC_RTCCLKConfig                         0x08001f41   Thumb Code    54  stm32f4xx_rcc.o(.text)
    RCC_RTCCLKCmd                            0x08001f77   Thumb Code     8  stm32f4xx_rcc.o(.text)
    RCC_BackupResetCmd                       0x08001f7f   Thumb Code     8  stm32f4xx_rcc.o(.text)
    RCC_I2SCLKConfig                         0x08001f87   Thumb Code     6  stm32f4xx_rcc.o(.text)
    RCC_SAIPLLI2SClkDivConfig                0x08001f8d   Thumb Code    26  stm32f4xx_rcc.o(.text)
    RCC_SAIPLLSAIClkDivConfig                0x08001fa7   Thumb Code    28  stm32f4xx_rcc.o(.text)
    RCC_SAIBlockACLKConfig                   0x08001fc3   Thumb Code    20  stm32f4xx_rcc.o(.text)
    RCC_SAIBlockBCLKConfig                   0x08001fd7   Thumb Code    20  stm32f4xx_rcc.o(.text)
    RCC_LTDCCLKDivConfig                     0x08001feb   Thumb Code    20  stm32f4xx_rcc.o(.text)
    RCC_TIMCLKPresConfig                     0x08001fff   Thumb Code     6  stm32f4xx_rcc.o(.text)
    RCC_AHB1PeriphClockCmd                   0x08002005   Thumb Code    34  stm32f4xx_rcc.o(.text)
    RCC_AHB2PeriphClockCmd                   0x08002027   Thumb Code    78  stm32f4xx_rcc.o(.text)
    RCC_AHB3PeriphClockCmd                   0x08002075   Thumb Code    34  stm32f4xx_rcc.o(.text)
    RCC_APB1PeriphClockCmd                   0x08002097   Thumb Code    34  stm32f4xx_rcc.o(.text)
    RCC_APB2PeriphClockCmd                   0x080020b9   Thumb Code    34  stm32f4xx_rcc.o(.text)
    RCC_AHB1PeriphResetCmd                   0x080020db   Thumb Code    34  stm32f4xx_rcc.o(.text)
    RCC_AHB2PeriphResetCmd                   0x080020fd   Thumb Code    34  stm32f4xx_rcc.o(.text)
    RCC_AHB3PeriphResetCmd                   0x0800211f   Thumb Code    34  stm32f4xx_rcc.o(.text)
    RCC_APB1PeriphResetCmd                   0x08002141   Thumb Code    34  stm32f4xx_rcc.o(.text)
    RCC_APB2PeriphResetCmd                   0x08002163   Thumb Code    34  stm32f4xx_rcc.o(.text)
    RCC_AHB1PeriphClockLPModeCmd             0x08002185   Thumb Code    34  stm32f4xx_rcc.o(.text)
    RCC_AHB2PeriphClockLPModeCmd             0x080021a7   Thumb Code    34  stm32f4xx_rcc.o(.text)
    RCC_AHB3PeriphClockLPModeCmd             0x080021c9   Thumb Code    34  stm32f4xx_rcc.o(.text)
    RCC_APB1PeriphClockLPModeCmd             0x080021eb   Thumb Code    34  stm32f4xx_rcc.o(.text)
    RCC_APB2PeriphClockLPModeCmd             0x0800220d   Thumb Code    34  stm32f4xx_rcc.o(.text)
    RCC_LSEModeConfig                        0x0800222f   Thumb Code    40  stm32f4xx_rcc.o(.text)
    RCC_ITConfig                             0x08002257   Thumb Code    34  stm32f4xx_rcc.o(.text)
    RCC_ClearFlag                            0x08002279   Thumb Code    18  stm32f4xx_rcc.o(.text)
    RCC_GetITStatus                          0x0800228b   Thumb Code    22  stm32f4xx_rcc.o(.text)
    RCC_ClearITPendingBit                    0x080022a1   Thumb Code     8  stm32f4xx_rcc.o(.text)
    SPI_I2S_DeInit                           0x080022ad   Thumb Code   152  stm32f4xx_spi.o(.text)
    SPI_Init                                 0x08002345   Thumb Code    60  stm32f4xx_spi.o(.text)
    I2S_Init                                 0x08002381   Thumb Code   396  stm32f4xx_spi.o(.text)
    SPI_StructInit                           0x0800250d   Thumb Code    24  stm32f4xx_spi.o(.text)
    I2S_StructInit                           0x08002525   Thumb Code    20  stm32f4xx_spi.o(.text)
    SPI_Cmd                                  0x08002539   Thumb Code    24  stm32f4xx_spi.o(.text)
    I2S_Cmd                                  0x08002551   Thumb Code    24  stm32f4xx_spi.o(.text)
    SPI_DataSizeConfig                       0x08002569   Thumb Code    18  stm32f4xx_spi.o(.text)
    SPI_BiDirectionalLineConfig              0x0800257b   Thumb Code    28  stm32f4xx_spi.o(.text)
    SPI_NSSInternalSoftwareConfig            0x08002597   Thumb Code    30  stm32f4xx_spi.o(.text)
    SPI_SSOutputCmd                          0x080025b5   Thumb Code    24  stm32f4xx_spi.o(.text)
    SPI_TIModeCmd                            0x080025cd   Thumb Code    24  stm32f4xx_spi.o(.text)
    I2S_FullDuplexConfig                     0x080025e5   Thumb Code    80  stm32f4xx_spi.o(.text)
    SPI_I2S_ReceiveData                      0x08002635   Thumb Code     6  stm32f4xx_spi.o(.text)
    SPI_I2S_SendData                         0x0800263b   Thumb Code     4  stm32f4xx_spi.o(.text)
    SPI_CalculateCRC                         0x0800263f   Thumb Code    24  stm32f4xx_spi.o(.text)
    SPI_TransmitCRC                          0x08002657   Thumb Code    10  stm32f4xx_spi.o(.text)
    SPI_GetCRC                               0x08002661   Thumb Code    16  stm32f4xx_spi.o(.text)
    SPI_GetCRCPolynomial                     0x08002671   Thumb Code     6  stm32f4xx_spi.o(.text)
    SPI_I2S_DMACmd                           0x08002677   Thumb Code    18  stm32f4xx_spi.o(.text)
    SPI_I2S_ITConfig                         0x08002689   Thumb Code    68  stm32f4xx_spi.o(.text)
    SPI_I2S_GetFlagStatus                    0x080026cd   Thumb Code    18  stm32f4xx_spi.o(.text)
    SPI_I2S_ClearFlag                        0x080026df   Thumb Code     6  stm32f4xx_spi.o(.text)
    SPI_I2S_GetITStatus                      0x080026e5   Thumb Code    52  stm32f4xx_spi.o(.text)
    SPI_I2S_ClearITPendingBit                0x08002719   Thumb Code    20  stm32f4xx_spi.o(.text)
    TIM_DeInit                               0x0800272d   Thumb Code   346  stm32f4xx_tim.o(.text)
    TIM_TimeBaseInit                         0x08002887   Thumb Code   104  stm32f4xx_tim.o(.text)
    TIM_TimeBaseStructInit                   0x080028ef   Thumb Code    18  stm32f4xx_tim.o(.text)
    TIM_PrescalerConfig                      0x08002901   Thumb Code     6  stm32f4xx_tim.o(.text)
    TIM_CounterModeConfig                    0x08002907   Thumb Code    18  stm32f4xx_tim.o(.text)
    TIM_SetCounter                           0x08002919   Thumb Code     4  stm32f4xx_tim.o(.text)
    TIM_SetAutoreload                        0x0800291d   Thumb Code     4  stm32f4xx_tim.o(.text)
    TIM_GetCounter                           0x08002921   Thumb Code     6  stm32f4xx_tim.o(.text)
    TIM_GetPrescaler                         0x08002927   Thumb Code     6  stm32f4xx_tim.o(.text)
    TIM_UpdateDisableConfig                  0x0800292d   Thumb Code    24  stm32f4xx_tim.o(.text)
    TIM_UpdateRequestConfig                  0x08002945   Thumb Code    24  stm32f4xx_tim.o(.text)
    TIM_ARRPreloadConfig                     0x0800295d   Thumb Code    24  stm32f4xx_tim.o(.text)
    TIM_SelectOnePulseMode                   0x08002975   Thumb Code    18  stm32f4xx_tim.o(.text)
    TIM_SetClockDivision                     0x08002987   Thumb Code    18  stm32f4xx_tim.o(.text)
    TIM_Cmd                                  0x08002999   Thumb Code    24  stm32f4xx_tim.o(.text)
    TIM_OC1Init                              0x080029b1   Thumb Code   114  stm32f4xx_tim.o(.text)
    TIM_OC2Init                              0x08002a23   Thumb Code   154  stm32f4xx_tim.o(.text)
    TIM_OC3Init                              0x08002abd   Thumb Code   204  stm32f4xx_tim.o(.text)
    TIM_OC4Init                              0x08002b89   Thumb Code   112  stm32f4xx_tim.o(.text)
    TIM_OCStructInit                         0x08002bf9   Thumb Code    20  stm32f4xx_tim.o(.text)
    TIM_SelectOCxM                           0x08002c0d   Thumb Code    86  stm32f4xx_tim.o(.text)
    TIM_SetCompare1                          0x08002c63   Thumb Code     4  stm32f4xx_tim.o(.text)
    TIM_SetCompare2                          0x08002c67   Thumb Code     4  stm32f4xx_tim.o(.text)
    TIM_SetCompare3                          0x08002c6b   Thumb Code     4  stm32f4xx_tim.o(.text)
    TIM_SetCompare4                          0x08002c6f   Thumb Code     4  stm32f4xx_tim.o(.text)
    TIM_ForcedOC1Config                      0x08002c73   Thumb Code    18  stm32f4xx_tim.o(.text)
    TIM_ForcedOC2Config                      0x08002c85   Thumb Code    26  stm32f4xx_tim.o(.text)
    TIM_ForcedOC3Config                      0x08002c9f   Thumb Code    18  stm32f4xx_tim.o(.text)
    TIM_ForcedOC4Config                      0x08002cb1   Thumb Code    26  stm32f4xx_tim.o(.text)
    TIM_OC1PreloadConfig                     0x08002ccb   Thumb Code    18  stm32f4xx_tim.o(.text)
    TIM_OC2PreloadConfig                     0x08002cdd   Thumb Code    26  stm32f4xx_tim.o(.text)
    TIM_OC3PreloadConfig                     0x08002cf7   Thumb Code    18  stm32f4xx_tim.o(.text)
    TIM_OC4PreloadConfig                     0x08002d09   Thumb Code    26  stm32f4xx_tim.o(.text)
    TIM_OC1FastConfig                        0x08002d23   Thumb Code    18  stm32f4xx_tim.o(.text)
    TIM_OC2FastConfig                        0x08002d35   Thumb Code    26  stm32f4xx_tim.o(.text)
    TIM_OC3FastConfig                        0x08002d4f   Thumb Code    18  stm32f4xx_tim.o(.text)
    TIM_OC4FastConfig                        0x08002d61   Thumb Code    26  stm32f4xx_tim.o(.text)
    TIM_ClearOC1Ref                          0x08002d7b   Thumb Code    18  stm32f4xx_tim.o(.text)
    TIM_ClearOC2Ref                          0x08002d8d   Thumb Code    24  stm32f4xx_tim.o(.text)
    TIM_ClearOC3Ref                          0x08002da5   Thumb Code    18  stm32f4xx_tim.o(.text)
    TIM_ClearOC4Ref                          0x08002db7   Thumb Code    24  stm32f4xx_tim.o(.text)
    TIM_OC1PolarityConfig                    0x08002dcf   Thumb Code    18  stm32f4xx_tim.o(.text)
    TIM_OC1NPolarityConfig                   0x08002de1   Thumb Code    18  stm32f4xx_tim.o(.text)
    TIM_OC2PolarityConfig                    0x08002df3   Thumb Code    26  stm32f4xx_tim.o(.text)
    TIM_OC2NPolarityConfig                   0x08002e0d   Thumb Code    26  stm32f4xx_tim.o(.text)
    TIM_OC3PolarityConfig                    0x08002e27   Thumb Code    26  stm32f4xx_tim.o(.text)
    TIM_OC3NPolarityConfig                   0x08002e41   Thumb Code    26  stm32f4xx_tim.o(.text)
    TIM_OC4PolarityConfig                    0x08002e5b   Thumb Code    26  stm32f4xx_tim.o(.text)
    TIM_CCxCmd                               0x08002e75   Thumb Code    30  stm32f4xx_tim.o(.text)
    TIM_CCxNCmd                              0x08002e93   Thumb Code    30  stm32f4xx_tim.o(.text)
    TIM_SetIC4Prescaler                      0x08002eb1   Thumb Code    26  stm32f4xx_tim.o(.text)
    TIM_SetIC3Prescaler                      0x08002f1b   Thumb Code    18  stm32f4xx_tim.o(.text)
    TIM_SetIC2Prescaler                      0x08002f75   Thumb Code    26  stm32f4xx_tim.o(.text)
    TIM_SetIC1Prescaler                      0x08002fe9   Thumb Code    18  stm32f4xx_tim.o(.text)
    TIM_ICInit                               0x08003035   Thumb Code   110  stm32f4xx_tim.o(.text)
    TIM_ICStructInit                         0x080030a3   Thumb Code    18  stm32f4xx_tim.o(.text)
    TIM_PWMIConfig                           0x080030b5   Thumb Code   124  stm32f4xx_tim.o(.text)
    TIM_GetCapture1                          0x08003131   Thumb Code     6  stm32f4xx_tim.o(.text)
    TIM_GetCapture2                          0x08003137   Thumb Code     6  stm32f4xx_tim.o(.text)
    TIM_GetCapture3                          0x0800313d   Thumb Code     6  stm32f4xx_tim.o(.text)
    TIM_GetCapture4                          0x08003143   Thumb Code     6  stm32f4xx_tim.o(.text)
    TIM_BDTRConfig                           0x08003149   Thumb Code    32  stm32f4xx_tim.o(.text)
    TIM_BDTRStructInit                       0x08003169   Thumb Code    18  stm32f4xx_tim.o(.text)
    TIM_CtrlPWMOutputs                       0x0800317b   Thumb Code    30  stm32f4xx_tim.o(.text)
    TIM_SelectCOM                            0x08003199   Thumb Code    24  stm32f4xx_tim.o(.text)
    TIM_CCPreloadControl                     0x080031b1   Thumb Code    24  stm32f4xx_tim.o(.text)
    TIM_ITConfig                             0x080031c9   Thumb Code    18  stm32f4xx_tim.o(.text)
    TIM_GenerateEvent                        0x080031db   Thumb Code     4  stm32f4xx_tim.o(.text)
    TIM_GetFlagStatus                        0x080031df   Thumb Code    18  stm32f4xx_tim.o(.text)
    TIM_ClearFlag                            0x080031f1   Thumb Code     6  stm32f4xx_tim.o(.text)
    TIM_GetITStatus                          0x080031f7   Thumb Code    34  stm32f4xx_tim.o(.text)
    TIM_ClearITPendingBit                    0x08003219   Thumb Code     6  stm32f4xx_tim.o(.text)
    TIM_DMAConfig                            0x0800321f   Thumb Code    10  stm32f4xx_tim.o(.text)
    TIM_DMACmd                               0x08003229   Thumb Code    18  stm32f4xx_tim.o(.text)
    TIM_SelectCCDMA                          0x0800323b   Thumb Code    24  stm32f4xx_tim.o(.text)
    TIM_InternalClockConfig                  0x08003253   Thumb Code    12  stm32f4xx_tim.o(.text)
    TIM_SelectInputTrigger                   0x0800325f   Thumb Code    18  stm32f4xx_tim.o(.text)
    TIM_ITRxExternalClockConfig              0x08003271   Thumb Code    24  stm32f4xx_tim.o(.text)
    TIM_TIxExternalClockConfig               0x08003289   Thumb Code    62  stm32f4xx_tim.o(.text)
    TIM_ETRConfig                            0x080032c7   Thumb Code    28  stm32f4xx_tim.o(.text)
    TIM_ETRClockMode1Config                  0x080032e3   Thumb Code    54  stm32f4xx_tim.o(.text)
    TIM_ETRClockMode2Config                  0x08003319   Thumb Code    32  stm32f4xx_tim.o(.text)
    TIM_SelectOutputTrigger                  0x08003339   Thumb Code    18  stm32f4xx_tim.o(.text)
    TIM_SelectSlaveMode                      0x0800334b   Thumb Code    18  stm32f4xx_tim.o(.text)
    TIM_SelectMasterSlaveMode                0x0800335d   Thumb Code    18  stm32f4xx_tim.o(.text)
    TIM_EncoderInterfaceConfig               0x0800336f   Thumb Code    66  stm32f4xx_tim.o(.text)
    TIM_SelectHallSensor                     0x080033b1   Thumb Code    24  stm32f4xx_tim.o(.text)
    TIM_RemapConfig                          0x080033c9   Thumb Code     6  stm32f4xx_tim.o(.text)
    DMA_DeInit                               0x080033d1   Thumb Code   324  stm32f4xx_dma.o(.text)
    DMA_Init                                 0x08003515   Thumb Code    82  stm32f4xx_dma.o(.text)
    DMA_StructInit                           0x08003567   Thumb Code    34  stm32f4xx_dma.o(.text)
    DMA_Cmd                                  0x08003589   Thumb Code    22  stm32f4xx_dma.o(.text)
    DMA_PeriphIncOffsetSizeConfig            0x0800359f   Thumb Code    22  stm32f4xx_dma.o(.text)
    DMA_FlowControllerConfig                 0x080035b5   Thumb Code    22  stm32f4xx_dma.o(.text)
    DMA_SetCurrDataCounter                   0x080035cb   Thumb Code     4  stm32f4xx_dma.o(.text)
    DMA_GetCurrDataCounter                   0x080035cf   Thumb Code     8  stm32f4xx_dma.o(.text)
    DMA_DoubleBufferModeConfig               0x080035d7   Thumb Code    24  stm32f4xx_dma.o(.text)
    DMA_DoubleBufferModeCmd                  0x080035ef   Thumb Code    22  stm32f4xx_dma.o(.text)
    DMA_MemoryTargetConfig                   0x08003605   Thumb Code    10  stm32f4xx_dma.o(.text)
    DMA_GetCurrentMemoryTarget               0x0800360f   Thumb Code    20  stm32f4xx_dma.o(.text)
    DMA_GetCmdStatus                         0x08003623   Thumb Code    20  stm32f4xx_dma.o(.text)
    DMA_GetFIFOStatus                        0x08003637   Thumb Code    12  stm32f4xx_dma.o(.text)
    DMA_GetFlagStatus                        0x08003643   Thumb Code    56  stm32f4xx_dma.o(.text)
    DMA_ClearFlag                            0x0800367b   Thumb Code    40  stm32f4xx_dma.o(.text)
    DMA_ITConfig                             0x080036a3   Thumb Code    58  stm32f4xx_dma.o(.text)
    DMA_GetITStatus                          0x080036dd   Thumb Code    84  stm32f4xx_dma.o(.text)
    DMA_ClearITPendingBit                    0x08003731   Thumb Code    40  stm32f4xx_dma.o(.text)
    FSMC_NORSRAMDeInit                       0x08003779   Thumb Code    54  stm32f4xx_fsmc.o(.text)
    FSMC_NORSRAMInit                         0x080037af   Thumb Code   230  stm32f4xx_fsmc.o(.text)
    FSMC_NORSRAMStructInit                   0x08003895   Thumb Code    48  stm32f4xx_fsmc.o(.text)
    FSMC_NORSRAMCmd                          0x080038c5   Thumb Code    46  stm32f4xx_fsmc.o(.text)
    FSMC_NANDDeInit                          0x080038f3   Thumb Code    62  stm32f4xx_fsmc.o(.text)
    FSMC_NANDInit                            0x08003931   Thumb Code   132  stm32f4xx_fsmc.o(.text)
    FSMC_NANDStructInit                      0x080039b5   Thumb Code    54  stm32f4xx_fsmc.o(.text)
    FSMC_NANDCmd                             0x080039eb   Thumb Code    86  stm32f4xx_fsmc.o(.text)
    FSMC_NANDECCCmd                          0x08003a41   Thumb Code    86  stm32f4xx_fsmc.o(.text)
    FSMC_GetECC                              0x08003a97   Thumb Code    24  stm32f4xx_fsmc.o(.text)
    FSMC_PCCARDDeInit                        0x08003aaf   Thumb Code    36  stm32f4xx_fsmc.o(.text)
    FSMC_PCCARDInit                          0x08003ad3   Thumb Code   130  stm32f4xx_fsmc.o(.text)
    FSMC_PCCARDStructInit                    0x08003b55   Thumb Code    60  stm32f4xx_fsmc.o(.text)
    FSMC_PCCARDCmd                           0x08003b91   Thumb Code    44  stm32f4xx_fsmc.o(.text)
    FSMC_ITConfig                            0x08003bbd   Thumb Code   128  stm32f4xx_fsmc.o(.text)
    FSMC_GetFlagStatus                       0x08003c3d   Thumb Code    54  stm32f4xx_fsmc.o(.text)
    FSMC_ClearFlag                           0x08003c73   Thumb Code    74  stm32f4xx_fsmc.o(.text)
    FSMC_GetITStatus                         0x08003cbd   Thumb Code    62  stm32f4xx_fsmc.o(.text)
    FSMC_ClearITPendingBit                   0x08003cfb   Thumb Code    66  stm32f4xx_fsmc.o(.text)
    ADC1_Init                                0x08003d41   Thumb Code   214  adc.o(.text)
    ADC3_Init                                0x08003e17   Thumb Code   232  adc.o(.text)
    DAC1_Init                                0x08003f19   Thumb Code   120  dac.o(.text)
    USER_DMA_Config                          0x08003fa1   Thumb Code   166  dma.o(.text)
    USER_DMA_Enable                          0x08004047   Thumb Code    44  dma.o(.text)
    DMA2_Stream0_IRQHandler                  0x08004073   Thumb Code    32  dma.o(.text)
    SPI2_ReadWriteByte                       0x080040a1   Thumb Code    48  spi.o(.text)
    SPI2_Init                                0x080040d1   Thumb Code   226  spi.o(.text)
    SPI3_ReadWriteByte                       0x080041b3   Thumb Code    50  spi.o(.text)
    SPI3_Init                                0x080041e5   Thumb Code   208  spi.o(.text)
    TIM2_Init                                0x080042c1   Thumb Code   122  timer.o(.text)
    TIM6_Init                                0x0800433b   Thumb Code    66  timer.o(.text)
    TIM4_Init                                0x0800437d   Thumb Code    82  timer.o(.text)
    kp_up                                    0x080043cf   Thumb Code    20  timer.o(.text)
    kp_down                                  0x080043e3   Thumb Code    20  timer.o(.text)
    kd_up                                    0x080043f7   Thumb Code    20  timer.o(.text)
    kd_down                                  0x0800440b   Thumb Code    20  timer.o(.text)
    TIM4_IRQHandler                          0x0800441f   Thumb Code    24  timer.o(.text)
    TIM7_Init                                0x08004437   Thumb Code   100  timer.o(.text)
    TIM1_ETR_Init                            0x0800449b   Thumb Code   160  timer.o(.text)
    TIM7_IRQHandler                          0x0800453b   Thumb Code    54  timer.o(.text)
    TIM1_UP_TIM10_IRQHandler                 0x08004571   Thumb Code    34  timer.o(.text)
    uart1_init                               0x080045c5   Thumb Code   134  uart.o(.text)
    uart4_init                               0x0800464b   Thumb Code   134  uart.o(.text)
    uart1SendChar                            0x080046d1   Thumb Code    20  uart.o(.text)
    uart4SendChar                            0x080046e5   Thumb Code    22  uart.o(.text)
    uart1SendChars                           0x080046fb   Thumb Code    26  uart.o(.text)
    uart4SendChars                           0x08004715   Thumb Code    26  uart.o(.text)
    fputc                                    0x0800472f   Thumb Code    30  uart.o(.text)
    LCD_WriteReg                             0x0800475d   Thumb Code    10  lcd.o(.text)
    LCD_ReadReg                              0x08004767   Thumb Code    22  lcd.o(.text)
    lcdm_delay                               0x0800477d   Thumb Code    14  lcd.o(.text)
    LCD_WriteGRAM                            0x0800478b   Thumb Code    10  lcd.o(.text)
    LCD_DisplayOn                            0x08004795   Thumb Code     8  lcd.o(.text)
    LCD_DisplayOff                           0x0800479d   Thumb Code     8  lcd.o(.text)
    LCD_Open_Window                          0x080047a5   Thumb Code   166  lcd.o(.text)
    Set_Scan_Direction                       0x0800484b   Thumb Code   204  lcd.o(.text)
    Set_Display_Mode                         0x08004917   Thumb Code   214  lcd.o(.text)
    LCD_SetCursor                            0x080049ed   Thumb Code   186  lcd.o(.text)
    LCD_GetPoint                             0x08004aa7   Thumb Code   116  lcd.o(.text)
    LCD_DrawPoint                            0x08004b1b   Thumb Code    66  lcd.o(.text)
    LCD_DrawLine                             0x08004b5d   Thumb Code   176  lcd.o(.text)
    LCD_DrawRectangle                        0x08004c0d   Thumb Code    60  lcd.o(.text)
    LCD_Color_DrawPoint                      0x08004c49   Thumb Code    30  lcd.o(.text)
    LCD_Color_DrawLine                       0x08004c67   Thumb Code   172  lcd.o(.text)
    LCD_Color_DrawRectangle                  0x08004d13   Thumb Code    74  lcd.o(.text)
    Ssd1963_Set_BackLight                    0x08004d5d   Thumb Code    32  lcd.o(.text)
    LCD_Clear                                0x08004d7d   Thumb Code    50  lcd.o(.text)
    LCD_FSMC_Config                          0x08004daf   Thumb Code   524  lcd.o(.text)
    ILI9341_Read_id                          0x08004fbb   Thumb Code    30  lcd.o(.text)
    LCD_Init                                 0x08004fd9   Thumb Code   988  lcd.o(.text)
    LCD_Fill_onecolor                        0x080053b5   Thumb Code    82  lcd.o(.text)
    LCD_Draw_Picture                         0x08005407   Thumb Code    94  lcd.o(.text)
    LCD_DisplayChar                          0x08005465   Thumb Code   220  lcd.o(.text)
    LCD_DisplayString                        0x08005541   Thumb Code    64  lcd.o(.text)
    LCD_DisplayString_color                  0x08005581   Thumb Code    68  lcd.o(.text)
    Counter_Power                            0x080055c5   Thumb Code    28  lcd.o(.text)
    LCD_DisplayNum                           0x080055e1   Thumb Code   198  lcd.o(.text)
    LCD_DisplayNum_color                     0x080056a7   Thumb Code    78  lcd.o(.text)
    find_second_max                          0x08005715   Thumb Code   130  fft.o(.text)
    find_third_max                           0x08005797   Thumb Code   166  fft.o(.text)
    DSP_FFT                                  0x0800583d   Thumb Code   296  fft.o(.text)
    W25QXX_ReadID                            0x080059a1   Thumb Code    64  w25qxx.o(.text)
    W25QXX_Init                              0x080059e1   Thumb Code    66  w25qxx.o(.text)
    W25QXX_ReadSR                            0x08005a23   Thumb Code    36  w25qxx.o(.text)
    W25QXX_Write_SR                          0x08005a47   Thumb Code    32  w25qxx.o(.text)
    W25QXX_Write_Enable                      0x08005a67   Thumb Code    24  w25qxx.o(.text)
    W25QXX_Wait_Busy                         0x08005a7f   Thumb Code    18  w25qxx.o(.text)
    W25QXX_Write_Disable                     0x08005a91   Thumb Code    24  w25qxx.o(.text)
    W25QXX_Erase_Chip                        0x08005aa9   Thumb Code    36  w25qxx.o(.text)
    W25QXX_Erase_Sector                      0x08005acd   Thumb Code    62  w25qxx.o(.text)
    W25QXX_PowerDown                         0x08005b0b   Thumb Code    30  w25qxx.o(.text)
    W25QXX_WAKEUP                            0x08005b29   Thumb Code    30  w25qxx.o(.text)
    W25QXX_Read                              0x08005b47   Thumb Code    72  w25qxx.o(.text)
    W25QXX_Write_Page                        0x08005b8f   Thumb Code    78  w25qxx.o(.text)
    W25QXX_PageWrite                         0x08005bdd   Thumb Code   290  w25qxx.o(.text)
    W25QXX_SectorWrite                       0x08005cff   Thumb Code   204  w25qxx.o(.text)
    LED_Init                                 0x08005dcd   Thumb Code    60  led.o(.text)
    KEY_Init                                 0x08005e0d   Thumb Code    70  key.o(.text)
    key_scan                                 0x08005e53   Thumb Code   208  key.o(.text)
    Touch_Init                               0x08005f51   Thumb Code    20  touch.o(.text)
    Clear_Screen                             0x08005f65   Thumb Code    50  touch.o(.text)
    Draw_Point                               0x08005f97   Thumb Code    78  touch.o(.text)
    R_Touch_test                             0x08005fe5   Thumb Code   168  touch.o(.text)
    judge_button                             0x0800608d   Thumb Code    74  touch.o(.text)
    LCD_TOUCH_TEST                           0x080060d7   Thumb Code   154  touch.o(.text)
    SPI_Write_Byte                           0x080061d5   Thumb Code    64  xpt2046.o(.text)
    SPI_Read_AD                              0x08006215   Thumb Code   136  xpt2046.o(.text)
    RTouch_Read_XorY                         0x0800629d   Thumb Code   120  xpt2046.o(.text)
    RTouch_Read_XY                           0x08006315   Thumb Code    50  xpt2046.o(.text)
    RTouch_Read_XY2                          0x08006347   Thumb Code   192  xpt2046.o(.text)
    XPT2046_Scan                             0x08006407   Thumb Code   216  xpt2046.o(.text)
    XPT2046_Init                             0x080064df   Thumb Code   216  xpt2046.o(.text)
    arm_snr_f32                              0x0800661d   Thumb Code   266  math_helper.o(.text)
    arm_provide_guard_bits_q15               0x08006727   Thumb Code    26  math_helper.o(.text)
    arm_float_to_q12_20                      0x08006741   Thumb Code   160  math_helper.o(.text)
    arm_compare_fixed_q15                    0x080067e1   Thumb Code    54  math_helper.o(.text)
    arm_compare_fixed_q31                    0x08006817   Thumb Code    54  math_helper.o(.text)
    arm_provide_guard_bits_q31               0x0800684d   Thumb Code    26  math_helper.o(.text)
    arm_provide_guard_bits_q7                0x08006867   Thumb Code    22  math_helper.o(.text)
    arm_calc_guard_bits                      0x0800687d   Thumb Code    28  math_helper.o(.text)
    arm_calc_2pow                            0x08006899   Thumb Code    18  math_helper.o(.text)
    arm_apply_guard_bits                     0x080068ab   Thumb Code    54  math_helper.o(.text)
    arm_float_to_q14                         0x080068e1   Thumb Code   166  math_helper.o(.text)
    arm_float_to_q30                         0x08006987   Thumb Code   210  math_helper.o(.text)
    arm_float_to_q29                         0x08006a59   Thumb Code   162  math_helper.o(.text)
    arm_float_to_q28                         0x08006afb   Thumb Code   162  math_helper.o(.text)
    arm_clip_f32                             0x08006b9d   Thumb Code    68  math_helper.o(.text)
    AD9833_Init                              0x08006be9   Thumb Code     8  ad9833.o(.text)
    AD9833_Send                              0x08006bf1   Thumb Code    60  ad9833.o(.text)
    AD9833_WaveOut                           0x08006c2d   Thumb Code   218  ad9833.o(.text)
    TIM3_PWM_Init                            0x08006d21   Thumb Code   204  pwm.o(.text)
    DSP_ABS                                  0x08006df5   Thumb Code    20  arm_cmsis_dsp.o(.text)
    DSP_ADD                                  0x08006e09   Thumb Code    28  arm_cmsis_dsp.o(.text)
    DSP_CLIP                                 0x08006e25   Thumb Code    40  arm_cmsis_dsp.o(.text)
    DSP_DOT                                  0x08006e4d   Thumb Code    28  arm_cmsis_dsp.o(.text)
    DSP_MULT                                 0x08006e69   Thumb Code    28  arm_cmsis_dsp.o(.text)
    DSP_NEG                                  0x08006e85   Thumb Code    20  arm_cmsis_dsp.o(.text)
    DSP_OFFSET                               0x08006e99   Thumb Code    36  arm_cmsis_dsp.o(.text)
    DSP_SCALE                                0x08006ebd   Thumb Code    36  arm_cmsis_dsp.o(.text)
    DSP_SHIFT                                0x08006ee1   Thumb Code    28  arm_cmsis_dsp.o(.text)
    DSP_SUB                                  0x08006efd   Thumb Code    28  arm_cmsis_dsp.o(.text)
    DSP_COS                                  0x08006f19   Thumb Code    24  arm_cmsis_dsp.o(.text)
    DSP_SIN                                  0x08006f31   Thumb Code    24  arm_cmsis_dsp.o(.text)
    DSP_SQRT                                 0x08006f49   Thumb Code    36  arm_cmsis_dsp.o(.text)
    DSP_CMPLX_CONJ                           0x08006f6d   Thumb Code    20  arm_cmsis_dsp.o(.text)
    DSP_CMPLX_DOT                            0x08006f81   Thumb Code    36  arm_cmsis_dsp.o(.text)
    DSP_CMPLX_MAG                            0x08006fa5   Thumb Code    20  arm_cmsis_dsp.o(.text)
    DSP_CMPLX_MAG_SQ                         0x08006fb9   Thumb Code    20  arm_cmsis_dsp.o(.text)
    DSP_CM_MUL_CM                            0x08006fcd   Thumb Code    28  arm_cmsis_dsp.o(.text)
    DSP_CM_MUL_RE                            0x08006fe9   Thumb Code    28  arm_cmsis_dsp.o(.text)
    DSP_MAT_INIT                             0x08007005   Thumb Code    28  arm_cmsis_dsp.o(.text)
    DSP_MAT_ADD                              0x08007021   Thumb Code    70  arm_cmsis_dsp.o(.text)
    DSP_MAT_SUB                              0x08007067   Thumb Code    70  arm_cmsis_dsp.o(.text)
    DSP_MAT_MUL                              0x080070ad   Thumb Code    70  arm_cmsis_dsp.o(.text)
    DSP_MAT_SCA                              0x080070f3   Thumb Code    64  arm_cmsis_dsp.o(.text)
    DSP_MAT_INV                              0x08007133   Thumb Code    48  arm_cmsis_dsp.o(.text)
    DSP_MAT_TRA                              0x08007163   Thumb Code    48  arm_cmsis_dsp.o(.text)
    DSP_MAX                                  0x08007193   Thumb Code    28  arm_cmsis_dsp.o(.text)
    DSP_MIN                                  0x080071af   Thumb Code    28  arm_cmsis_dsp.o(.text)
    DSP_MEAN                                 0x080071cb   Thumb Code    20  arm_cmsis_dsp.o(.text)
    DSP_POW                                  0x080071df   Thumb Code    20  arm_cmsis_dsp.o(.text)
    DSP_RMS                                  0x080071f3   Thumb Code    20  arm_cmsis_dsp.o(.text)
    DSP_STD                                  0x08007207   Thumb Code    20  arm_cmsis_dsp.o(.text)
    DSP_VAR                                  0x0800721b   Thumb Code    20  arm_cmsis_dsp.o(.text)
    DSP_COPY                                 0x0800722f   Thumb Code    20  arm_cmsis_dsp.o(.text)
    DSP_FILL                                 0x08007243   Thumb Code    32  arm_cmsis_dsp.o(.text)
    DSP_LIN                                  0x08007263   Thumb Code    84  arm_cmsis_dsp.o(.text)
    DSP_PID_Init                             0x080072b7   Thumb Code    78  arm_cmsis_dsp.o(.text)
    DSP_PID_Compute                          0x08007305   Thumb Code   166  arm_cmsis_dsp.o(.text)
    DSP_PID_Reset                            0x080073ab   Thumb Code    12  arm_cmsis_dsp.o(.text)
    DSP_PID_SIMU                             0x080073b7   Thumb Code   178  arm_cmsis_dsp.o(.text)
    DSP_PID_DRAW                             0x08007469   Thumb Code   450  arm_cmsis_dsp.o(.text)
    DSP_CONV                                 0x0800762b   Thumb Code    36  arm_cmsis_dsp.o(.text)
    DSP_CONV_P                               0x0800764f   Thumb Code    40  arm_cmsis_dsp.o(.text)
    DSP_CORR                                 0x08007677   Thumb Code    36  arm_cmsis_dsp.o(.text)
    DSP_FIR_FIL                              0x0800769b   Thumb Code   104  arm_cmsis_dsp.o(.text)
    DSP_FIR_DECIMATE                         0x08007703   Thumb Code   112  arm_cmsis_dsp.o(.text)
    DSP_FIR_INTERPOLATE                      0x08007773   Thumb Code   160  arm_cmsis_dsp.o(.text)
    DSP_LMS_FILTER                           0x08007813   Thumb Code    76  arm_cmsis_dsp.o(.text)
    DSP_LMS_NORM_FILTER                      0x0800785f   Thumb Code    76  arm_cmsis_dsp.o(.text)
    DSP_LMS_DRAW                             0x080078ab   Thumb Code   506  arm_cmsis_dsp.o(.text)
    DSP_FILT                                 0x08007aa5   Thumb Code   126  arm_cmsis_dsp.o(.text)
    arm_abs_f32                              0x08007bc5   Thumb Code   164  arm_abs_f32.o(.text)
    arm_add_f32                              0x08007c69   Thumb Code   210  arm_add_f32.o(.text)
    arm_dot_prod_f32                         0x08007d3d   Thumb Code   256  arm_dot_prod_f32.o(.text)
    arm_mult_f32                             0x08007e41   Thumb Code   210  arm_mult_f32.o(.text)
    arm_negate_f32                           0x08007f13   Thumb Code   164  arm_negate_f32.o(.text)
    arm_offset_f32                           0x08007fb7   Thumb Code   164  arm_offset_f32.o(.text)
    arm_scale_f32                            0x0800805d   Thumb Code   152  arm_scale_f32.o(.text)
    arm_shift_q31                            0x080080f5   Thumb Code   304  arm_shift_q31.o(.text)
    arm_sub_f32                              0x08008225   Thumb Code   210  arm_sub_f32.o(.text)
    arm_cos_f32                              0x080082f9   Thumb Code   108  arm_cos_f32.o(.text)
    arm_sin_f32                              0x08008371   Thumb Code   104  arm_sin_f32.o(.text)
    arm_cmplx_conj_f32                       0x080083e5   Thumb Code   232  arm_cmplx_conj_f32.o(.text)
    arm_cmplx_dot_prod_f32                   0x080084cd   Thumb Code   216  arm_cmplx_dot_prod_f32.o(.text)
    arm_cmplx_mag_f32                        0x080085a9   Thumb Code   246  arm_cmplx_mag_f32.o(.text)
    arm_cmplx_mag_squared_f32                0x080086a5   Thumb Code   246  arm_cmplx_mag_squared_f32.o(.text)
    arm_cmplx_mult_cmplx_f32                 0x0800879d   Thumb Code   240  arm_cmplx_mult_cmplx_f32.o(.text)
    arm_cmplx_mult_real_f32                  0x0800888d   Thumb Code   228  arm_cmplx_mult_real_f32.o(.text)
    arm_conv_f32                             0x08008971   Thumb Code  1390  arm_conv_f32.o(.text)
    arm_conv_partial_f32                     0x08008ee1   Thumb Code  1478  arm_conv_partial_f32.o(.text)
    arm_correlate_f32                        0x080094a9   Thumb Code  1420  arm_correlate_f32.o(.text)
    arm_fir_decimate_f32                     0x08009a35   Thumb Code  1086  arm_fir_decimate_f32.o(.text)
    arm_fir_decimate_init_f32                0x08009e73   Thumb Code    52  arm_fir_decimate_init_f32.o(.text)
    arm_fir_f32                              0x08009ea9   Thumb Code  1330  arm_fir_f32.o(.text)
    arm_fir_init_f32                         0x0800a3db   Thumb Code    28  arm_fir_init_f32.o(.text)
    arm_fir_interpolate_f32                  0x0800a3f9   Thumb Code   854  arm_fir_interpolate_f32.o(.text)
    arm_fir_interpolate_init_f32             0x0800a755   Thumb Code    54  arm_fir_interpolate_init_f32.o(.text)
    arm_lms_f32                              0x0800a78d   Thumb Code   818  arm_lms_f32.o(.text)
    arm_lms_init_f32                         0x0800aac5   Thumb Code    44  arm_lms_init_f32.o(.text)
    arm_lms_norm_f32                         0x0800aaf1   Thumb Code   966  arm_lms_norm_f32.o(.text)
    arm_lms_norm_init_f32                    0x0800aec1   Thumb Code    56  arm_lms_norm_init_f32.o(.text)
    arm_mat_add_f32                          0x0800aefd   Thumb Code   264  arm_mat_add_f32.o(.text)
    arm_mat_init_f32                         0x0800b005   Thumb Code     8  arm_mat_init_f32.o(.text)
    arm_mat_inverse_f32                      0x0800b00d   Thumb Code  1328  arm_mat_inverse_f32.o(.text)
    arm_mat_mult_f32                         0x0800b53d   Thumb Code   312  arm_mat_mult_f32.o(.text)
    arm_mat_scale_f32                        0x0800b679   Thumb Code   208  arm_mat_scale_f32.o(.text)
    arm_mat_sub_f32                          0x0800b749   Thumb Code   264  arm_mat_sub_f32.o(.text)
    arm_mat_trans_f32                        0x0800b851   Thumb Code   276  arm_mat_trans_f32.o(.text)
    arm_radix4_butterfly_f32                 0x0800b965   Thumb Code   800  arm_cfft_radix4_f32.o(.text)
    arm_radix4_butterfly_inverse_f32         0x0800bc85   Thumb Code   836  arm_cfft_radix4_f32.o(.text)
    arm_cfft_radix4_f32                      0x0800bfc9   Thumb Code    60  arm_cfft_radix4_f32.o(.text)
    arm_cfft_radix4_init_f32                 0x0800c005   Thumb Code   146  arm_cfft_radix4_init_f32.o(.text)
    arm_pid_init_f32                         0x0800c0c5   Thumb Code    56  arm_pid_init_f32.o(.text)
    arm_pid_reset_f32                        0x0800c0fd   Thumb Code    10  arm_pid_reset_f32.o(.text)
    arm_max_f32                              0x0800c109   Thumb Code   216  arm_max_f32.o(.text)
    arm_mean_f32                             0x0800c1e1   Thumb Code   138  arm_mean_f32.o(.text)
    arm_min_f32                              0x0800c271   Thumb Code   216  arm_min_f32.o(.text)
    arm_power_f32                            0x0800c349   Thumb Code   198  arm_power_f32.o(.text)
    arm_rms_f32                              0x0800c415   Thumb Code   232  arm_rms_f32.o(.text)
    arm_std_f32                              0x0800c501   Thumb Code   304  arm_std_f32.o(.text)
    arm_var_f32                              0x0800c635   Thumb Code   286  arm_var_f32.o(.text)
    arm_copy_f32                             0x0800c759   Thumb Code   132  arm_copy_f32.o(.text)
    arm_fill_f32                             0x0800c7dd   Thumb Code   148  arm_fill_f32.o(.text)
    arm_bitreversal_f32                      0x0800c871   Thumb Code   178  arm_bitreversal.o(.text)
    arm_bitreversal_q31                      0x0800c923   Thumb Code   170  arm_bitreversal.o(.text)
    arm_bitreversal_q15                      0x0800c9cd   Thumb Code   122  arm_bitreversal.o(.text)
    __aeabi_llsl                             0x0800ca47   Thumb Code    30  llshl.o(.text)
    _ll_shift_l                              0x0800ca47   Thumb Code     0  llshl.o(.text)
    __aeabi_memset                           0x0800ca65   Thumb Code    14  memseta.o(.text)
    __aeabi_memset4                          0x0800ca65   Thumb Code     0  memseta.o(.text)
    __aeabi_memset8                          0x0800ca65   Thumb Code     0  memseta.o(.text)
    __aeabi_memclr                           0x0800ca73   Thumb Code     4  memseta.o(.text)
    __aeabi_memclr4                          0x0800ca73   Thumb Code     0  memseta.o(.text)
    __aeabi_memclr8                          0x0800ca73   Thumb Code     0  memseta.o(.text)
    _memset$wrapper                          0x0800ca77   Thumb Code    18  memseta.o(.text)
    __aeabi_dadd                             0x0800ca89   Thumb Code   322  dadd.o(.text)
    __aeabi_dsub                             0x0800cbcb   Thumb Code     6  dadd.o(.text)
    __aeabi_drsub                            0x0800cbd1   Thumb Code     6  dadd.o(.text)
    __aeabi_dmul                             0x0800cbd7   Thumb Code   228  dmul.o(.text)
    __aeabi_ddiv                             0x0800ccbb   Thumb Code   222  ddiv.o(.text)
    __aeabi_i2d                              0x0800cd99   Thumb Code    34  dflti.o(.text)
    __aeabi_ui2d                             0x0800cdbb   Thumb Code    26  dfltui.o(.text)
    __aeabi_d2iz                             0x0800cdd5   Thumb Code    62  dfixi.o(.text)
    __aeabi_f2d                              0x0800ce13   Thumb Code    38  f2d.o(.text)
    __aeabi_d2f                              0x0800ce39   Thumb Code    56  d2f.o(.text)
    __aeabi_uidiv                            0x0800ce71   Thumb Code     0  uidiv.o(.text)
    __aeabi_uidivmod                         0x0800ce71   Thumb Code    44  uidiv.o(.text)
    __aeabi_uldivmod                         0x0800ce9d   Thumb Code    98  uldiv.o(.text)
    __aeabi_llsr                             0x0800ceff   Thumb Code    32  llushr.o(.text)
    _ll_ushift_r                             0x0800ceff   Thumb Code     0  llushr.o(.text)
    __aeabi_lasr                             0x0800cf1f   Thumb Code    36  llsshr.o(.text)
    _ll_sshift_r                             0x0800cf1f   Thumb Code     0  llsshr.o(.text)
    __I$use$fp                               0x0800cf43   Thumb Code     0  iusefp.o(.text)
    _float_round                             0x0800cf43   Thumb Code    18  fepilogue.o(.text)
    _float_epilogue                          0x0800cf55   Thumb Code    92  fepilogue.o(.text)
    _double_round                            0x0800cfb1   Thumb Code    30  depilogue.o(.text)
    _double_epilogue                         0x0800cfcf   Thumb Code   156  depilogue.o(.text)
    __aeabi_d2ulz                            0x0800d06b   Thumb Code    48  dfixul.o(.text)
    __aeabi_cdrcmple                         0x0800d09d   Thumb Code    48  cdrcmple.o(.text)
    __scatterload                            0x0800d0cd   Thumb Code    28  init.o(.text)
    __scatterload_rt2                        0x0800d0cd   Thumb Code     0  init.o(.text)
    __aeabi_cdcmpeq                          0x0800d0f1   Thumb Code     0  cdcmple.o(.text)
    __aeabi_cdcmple                          0x0800d0f1   Thumb Code    48  cdcmple.o(.text)
    __decompress                             0x0800d121   Thumb Code     0  __dczerorl2.o(.text)
    __decompress1                            0x0800d121   Thumb Code    86  __dczerorl2.o(.text)
    __0printf                                0x0800d179   Thumb Code    22  printfa.o(i.__0printf)
    __1printf                                0x0800d179   Thumb Code     0  printfa.o(i.__0printf)
    __2printf                                0x0800d179   Thumb Code     0  printfa.o(i.__0printf)
    __c89printf                              0x0800d179   Thumb Code     0  printfa.o(i.__0printf)
    printf                                   0x0800d179   Thumb Code     0  printfa.o(i.__0printf)
    __0sprintf                               0x0800d199   Thumb Code    34  printfa.o(i.__0sprintf)
    __1sprintf                               0x0800d199   Thumb Code     0  printfa.o(i.__0sprintf)
    __2sprintf                               0x0800d199   Thumb Code     0  printfa.o(i.__0sprintf)
    __c89sprintf                             0x0800d199   Thumb Code     0  printfa.o(i.__0sprintf)
    sprintf                                  0x0800d199   Thumb Code     0  printfa.o(i.__0sprintf)
    __ARM_fpclassifyf                        0x0800d1c1   Thumb Code    38  fpclassifyf.o(i.__ARM_fpclassifyf)
    __hardfp_log                             0x0800d1e9   Thumb Code   872  log.o(i.__hardfp_log)
    __hardfp_log10                           0x0800d5b1   Thumb Code   260  log10.o(i.__hardfp_log10)
    __hardfp_sinf                            0x0800d6e1   Thumb Code   344  sinf.o(i.__hardfp_sinf)
    __kernel_poly                            0x0800d871   Thumb Code   248  poly.o(i.__kernel_poly)
    __mathlib_dbl_divzero                    0x0800d969   Thumb Code    28  dunder.o(i.__mathlib_dbl_divzero)
    __mathlib_dbl_infnan                     0x0800d999   Thumb Code    20  dunder.o(i.__mathlib_dbl_infnan)
    __mathlib_dbl_invalid                    0x0800d9b1   Thumb Code    24  dunder.o(i.__mathlib_dbl_invalid)
    __mathlib_flt_infnan                     0x0800d9d1   Thumb Code     6  funder.o(i.__mathlib_flt_infnan)
    __mathlib_flt_invalid                    0x0800d9d9   Thumb Code    10  funder.o(i.__mathlib_flt_invalid)
    __mathlib_flt_underflow                  0x0800d9e9   Thumb Code    10  funder.o(i.__mathlib_flt_underflow)
    __mathlib_rredf2                         0x0800d9f9   Thumb Code   316  rredf.o(i.__mathlib_rredf2)
    __scatterload_copy                       0x0800db4d   Thumb Code    14  handlers.o(i.__scatterload_copy)
    __scatterload_null                       0x0800db5b   Thumb Code     2  handlers.o(i.__scatterload_null)
    __scatterload_zeroinit                   0x0800db5d   Thumb Code    14  handlers.o(i.__scatterload_zeroinit)
    __set_errno                              0x0800db6d   Thumb Code     6  errno.o(i.__set_errno)
    free                                     0x0800e40d   Thumb Code    76  malloc.o(i.free)
    log                                      0x0800e45d   Thumb Code    16  log.o(i.log)
    malloc                                   0x0800e46d   Thumb Code    92  malloc.o(i.malloc)
    FSMC_DefaultTimingStruct                 0x0800e4d8   Data          28  stm32f4xx_fsmc.o(.constdata)
    char_1206                                0x0800e4f4   Data        1140  lcd.o(.constdata)
    char_1608                                0x0800e968   Data        1520  lcd.o(.constdata)
    char_2412                                0x0800ef58   Data        4560  lcd.o(.constdata)
    armBitRevTable                           0x08010128   Data        2048  arm_common_tables.o(.constdata)
    twiddleCoef_4096                         0x08010928   Data       32768  arm_common_tables.o(.constdata)
    sinTable_f32                             0x08018928   Data        2052  arm_common_tables.o(.constdata)
    __mathlib_zero                           0x08019188   Data           8  qnan.o(.constdata)
    Region$$Table$$Base                      0x08019190   Number         0  anon$$obj.o(Region$$Table)
    Region$$Table$$Limit                     0x080191b0   Number         0  anon$$obj.o(Region$$Table)
    fc_max_data                              0x20000008   Data           4  main.o(.data)
    fc_max_data_n                            0x2000000c   Data           4  main.o(.data)
    fc_secmax_data                           0x20000010   Data           4  main.o(.data)
    fc_secmax_data_n                         0x20000014   Data           4  main.o(.data)
    fc_thirmax_data                          0x20000018   Data           4  main.o(.data)
    fc_thirmax_data_n                        0x2000001c   Data           4  main.o(.data)
    fc_forthmax_data                         0x20000020   Data           4  main.o(.data)
    fc_forthmax_data_n                       0x20000024   Data           4  main.o(.data)
    phase1                                   0x20000028   Data           1  main.o(.data)
    phase2                                   0x20000029   Data           1  main.o(.data)
    wavetype                                 0x2000002a   Data           2  main.o(.data)
    DDSFre                                   0x2000002c   Data           4  main.o(.data)
    fc_sin_uart                              0x20000030   Data           4  main.o(.data)
    fc_tri_uart                              0x20000034   Data           4  main.o(.data)
    fc_tri                                   0x20000038   Data           1  main.o(.data)
    fc_sin                                   0x20000039   Data           1  main.o(.data)
    addr                                     0x2000003a   Data           1  main.o(.data)
    offset_demo                              0x20000040   Data           8  main.o(.data)
    kp_cnt                                   0x20000048   Data           4  main.o(.data)
    kd_cnt                                   0x2000004c   Data           4  main.o(.data)
    setV                                     0x20000050   Data           4  main.o(.data)
    PID_tol                                  0x20000054   Data           4  main.o(.data)
    Kp                                       0x20000058   Data           4  main.o(.data)
    Ki                                       0x2000005c   Data           4  main.o(.data)
    Kd                                       0x20000060   Data           4  main.o(.data)
    UPLIMIT                                  0x20000064   Data           4  main.o(.data)
    DOWNLIMIT                                0x20000068   Data           4  main.o(.data)
    realOut                                  0x2000006c   Data           4  main.o(.data)
    error                                    0x20000070   Data           4  main.o(.data)
    adjust                                   0x20000074   Data           4  main.o(.data)
    mu                                       0x20000078   Data           4  main.o(.data)
    SystemCoreClock                          0x2000007c   Data           4  system_stm32f4xx.o(.data)
    AHBPrescTable                            0x20000080   Data          16  system_stm32f4xx.o(.data)
    DAC_Data_Tx                              0x200000a0   Data           2  dac.o(.data)
    DAC1_Data_Tx                             0x200000a2   Data           2  dac.o(.data)
    DMA_FLAG                                 0x200000a4   Data           1  dma.o(.data)
    kp                                       0x200000a8   Data           4  timer.o(.data)
    ki                                       0x200000ac   Data           4  timer.o(.data)
    kd                                       0x200000b0   Data           4  timer.o(.data)
    BRUSH_COLOR                              0x200000b4   Data           2  lcd.o(.data)
    BACK_COLOR                               0x200000b6   Data           2  lcd.o(.data)
    lcd_id                                   0x200000b8   Data           2  lcd.o(.data)
    dir_flag                                 0x200000ba   Data           1  lcd.o(.data)
    lcd_width                                0x200000bc   Data           2  lcd.o(.data)
    lcd_height                               0x200000be   Data           2  lcd.o(.data)
    write_gramcmd                            0x200000c0   Data           2  lcd.o(.data)
    setxcmd                                  0x200000c2   Data           2  lcd.o(.data)
    setycmd                                  0x200000c4   Data           2  lcd.o(.data)
    Mag_max                                  0x200000c8   Data           4  fft.o(.data)
    Mag_secmax                               0x200000cc   Data           4  fft.o(.data)
    Mag_thirmax                              0x200000d0   Data           4  fft.o(.data)
    Mag_thirmax_index                        0x200000d4   Data           4  fft.o(.data)
    Mag_secmax_index                         0x200000d8   Data           4  fft.o(.data)
    Mag_max_index                            0x200000dc   Data           4  fft.o(.data)
    offset                                   0x200000e0   Data           1  fft.o(.data)
    W25QXX_ID                                0x200000e2   Data           2  w25qxx.o(.data)
    pBuffer                                  0x200000e4   Data           2  w25qxx.o(.data)
    DataBuffer                               0x200000e6   Data           2  w25qxx.o(.data)
    keydown_data                             0x200000e8   Data           1  key.o(.data)
    keyup_data                               0x200000e9   Data           1  key.o(.data)
    key_time                                 0x200000ea   Data           2  key.o(.data)
    key_tem                                  0x200000ec   Data           1  key.o(.data)
    key_bak                                  0x200000ed   Data           1  key.o(.data)
    button_cnt                               0x200000ee   Data           1  touch.o(.data)
    button_startX                            0x200000ef   Data           4  touch.o(.data)
    button_startY                            0x200000f3   Data           1  touch.o(.data)
    button_endX                              0x200000f4   Data           4  touch.o(.data)
    button_endY                              0x200000f8   Data           1  touch.o(.data)
    button_centerX                           0x200000f9   Data           4  touch.o(.data)
    button_centerY                           0x200000fd   Data           1  touch.o(.data)
    judge_point                              0x200000fe   Data           1  touch.o(.data)
    flagForTouch                             0x200000ff   Data           1  touch.o(.data)
    Xdown                                    0x20000100   Data           2  xpt2046.o(.data)
    Ydown                                    0x20000102   Data           2  xpt2046.o(.data)
    Xup                                      0x20000104   Data           2  xpt2046.o(.data)
    Yup                                      0x20000106   Data           2  xpt2046.o(.data)
    CMD_RDX                                  0x20000108   Data           1  xpt2046.o(.data)
    CMD_RDY                                  0x20000109   Data           1  xpt2046.o(.data)
    xFactor                                  0x2000010c   Data           4  xpt2046.o(.data)
    yFactor                                  0x20000110   Data           4  xpt2046.o(.data)
    xOffset                                  0x20000114   Data           2  xpt2046.o(.data)
    yOffset                                  0x20000116   Data           2  xpt2046.o(.data)
    x                                        0x20000118   Data           2  xpt2046.o(.data)
    y                                        0x2000011a   Data           2  xpt2046.o(.data)
    time                                     0x2000011c   Data           1  xpt2046.o(.data)
    cntTIM1_ETR                              0x20000120   Data           4  freqmeas.o(.data)
    timesTIM1_UpOverLoad                     0x20000124   Data           4  freqmeas.o(.data)
    cntTIM7_Std                              0x20000128   Data           4  freqmeas.o(.data)
    timesTIM7_UpOverLoad                     0x2000012c   Data           4  freqmeas.o(.data)
    overtimeFlag                             0x20000130   Data           4  freqmeas.o(.data)
    alpha                                    0x20000140   Data           4  arm_cmsis_dsp.o(.data)
    a1                                       0x20000144   Data           4  arm_cmsis_dsp.o(.data)
    a2                                       0x20000148   Data           4  arm_cmsis_dsp.o(.data)
    b                                        0x2000014c   Data           4  arm_cmsis_dsp.o(.data)
    flag_FIL                                 0x20000150   Data           1  arm_cmsis_dsp.o(.data)
    pFIL                                     0x20000151   Data           1  arm_cmsis_dsp.o(.data)
    __stdout                                 0x20000154   Data           4  stdout.o(.data)
    __microlib_freelist                      0x20000158   Data           4  mvars.o(.data)
    __microlib_freelist_initialised          0x2000015c   Data           4  mvars.o(.data)
    String1                                  0x20000164   Data         100  main.o(.bss)
    String2                                  0x200001c8   Data         100  main.o(.bss)
    String3                                  0x2000022c   Data         100  main.o(.bss)
    detected_waves                           0x20000290   Data          48  main.o(.bss)
    my_pid                                   0x200002c0   Data          52  main.o(.bss)
    testInput                                0x200002f4   Data        4096  main.o(.bss)
    refInput                                 0x200012f4   Data        4096  main.o(.bss)
    lmsOutput                                0x200022f4   Data        4096  main.o(.bss)
    errorOutput                              0x200032f4   Data        4096  main.o(.bss)
    fir_coeffs                               0x200042f4   Data         256  main.o(.bss)
    lms_state                                0x200043f4   Data        4348  main.o(.bss)
    y_in_buf                                 0x200054f0   Data         920  main.o(.bss)
    y_out_buf                                0x20005888   Data         920  main.o(.bss)
    ADC1_Data_Rx                             0x20005c20   Data        8192  adc.o(.bss)
    ADC3_Data_Rx                             0x20007c20   Data       16384  adc.o(.bss)
    String                                   0x2000bc20   Data         100  uart.o(.bss)
    FFT_Data                                 0x2000bc84   Data       32768  fft.o(.bss)
    Mag                                      0x20013c84   Data       16384  fft.o(.bss)
    Mag_Single                               0x20017c84   Data        8192  fft.o(.bss)
    TS_BUFFER                                0x20019c84   Data        4096  w25qxx.o(.bss)
    y_buff                                   0x2001ac84   Data         924  arm_cmsis_dsp.o(.bss)
    FIL_data                                 0x2001b020   Data          32  arm_cmsis_dsp.o(.bss)
    __heap_base                              0x2001b040   Data           0  startup_stm32f40_41xxx.o(HEAP)
    __heap_limit                             0x2001b240   Data           0  startup_stm32f40_41xxx.o(HEAP)
    __initial_sp                             0x2001b640   Data           0  startup_stm32f40_41xxx.o(STACK)



==============================================================================

Memory Map of the image

  Image Entry point : 0x08000189

  Load Region LR_IROM1 (Base: 0x08000000, Size: 0x00019314, Max: 0x00100000, ABSOLUTE, COMPRESSED[0x00019238])

    Execution Region ER_IROM1 (Exec base: 0x08000000, Load base: 0x08000000, Size: 0x000191b0, Max: 0x00100000, ABSOLUTE)

    Exec Addr    Load Addr    Size         Type   Attr      Idx    E Section Name        Object

    0x08000000   0x08000000   0x00000188   Data   RO          307    RESET               startup_stm32f40_41xxx.o
    0x08000188   0x08000188   0x00000000   Code   RO         2486  * .ARM.Collect$$$$00000000  mc_w.l(entry.o)
    0x08000188   0x08000188   0x00000004   Code   RO         2845    .ARM.Collect$$$$00000001  mc_w.l(entry2.o)
    0x0800018c   0x0800018c   0x00000004   Code   RO         2848    .ARM.Collect$$$$00000004  mc_w.l(entry5.o)
    0x08000190   0x08000190   0x00000000   Code   RO         2850    .ARM.Collect$$$$00000008  mc_w.l(entry7b.o)
    0x08000190   0x08000190   0x00000000   Code   RO         2852    .ARM.Collect$$$$0000000A  mc_w.l(entry8b.o)
    0x08000190   0x08000190   0x00000008   Code   RO         2853    .ARM.Collect$$$$0000000B  mc_w.l(entry9a.o)
    0x08000198   0x08000198   0x00000004   Code   RO         2860    .ARM.Collect$$$$0000000E  mc_w.l(entry12b.o)
    0x0800019c   0x0800019c   0x00000000   Code   RO         2855    .ARM.Collect$$$$0000000F  mc_w.l(entry10a.o)
    0x0800019c   0x0800019c   0x00000000   Code   RO         2857    .ARM.Collect$$$$00000011  mc_w.l(entry11a.o)
    0x0800019c   0x0800019c   0x00000004   Code   RO         2846    .ARM.Collect$$$$00002712  mc_w.l(entry2.o)
    0x080001a0   0x080001a0   0x0000031c   Code   RO            4    .text               common.o
    0x080004bc   0x080004bc   0x00000708   Code   RO          139    .text               main.o
    0x08000bc4   0x08000bc4   0x0000001a   Code   RO          258    .text               stm32f4xx_it.o
    0x08000bde   0x08000bde   0x00000002   PAD
    0x08000be0   0x08000be0   0x00000210   Code   RO          281    .text               system_stm32f4xx.o
    0x08000df0   0x08000df0   0x00000024   Code   RO          308    .text               startup_stm32f40_41xxx.o
    0x08000e14   0x08000e14   0x000000e0   Code   RO          314    .text               misc.o
    0x08000ef4   0x08000ef4   0x00000294   Code   RO          334    .text               stm32f4xx_gpio.o
    0x08001188   0x08001188   0x00000454   Code   RO          354    .text               stm32f4xx_usart.o
    0x080015dc   0x080015dc   0x00000464   Code   RO          374    .text               stm32f4xx_adc.o
    0x08001a40   0x08001a40   0x00000210   Code   RO          394    .text               stm32f4xx_dac.o
    0x08001c50   0x08001c50   0x0000065c   Code   RO          414    .text               stm32f4xx_rcc.o
    0x080022ac   0x080022ac   0x00000480   Code   RO          436    .text               stm32f4xx_spi.o
    0x0800272c   0x0800272c   0x00000ca2   Code   RO          456    .text               stm32f4xx_tim.o
    0x080033ce   0x080033ce   0x00000002   PAD
    0x080033d0   0x080033d0   0x000003a8   Code   RO          476    .text               stm32f4xx_dma.o
    0x08003778   0x08003778   0x000005c8   Code   RO          496    .text               stm32f4xx_fsmc.o
    0x08003d40   0x08003d40   0x000001d8   Code   RO          539    .text               adc.o
    0x08003f18   0x08003f18   0x00000088   Code   RO          565    .text               dac.o
    0x08003fa0   0x08003fa0   0x00000100   Code   RO          591    .text               dma.o
    0x080040a0   0x080040a0   0x00000220   Code   RO          617    .text               spi.o
    0x080042c0   0x080042c0   0x00000304   Code   RO          637    .text               timer.o
    0x080045c4   0x080045c4   0x00000198   Code   RO          660    .text               uart.o
    0x0800475c   0x0800475c   0x00000fb8   Code   RO          690    .text               lcd.o
    0x08005714   0x08005714   0x0000028c   Code   RO          740    .text               fft.o
    0x080059a0   0x080059a0   0x0000042a   Code   RO          767    .text               w25qxx.o
    0x08005dca   0x08005dca   0x00000002   PAD
    0x08005dcc   0x08005dcc   0x00000040   Code   RO          794    .text               led.o
    0x08005e0c   0x08005e0c   0x00000144   Code   RO          814    .text               key.o
    0x08005f50   0x08005f50   0x00000284   Code   RO          854    .text               touch.o
    0x080061d4   0x080061d4   0x00000448   Code   RO          881    .text               xpt2046.o
    0x0800661c   0x0800661c   0x000005cc   Code   RO          935    .text               math_helper.o
    0x08006be8   0x08006be8   0x00000138   Code   RO          961    .text               ad9833.o
    0x08006d20   0x08006d20   0x000000d4   Code   RO         1007    .text               pwm.o
    0x08006df4   0x08006df4   0x00000dd0   Code   RO         1057    .text               arm_cmsis_dsp.o
    0x08007bc4   0x08007bc4   0x000000a4   Code   RO         1124    .text               arm_cortexM4lf_math.lib(arm_abs_f32.o)
    0x08007c68   0x08007c68   0x000000d2   Code   RO         1173    .text               arm_cortexM4lf_math.lib(arm_add_f32.o)
    0x08007d3a   0x08007d3a   0x00000002   PAD
    0x08007d3c   0x08007d3c   0x00000104   Code   RO         1197    .text               arm_cortexM4lf_math.lib(arm_dot_prod_f32.o)
    0x08007e40   0x08007e40   0x000000d2   Code   RO         1221    .text               arm_cortexM4lf_math.lib(arm_mult_f32.o)
    0x08007f12   0x08007f12   0x000000a4   Code   RO         1245    .text               arm_cortexM4lf_math.lib(arm_negate_f32.o)
    0x08007fb6   0x08007fb6   0x000000a4   Code   RO         1269    .text               arm_cortexM4lf_math.lib(arm_offset_f32.o)
    0x0800805a   0x0800805a   0x00000002   PAD
    0x0800805c   0x0800805c   0x00000098   Code   RO         1293    .text               arm_cortexM4lf_math.lib(arm_scale_f32.o)
    0x080080f4   0x080080f4   0x00000130   Code   RO         1317    .text               arm_cortexM4lf_math.lib(arm_shift_q31.o)
    0x08008224   0x08008224   0x000000d2   Code   RO         1344    .text               arm_cortexM4lf_math.lib(arm_sub_f32.o)
    0x080082f6   0x080082f6   0x00000002   PAD
    0x080082f8   0x080082f8   0x00000078   Code   RO         1368    .text               arm_cortexM4lf_math.lib(arm_cos_f32.o)
    0x08008370   0x08008370   0x00000074   Code   RO         1396    .text               arm_cortexM4lf_math.lib(arm_sin_f32.o)
    0x080083e4   0x080083e4   0x000000e8   Code   RO         1420    .text               arm_cortexM4lf_math.lib(arm_cmplx_conj_f32.o)
    0x080084cc   0x080084cc   0x000000dc   Code   RO         1444    .text               arm_cortexM4lf_math.lib(arm_cmplx_dot_prod_f32.o)
    0x080085a8   0x080085a8   0x000000fc   Code   RO         1468    .text               arm_cortexM4lf_math.lib(arm_cmplx_mag_f32.o)
    0x080086a4   0x080086a4   0x000000f6   Code   RO         1495    .text               arm_cortexM4lf_math.lib(arm_cmplx_mag_squared_f32.o)
    0x0800879a   0x0800879a   0x00000002   PAD
    0x0800879c   0x0800879c   0x000000f0   Code   RO         1519    .text               arm_cortexM4lf_math.lib(arm_cmplx_mult_cmplx_f32.o)
    0x0800888c   0x0800888c   0x000000e4   Code   RO         1543    .text               arm_cortexM4lf_math.lib(arm_cmplx_mult_real_f32.o)
    0x08008970   0x08008970   0x0000056e   Code   RO         1567    .text               arm_cortexM4lf_math.lib(arm_conv_f32.o)
    0x08008ede   0x08008ede   0x00000002   PAD
    0x08008ee0   0x08008ee0   0x000005c6   Code   RO         1591    .text               arm_cortexM4lf_math.lib(arm_conv_partial_f32.o)
    0x080094a6   0x080094a6   0x00000002   PAD
    0x080094a8   0x080094a8   0x0000058c   Code   RO         1615    .text               arm_cortexM4lf_math.lib(arm_correlate_f32.o)
    0x08009a34   0x08009a34   0x0000043e   Code   RO         1639    .text               arm_cortexM4lf_math.lib(arm_fir_decimate_f32.o)
    0x08009e72   0x08009e72   0x00000034   Code   RO         1663    .text               arm_cortexM4lf_math.lib(arm_fir_decimate_init_f32.o)
    0x08009ea6   0x08009ea6   0x00000002   PAD
    0x08009ea8   0x08009ea8   0x00000532   Code   RO         1687    .text               arm_cortexM4lf_math.lib(arm_fir_f32.o)
    0x0800a3da   0x0800a3da   0x0000001c   Code   RO         1711    .text               arm_cortexM4lf_math.lib(arm_fir_init_f32.o)
    0x0800a3f6   0x0800a3f6   0x00000002   PAD
    0x0800a3f8   0x0800a3f8   0x0000035c   Code   RO         1735    .text               arm_cortexM4lf_math.lib(arm_fir_interpolate_f32.o)
    0x0800a754   0x0800a754   0x00000036   Code   RO         1759    .text               arm_cortexM4lf_math.lib(arm_fir_interpolate_init_f32.o)
    0x0800a78a   0x0800a78a   0x00000002   PAD
    0x0800a78c   0x0800a78c   0x00000338   Code   RO         1783    .text               arm_cortexM4lf_math.lib(arm_lms_f32.o)
    0x0800aac4   0x0800aac4   0x0000002c   Code   RO         1807    .text               arm_cortexM4lf_math.lib(arm_lms_init_f32.o)
    0x0800aaf0   0x0800aaf0   0x000003d0   Code   RO         1831    .text               arm_cortexM4lf_math.lib(arm_lms_norm_f32.o)
    0x0800aec0   0x0800aec0   0x0000003c   Code   RO         1855    .text               arm_cortexM4lf_math.lib(arm_lms_norm_init_f32.o)
    0x0800aefc   0x0800aefc   0x00000108   Code   RO         1879    .text               arm_cortexM4lf_math.lib(arm_mat_add_f32.o)
    0x0800b004   0x0800b004   0x00000008   Code   RO         1903    .text               arm_cortexM4lf_math.lib(arm_mat_init_f32.o)
    0x0800b00c   0x0800b00c   0x00000530   Code   RO         1927    .text               arm_cortexM4lf_math.lib(arm_mat_inverse_f32.o)
    0x0800b53c   0x0800b53c   0x0000013c   Code   RO         1951    .text               arm_cortexM4lf_math.lib(arm_mat_mult_f32.o)
    0x0800b678   0x0800b678   0x000000d0   Code   RO         1975    .text               arm_cortexM4lf_math.lib(arm_mat_scale_f32.o)
    0x0800b748   0x0800b748   0x00000108   Code   RO         1999    .text               arm_cortexM4lf_math.lib(arm_mat_sub_f32.o)
    0x0800b850   0x0800b850   0x00000114   Code   RO         2023    .text               arm_cortexM4lf_math.lib(arm_mat_trans_f32.o)
    0x0800b964   0x0800b964   0x000006a0   Code   RO         2047    .text               arm_cortexM4lf_math.lib(arm_cfft_radix4_f32.o)
    0x0800c004   0x0800c004   0x000000c0   Code   RO         2071    .text               arm_cortexM4lf_math.lib(arm_cfft_radix4_init_f32.o)
    0x0800c0c4   0x0800c0c4   0x00000038   Code   RO         2095    .text               arm_cortexM4lf_math.lib(arm_pid_init_f32.o)
    0x0800c0fc   0x0800c0fc   0x0000000a   Code   RO         2119    .text               arm_cortexM4lf_math.lib(arm_pid_reset_f32.o)
    0x0800c106   0x0800c106   0x00000002   PAD
    0x0800c108   0x0800c108   0x000000d8   Code   RO         2143    .text               arm_cortexM4lf_math.lib(arm_max_f32.o)
    0x0800c1e0   0x0800c1e0   0x00000090   Code   RO         2167    .text               arm_cortexM4lf_math.lib(arm_mean_f32.o)
    0x0800c270   0x0800c270   0x000000d8   Code   RO         2191    .text               arm_cortexM4lf_math.lib(arm_min_f32.o)
    0x0800c348   0x0800c348   0x000000cc   Code   RO         2215    .text               arm_cortexM4lf_math.lib(arm_power_f32.o)
    0x0800c414   0x0800c414   0x000000ec   Code   RO         2239    .text               arm_cortexM4lf_math.lib(arm_rms_f32.o)
    0x0800c500   0x0800c500   0x00000134   Code   RO         2263    .text               arm_cortexM4lf_math.lib(arm_std_f32.o)
    0x0800c634   0x0800c634   0x00000124   Code   RO         2287    .text               arm_cortexM4lf_math.lib(arm_var_f32.o)
    0x0800c758   0x0800c758   0x00000084   Code   RO         2311    .text               arm_cortexM4lf_math.lib(arm_copy_f32.o)
    0x0800c7dc   0x0800c7dc   0x00000094   Code   RO         2335    .text               arm_cortexM4lf_math.lib(arm_fill_f32.o)
    0x0800c870   0x0800c870   0x000001d6   Code   RO         2359    .text               arm_cortexM4lf_math.lib(arm_bitreversal.o)
    0x0800ca46   0x0800ca46   0x0000001e   Code   RO         2489    .text               mc_w.l(llshl.o)
    0x0800ca64   0x0800ca64   0x00000024   Code   RO         2491    .text               mc_w.l(memseta.o)
    0x0800ca88   0x0800ca88   0x0000014e   Code   RO         2782    .text               mf_w.l(dadd.o)
    0x0800cbd6   0x0800cbd6   0x000000e4   Code   RO         2784    .text               mf_w.l(dmul.o)
    0x0800ccba   0x0800ccba   0x000000de   Code   RO         2786    .text               mf_w.l(ddiv.o)
    0x0800cd98   0x0800cd98   0x00000022   Code   RO         2788    .text               mf_w.l(dflti.o)
    0x0800cdba   0x0800cdba   0x0000001a   Code   RO         2790    .text               mf_w.l(dfltui.o)
    0x0800cdd4   0x0800cdd4   0x0000003e   Code   RO         2792    .text               mf_w.l(dfixi.o)
    0x0800ce12   0x0800ce12   0x00000026   Code   RO         2794    .text               mf_w.l(f2d.o)
    0x0800ce38   0x0800ce38   0x00000038   Code   RO         2796    .text               mf_w.l(d2f.o)
    0x0800ce70   0x0800ce70   0x0000002c   Code   RO         2862    .text               mc_w.l(uidiv.o)
    0x0800ce9c   0x0800ce9c   0x00000062   Code   RO         2864    .text               mc_w.l(uldiv.o)
    0x0800cefe   0x0800cefe   0x00000020   Code   RO         2866    .text               mc_w.l(llushr.o)
    0x0800cf1e   0x0800cf1e   0x00000024   Code   RO         2868    .text               mc_w.l(llsshr.o)
    0x0800cf42   0x0800cf42   0x00000000   Code   RO         2883    .text               mc_w.l(iusefp.o)
    0x0800cf42   0x0800cf42   0x0000006e   Code   RO         2884    .text               mf_w.l(fepilogue.o)
    0x0800cfb0   0x0800cfb0   0x000000ba   Code   RO         2886    .text               mf_w.l(depilogue.o)
    0x0800d06a   0x0800d06a   0x00000030   Code   RO         2890    .text               mf_w.l(dfixul.o)
    0x0800d09a   0x0800d09a   0x00000002   PAD
    0x0800d09c   0x0800d09c   0x00000030   Code   RO         2892    .text               mf_w.l(cdrcmple.o)
    0x0800d0cc   0x0800d0cc   0x00000024   Code   RO         2897    .text               mc_w.l(init.o)
    0x0800d0f0   0x0800d0f0   0x00000030   Code   RO         2899    .text               mf_w.l(cdcmple.o)
    0x0800d120   0x0800d120   0x00000056   Code   RO         2909    .text               mc_w.l(__dczerorl2.o)
    0x0800d176   0x0800d176   0x00000002   PAD
    0x0800d178   0x0800d178   0x00000020   Code   RO         2726    i.__0printf         mc_w.l(printfa.o)
    0x0800d198   0x0800d198   0x00000028   Code   RO         2728    i.__0sprintf        mc_w.l(printfa.o)
    0x0800d1c0   0x0800d1c0   0x00000026   Code   RO         2812    i.__ARM_fpclassifyf  m_wm.l(fpclassifyf.o)
    0x0800d1e6   0x0800d1e6   0x00000002   PAD
    0x0800d1e8   0x0800d1e8   0x000003c4   Code   RO         2828    i.__hardfp_log      m_wm.l(log.o)
    0x0800d5ac   0x0800d5ac   0x00000004   PAD
    0x0800d5b0   0x0800d5b0   0x00000130   Code   RO         2462    i.__hardfp_log10    m_wm.l(log10.o)
    0x0800d6e0   0x0800d6e0   0x00000190   Code   RO         2474    i.__hardfp_sinf     m_wm.l(sinf.o)
    0x0800d870   0x0800d870   0x000000f8   Code   RO         2894    i.__kernel_poly     m_wm.l(poly.o)
    0x0800d968   0x0800d968   0x00000030   Code   RO         2798    i.__mathlib_dbl_divzero  m_wm.l(dunder.o)
    0x0800d998   0x0800d998   0x00000014   Code   RO         2799    i.__mathlib_dbl_infnan  m_wm.l(dunder.o)
    0x0800d9ac   0x0800d9ac   0x00000004   PAD
    0x0800d9b0   0x0800d9b0   0x00000020   Code   RO         2801    i.__mathlib_dbl_invalid  m_wm.l(dunder.o)
    0x0800d9d0   0x0800d9d0   0x00000006   Code   RO         2815    i.__mathlib_flt_infnan  m_wm.l(funder.o)
    0x0800d9d6   0x0800d9d6   0x00000002   PAD
    0x0800d9d8   0x0800d9d8   0x00000010   Code   RO         2817    i.__mathlib_flt_invalid  m_wm.l(funder.o)
    0x0800d9e8   0x0800d9e8   0x00000010   Code   RO         2820    i.__mathlib_flt_underflow  m_wm.l(funder.o)
    0x0800d9f8   0x0800d9f8   0x00000154   Code   RO         2842    i.__mathlib_rredf2  m_wm.l(rredf.o)
    0x0800db4c   0x0800db4c   0x0000000e   Code   RO         2903    i.__scatterload_copy  mc_w.l(handlers.o)
    0x0800db5a   0x0800db5a   0x00000002   Code   RO         2904    i.__scatterload_null  mc_w.l(handlers.o)
    0x0800db5c   0x0800db5c   0x0000000e   Code   RO         2905    i.__scatterload_zeroinit  mc_w.l(handlers.o)
    0x0800db6a   0x0800db6a   0x00000002   PAD
    0x0800db6c   0x0800db6c   0x0000000c   Code   RO         2878    i.__set_errno       mc_w.l(errno.o)
    0x0800db78   0x0800db78   0x00000184   Code   RO         2733    i._fp_digits        mc_w.l(printfa.o)
    0x0800dcfc   0x0800dcfc   0x000006b4   Code   RO         2734    i._printf_core      mc_w.l(printfa.o)
    0x0800e3b0   0x0800e3b0   0x00000024   Code   RO         2735    i._printf_post_padding  mc_w.l(printfa.o)
    0x0800e3d4   0x0800e3d4   0x0000002e   Code   RO         2736    i._printf_pre_padding  mc_w.l(printfa.o)
    0x0800e402   0x0800e402   0x0000000a   Code   RO         2738    i._sputc            mc_w.l(printfa.o)
    0x0800e40c   0x0800e40c   0x00000050   Code   RO         2754    i.free              mc_w.l(malloc.o)
    0x0800e45c   0x0800e45c   0x00000010   Code   RO         2830    i.log               m_wm.l(log.o)
    0x0800e46c   0x0800e46c   0x0000006c   Code   RO         2755    i.malloc            mc_w.l(malloc.o)
    0x0800e4d8   0x0800e4d8   0x0000001c   Data   RO          497    .constdata          stm32f4xx_fsmc.o
    0x0800e4f4   0x0800e4f4   0x00001c34   Data   RO          691    .constdata          lcd.o
    0x08010128   0x08010128   0x00000800   Data   RO         2383    .constdata          arm_cortexM4lf_math.lib(arm_common_tables.o)
    0x08010928   0x08010928   0x00008000   Data   RO         2392    .constdata          arm_cortexM4lf_math.lib(arm_common_tables.o)
    0x08018928   0x08018928   0x00000804   Data   RO         2439    .constdata          arm_cortexM4lf_math.lib(arm_common_tables.o)
    0x0801912c   0x0801912c   0x00000004   PAD
    0x08019130   0x08019130   0x00000038   Data   RO         2831    .constdata          m_wm.l(log.o)
    0x08019168   0x08019168   0x00000020   Data   RO         2843    .constdata          m_wm.l(rredf.o)
    0x08019188   0x08019188   0x00000008   Data   RO         2896    .constdata          m_wm.l(qnan.o)
    0x08019190   0x08019190   0x00000020   Data   RO         2901    Region$$Table       anon$$obj.o


    Execution Region RW_IRAM1 (Exec base: 0x20000000, Load base: 0x080191b0, Size: 0x0001b640, Max: 0x00020000, ABSOLUTE, COMPRESSED[0x00000088])

    Exec Addr    Load Addr    Size         Type   Attr      Idx    E Section Name        Object

    0x20000000   COMPRESSED   0x00000004   Data   RW            5    .data               common.o
    0x20000004   COMPRESSED   0x00000004   PAD
    0x20000008   COMPRESSED   0x00000074   Data   RW          141    .data               main.o
    0x2000007c   COMPRESSED   0x00000014   Data   RW          282    .data               system_stm32f4xx.o
    0x20000090   COMPRESSED   0x00000010   Data   RW          415    .data               stm32f4xx_rcc.o
    0x200000a0   COMPRESSED   0x00000004   Data   RW          566    .data               dac.o
    0x200000a4   COMPRESSED   0x00000001   Data   RW          592    .data               dma.o
    0x200000a5   COMPRESSED   0x00000003   PAD
    0x200000a8   COMPRESSED   0x0000000c   Data   RW          638    .data               timer.o
    0x200000b4   COMPRESSED   0x00000012   Data   RW          692    .data               lcd.o
    0x200000c6   COMPRESSED   0x00000002   PAD
    0x200000c8   COMPRESSED   0x00000019   Data   RW          742    .data               fft.o
    0x200000e1   COMPRESSED   0x00000001   PAD
    0x200000e2   COMPRESSED   0x00000006   Data   RW          769    .data               w25qxx.o
    0x200000e8   COMPRESSED   0x00000006   Data   RW          815    .data               key.o
    0x200000ee   COMPRESSED   0x00000012   Data   RW          855    .data               touch.o
    0x20000100   COMPRESSED   0x0000001d   Data   RW          882    .data               xpt2046.o
    0x2000011d   COMPRESSED   0x00000003   PAD
    0x20000120   COMPRESSED   0x00000014   Data   RW         1032    .data               freqmeas.o
    0x20000134   COMPRESSED   0x0000001e   Data   RW         1059    .data               arm_cmsis_dsp.o
    0x20000152   COMPRESSED   0x00000002   PAD
    0x20000154   COMPRESSED   0x00000004   Data   RW         2861    .data               mc_w.l(stdout.o)
    0x20000158   COMPRESSED   0x00000004   Data   RW         2874    .data               mc_w.l(mvars.o)
    0x2000015c   COMPRESSED   0x00000004   Data   RW         2875    .data               mc_w.l(mvars.o)
    0x20000160   COMPRESSED   0x00000004   Data   RW         2879    .data               mc_w.l(errno.o)
    0x20000164        -       0x00005abc   Zero   RW          140    .bss                main.o
    0x20005c20        -       0x00006000   Zero   RW          540    .bss                adc.o
    0x2000bc20        -       0x00000064   Zero   RW          661    .bss                uart.o
    0x2000bc84        -       0x0000e000   Zero   RW          741    .bss                fft.o
    0x20019c84        -       0x00001000   Zero   RW          768    .bss                w25qxx.o
    0x2001ac84        -       0x000003bc   Zero   RW         1058    .bss                arm_cmsis_dsp.o
    0x2001b040        -       0x00000200   Zero   RW          306    HEAP                startup_stm32f40_41xxx.o
    0x2001b240        -       0x00000400   Zero   RW          305    STACK               startup_stm32f40_41xxx.o


==============================================================================

Image component sizes


      Code (inc. data)   RO Data    RW Data    ZI Data      Debug   Object Name

       312         26          0          0          0       1189   ad9833.o
       472         26          0          0      24576       1718   adc.o
      3536         66          0         30        956      39325   arm_cmsis_dsp.o
       796         40          0          4          0     333810   common.o
       136         16          0          4          0       1259   dac.o
       256         14          0          1          0       1929   dma.o
       652         60          0         25      57344       3138   fft.o
         0          0          0         20          0        425   freqmeas.o
       324         46          0          6          0       1267   key.o
      4024        134       7220         18          0      12874   lcd.o
        64          4          0          0          0        523   led.o
      1800        320          0        116      23228      19273   main.o
      1484         56          0          0          0       6238   math_helper.o
       224         20          0          0          0       1989   misc.o
       212          8          0          0          0        876   pwm.o
       544         12          0          0          0       1448   spi.o
        36          8        392          0       1536        856   startup_stm32f40_41xxx.o
      1124         24          0          0          0      10858   stm32f4xx_adc.o
       528          6          0          0          0       5213   stm32f4xx_dac.o
       936         32          0          0          0       6565   stm32f4xx_dma.o
      1480         18         28          0          0       5830   stm32f4xx_fsmc.o
       660         44          0          0          0       4333   stm32f4xx_gpio.o
        26          0          0          0          0       1242   stm32f4xx_it.o
      1628         52          0         16          0      13216   stm32f4xx_rcc.o
      1152         36          0          0          0       7077   stm32f4xx_spi.o
      3234         60          0          0          0      23184   stm32f4xx_tim.o
      1108         34          0          0          0       8056   stm32f4xx_usart.o
       528         46          0         20          0       2023   system_stm32f4xx.o
       772         50          0         12          0       3044   timer.o
       644        100          0         18          0       2818   touch.o
       408         16          0          0        100       4057   uart.o
      1066         22          0          6       4096       4832   w25qxx.o
      1096        102          0         29          0       3726   xpt2046.o

    ----------------------------------------------------------------------
     31268       1498       7672        340     111836     534211   Object Totals
         0          0         32          0          0          0   (incl. Generated)
         6          0          0         15          0          0   (incl. Padding)

    ----------------------------------------------------------------------

      Code (inc. data)   RO Data    RW Data    ZI Data      Debug   Library Member Name

       164          0          0          0          0      17122   arm_abs_f32.o
       210          0          0          0          0        890   arm_add_f32.o
       470          0          0          0          0       2290   arm_bitreversal.o
      1696          0          0          0          0       4868   arm_cfft_radix4_f32.o
       192         46          0          0          0        799   arm_cfft_radix4_init_f32.o
       232          0          0          0          0        945   arm_cmplx_conj_f32.o
       220          4          0          0          0        969   arm_cmplx_dot_prod_f32.o
       252          6          0          0          0      14320   arm_cmplx_mag_f32.o
       246          0          0          0          0       1176   arm_cmplx_mag_squared_f32.o
       240          0          0          0          0        971   arm_cmplx_mult_cmplx_f32.o
       228          0          0          0          0       1198   arm_cmplx_mult_real_f32.o
         0          0      36868          0          0       4636   arm_common_tables.o
      1390          6          0          0          0       2271   arm_conv_f32.o
      1478          6          0          0          0       2487   arm_conv_partial_f32.o
       132          0          0          0          0        775   arm_copy_f32.o
      1420          6          0          0          0       2328   arm_correlate_f32.o
       120         12          0          0          0        654   arm_cos_f32.o
       260          4          0          0          0        923   arm_dot_prod_f32.o
       148          0          0          0          0        827   arm_fill_f32.o
      1086          4          0          0          0       2719   arm_fir_decimate_f32.o
        52          0          0          0          0       1068   arm_fir_decimate_init_f32.o
      1330          6          0          0          0       2942   arm_fir_f32.o
        28          0          0          0          0        919   arm_fir_init_f32.o
       860          6          0          0          0       2290   arm_fir_interpolate_f32.o
        54          0          0          0          0       1095   arm_fir_interpolate_init_f32.o
       824          6          0          0          0       2058   arm_lms_f32.o
        44          0          0          0          0        967   arm_lms_init_f32.o
       976         10          0          0          0       2263   arm_lms_norm_f32.o
        60          4          0          0          0       1020   arm_lms_norm_init_f32.o
       264          0          0          0          0       1482   arm_mat_add_f32.o
         8          0          0          0          0        843   arm_mat_init_f32.o
      1328          4          0          0          0       2718   arm_mat_inverse_f32.o
       316          4          0          0          0       1627   arm_mat_mult_f32.o
       208          0          0          0          0       1448   arm_mat_scale_f32.o
       264          0          0          0          0       1482   arm_mat_sub_f32.o
       276          0          0          0          0       1516   arm_mat_trans_f32.o
       216          0          0          0          0       1286   arm_max_f32.o
       144          6          0          0          0        783   arm_mean_f32.o
       216          0          0          0          0       1286   arm_min_f32.o
       210          0          0          0          0        951   arm_mult_f32.o
       164          0          0          0          0        809   arm_negate_f32.o
       164          0          0          0          0        825   arm_offset_f32.o
        56          0          0          0          0        559   arm_pid_init_f32.o
        10          0          0          0          0        508   arm_pid_reset_f32.o
       204          6          0          0          0        912   arm_power_f32.o
       236          4          0          0          0       1006   arm_rms_f32.o
       152          0          0          0          0        808   arm_scale_f32.o
       304          0          0          0          0      14416   arm_shift_q31.o
       116         12          0          0          0        658   arm_sin_f32.o
       308          4          0          0          0       1158   arm_std_f32.o
       210          0          0          0          0        890   arm_sub_f32.o
       292          6          0          0          0       1054   arm_var_f32.o
       100         28          0          0          0        372   dunder.o
        38          0          0          0          0        116   fpclassifyf.o
        38         12          0          0          0        348   funder.o
       980         92         56          0          0        440   log.o
       304         44          0          0          0        200   log10.o
       248          0          0          0          0        152   poly.o
         0          0          8          0          0          0   qnan.o
       340         24         32          0          0        160   rredf.o
       400         56          0          0          0        212   sinf.o
        86          0          0          0          0          0   __dczerorl2.o
         0          0          0          0          0          0   entry.o
         0          0          0          0          0          0   entry10a.o
         0          0          0          0          0          0   entry11a.o
         4          0          0          0          0          0   entry12b.o
         8          4          0          0          0          0   entry2.o
         4          0          0          0          0          0   entry5.o
         0          0          0          0          0          0   entry7b.o
         0          0          0          0          0          0   entry8b.o
         8          4          0          0          0          0   entry9a.o
        12          6          0          4          0         68   errno.o
        30          0          0          0          0          0   handlers.o
        36          8          0          0          0         68   init.o
         0          0          0          0          0          0   iusefp.o
        30          0          0          0          0         68   llshl.o
        36          0          0          0          0         68   llsshr.o
        32          0          0          0          0         68   llushr.o
       188         20          0          0          0        160   malloc.o
        36          0          0          0          0        108   memseta.o
         0          0          0          8          0          0   mvars.o
      2268         96          0          0          0        616   printfa.o
         0          0          0          4          0          0   stdout.o
        44          0          0          0          0         80   uidiv.o
        98          0          0          0          0         92   uldiv.o
        48          0          0          0          0         68   cdcmple.o
        48          0          0          0          0         68   cdrcmple.o
        56          0          0          0          0         88   d2f.o
       334          0          0          0          0        148   dadd.o
       222          0          0          0          0        100   ddiv.o
       186          0          0          0          0        176   depilogue.o
        62          0          0          0          0         80   dfixi.o
        48          0          0          0          0         68   dfixul.o
        34          0          0          0          0         76   dflti.o
        26          0          0          0          0         76   dfltui.o
       228          0          0          0          0         96   dmul.o
        38          0          0          0          0         68   f2d.o
       110          0          0          0          0        168   fepilogue.o

    ----------------------------------------------------------------------
     26924        570      36968         16          0     121491   Library Totals
        38          4          4          0          0          0   (incl. Padding)

    ----------------------------------------------------------------------

      Code (inc. data)   RO Data    RW Data    ZI Data      Debug   Library Name

     20078        172      36868          0          0     116815   arm_cortexM4lf_math.lib
      2448        256         96          0          0       2000   m_wm.l
      2920        138          0         16          0       1396   mc_w.l
      1440          0          0          0          0       1280   mf_w.l

    ----------------------------------------------------------------------
     26924        570      36968         16          0     121491   Library Totals

    ----------------------------------------------------------------------

==============================================================================


      Code (inc. data)   RO Data    RW Data    ZI Data      Debug   

     58192       2068      44640        356     111836     642682   Grand Totals
     58192       2068      44640        136     111836     642682   ELF Image Totals (compressed)
     58192       2068      44640        136          0          0   ROM Totals

==============================================================================

    Total RO  Size (Code + RO Data)               102832 ( 100.42kB)
    Total RW  Size (RW Data + ZI Data)            112192 ( 109.56kB)
    Total ROM Size (Code + RO Data + RW Data)     102968 ( 100.55kB)

==============================================================================

