<html>
<body>
<pre>
<h1>µVision Build Log</h1>
<h2>Tool Versions:</h2>
IDE-Version: ¦ÌVision V5.40.0.0
Copyright (C) 2024 ARM Ltd and ARM Germany GmbH. All rights reserved.
License Information: Frederick Young, NBU, LIC=21E4T-RFZ9E-9UA4U-S7RAA-YESBA-2KHDP
 
Tool Versions:
Toolchain:       MDK-ARM Plus  Version: 5.40.0.3
Toolchain Path:  D:\MDK5stm32\install\ARM\ARMCC\Bin
C Compiler:      Armcc.exe V5.06 update 7 (build 960)
Assembler:       Armasm.exe V5.06 update 7 (build 960)
Linker/Locator:  ArmLink.exe V5.06 update 7 (build 960)
Library Manager: ArmAr.exe V5.06 update 7 (build 960)
Hex Converter:   FromElf.exe V5.06 update 7 (build 960)
CPU DLL:         SARMCM3.DLL V5.40.0.3
Dialog DLL:      DCM.DLL V1.17.5.0
Target DLL:      STLink\ST-LINKIII-KEIL_SWO.dll V3.3.0.0
Dialog DLL:      TCM.DLL V1.56.4.0
 
<h2>Project:</h2>
D:\2025DS\STM32F407\Project\STM32F407_ProjectTemplate.uvprojx
Project File Date:  07/02/2025

<h2>Output:</h2>
*** Using Compiler 'V5.06 update 7 (build 960)', folder: 'D:\MDK5stm32\install\ARM\ARMCC\Bin'
Rebuild target 'ProjectTemplate'
assembling startup_stm32f40_41xxx.s...
compiling stm32f4xx_usart.c...
compiling stm32f4xx_it.c...
compiling stm32f4xx_gpio.c...
compiling system_stm32f4xx.c...
compiling misc.c...
compiling stm32f4xx_adc.c...
compiling common.c...
compiling stm32f4xx_spi.c...
compiling stm32f4xx_fsmc.c...
compiling stm32f4xx_dma.c...
compiling stm32f4xx_dac.c...
compiling stm32f4xx_i2c.c...
compiling stm32f4xx_rcc.c...
compiling stm32f4xx_tim.c...
compiling main.c...
..\USER\inc\arm_cmsis_dsp.h(681): warning:  #9-D: nested comment is not allowed
  			/*
..\Main\main.c(69): warning:  #1035-D: single-precision operand implicitly converted to double-precision
          rounded_fc = (int)((data + 2.5) / 5) * 5;
..\Main\main.c: 2 warnings, 0 errors
compiling adc.c...
compiling dac.c...
..\USER\src\dac.c(15): warning:  #1278-D: excess initializers are ignored
  u16 DAC1_Data_Tx[DataSize] = {1650,1684,1719,1753,1787,1821,1855,1889,1923,1957,1990,2023,2056,2089,2122,2154,2186,
..\USER\src\dac.c: 1 warning, 0 errors
compiling dma.c...
compiling spi.c...
compiling uart.c...
compiling timer.c...
..\USER\src\timer.c(256): warning:  #1-D: last line of file ends without a newline
  }
..\USER\src\timer.c: 1 warning, 0 errors
compiling i2c.c...
compiling lcd.c...
compiling fft.c...
compiling w25qxx.c...
compiling led.c...
compiling key.c...
compiling math_helper.c...
compiling pid.c...
compiling touch.c...
..\USER\src\touch.c(63): warning:  #177-D: variable "i"  was declared but never referenced
  	u8 i=0;	  
..\USER\src\touch.c: 1 warning, 0 errors
compiling xpt2046.c...
compiling convolution.c...
..\USER\src\convolution.c(118): warning:  #223-D: function "printf" declared implicitly
  		printf("%.2f ",AxB[i]);
..\USER\src\convolution.c(123): warning:  #223-D: function "printf" declared implicitly
  	printf("DONE!");
..\USER\src\convolution.c(125): warning:  #1-D: last line of file ends without a newline
  }
..\USER\src\convolution.c(125): warning:  #940-D: missing return statement at end of non-void function "convolution" 
  }
..\USER\src\convolution.c(83): warning:  #550-D: variable "status"  was set but never used
    arm_status status;                           /* Status of the example */
..\USER\src\convolution.c: 5 warnings, 0 errors
compiling GPIO.c...
compiling AD9833.c...
compiling pwm.c...
compiling freqmeas.c...
compiling arm_cmsis_dsp.c...
..\USER\inc\arm_cmsis_dsp.h(681): warning:  #9-D: nested comment is not allowed
  			/*
..\USER\src\arm_cmsis_dsp.c: 1 warning, 0 errors
linking...
Program Size: Code=32656 RO-data=42488 RW-data=208 ZI-data=26000  
FromELF: creating hex file...
".\Objects\STM32F407_ProjectTemplate.axf" - 0 Error(s), 11 Warning(s).

<h2>Software Packages used:</h2>

Package Vendor: Keil
                https://www.keil.com/pack/Keil.STM32F4xx_DFP.3.1.0.pack
                Keil::STM32F4xx_DFP@3.1.0
                STMicroelectronics STM32F4 Series Device Support

<h2>Collection of Component include folders:</h2>

<h2>Collection of Component Files used:</h2>
Build Time Elapsed:  00:00:03
</pre>
</body>
</html>
